<!doctype html public "-//w3c//dtd html 4.0 transitional//en">
<html><head>
<title>Static Call Graph - [.\Objects\AutomotiveSmartSafetySystem.axf]</title></head>
<body><HR>
<H1>Static Call Graph for image .\Objects\AutomotiveSmartSafetySystem.axf</H1><HR>
<BR><P>#&#060CALLGRAPH&#062# ARM Linker, 6190004: Last Updated: Sat Apr 12 02:15:09 2025
<BR><P>
<H3>Maximum Stack Usage =        204 bytes + Unknown(Functions without stacksize, Cycles, Untraceable Function Pointers)</H3><H3>
Call chain for Maximum Stack Depth:</H3>
SysTick_Handler &rArr; xPortSysTickHandler &rArr; xTaskIncrementTick &rArr; EvrFreeRTOSTasks_PostMovedTaskToReadyState &rArr; EventRecord2 &rArr; EventRecordItem &rArr; UnlockRecord
<P>
<H3>
Functions with no stack information
</H3><UL>
 <LI><a href="#[7c]">__user_initial_stackheap</a>
</UL>
</UL>
<P>
<H3>
Mutually Recursive functions
</H3> <LI><a href="#[1]">NMI_Handler</a>&nbsp;&nbsp;&nbsp;&rArr;&nbsp;&nbsp;&nbsp;<a href="#[1]">NMI_Handler</a><BR>
 <LI><a href="#[2]">HardFault_Handler</a>&nbsp;&nbsp;&nbsp;&rArr;&nbsp;&nbsp;&nbsp;<a href="#[2]">HardFault_Handler</a><BR>
 <LI><a href="#[3]">MemManage_Handler</a>&nbsp;&nbsp;&nbsp;&rArr;&nbsp;&nbsp;&nbsp;<a href="#[3]">MemManage_Handler</a><BR>
 <LI><a href="#[4]">BusFault_Handler</a>&nbsp;&nbsp;&nbsp;&rArr;&nbsp;&nbsp;&nbsp;<a href="#[4]">BusFault_Handler</a><BR>
 <LI><a href="#[5]">UsageFault_Handler</a>&nbsp;&nbsp;&nbsp;&rArr;&nbsp;&nbsp;&nbsp;<a href="#[5]">UsageFault_Handler</a><BR>
 <LI><a href="#[7]">DebugMon_Handler</a>&nbsp;&nbsp;&nbsp;&rArr;&nbsp;&nbsp;&nbsp;<a href="#[7]">DebugMon_Handler</a><BR>
 <LI><a href="#[a]">GPIOA_Handler</a>&nbsp;&nbsp;&nbsp;&rArr;&nbsp;&nbsp;&nbsp;<a href="#[a]">GPIOA_Handler</a><BR>
 <LI><a href="#[b]">GPIOB_Handler</a>&nbsp;&nbsp;&nbsp;&rArr;&nbsp;&nbsp;&nbsp;<a href="#[b]">GPIOB_Handler</a><BR>
 <LI><a href="#[c]">GPIOC_Handler</a>&nbsp;&nbsp;&nbsp;&rArr;&nbsp;&nbsp;&nbsp;<a href="#[c]">GPIOC_Handler</a><BR>
 <LI><a href="#[d]">GPIOD_Handler</a>&nbsp;&nbsp;&nbsp;&rArr;&nbsp;&nbsp;&nbsp;<a href="#[d]">GPIOD_Handler</a><BR>
 <LI><a href="#[e]">GPIOE_Handler</a>&nbsp;&nbsp;&nbsp;&rArr;&nbsp;&nbsp;&nbsp;<a href="#[e]">GPIOE_Handler</a><BR>
 <LI><a href="#[f]">UART0_Handler</a>&nbsp;&nbsp;&nbsp;&rArr;&nbsp;&nbsp;&nbsp;<a href="#[f]">UART0_Handler</a><BR>
 <LI><a href="#[10]">UART1_Handler</a>&nbsp;&nbsp;&nbsp;&rArr;&nbsp;&nbsp;&nbsp;<a href="#[10]">UART1_Handler</a><BR>
 <LI><a href="#[11]">SSI0_Handler</a>&nbsp;&nbsp;&nbsp;&rArr;&nbsp;&nbsp;&nbsp;<a href="#[11]">SSI0_Handler</a><BR>
 <LI><a href="#[12]">I2C0_Handler</a>&nbsp;&nbsp;&nbsp;&rArr;&nbsp;&nbsp;&nbsp;<a href="#[12]">I2C0_Handler</a><BR>
 <LI><a href="#[13]">PMW0_FAULT_Handler</a>&nbsp;&nbsp;&nbsp;&rArr;&nbsp;&nbsp;&nbsp;<a href="#[13]">PMW0_FAULT_Handler</a><BR>
 <LI><a href="#[14]">PWM0_0_Handler</a>&nbsp;&nbsp;&nbsp;&rArr;&nbsp;&nbsp;&nbsp;<a href="#[14]">PWM0_0_Handler</a><BR>
 <LI><a href="#[15]">PWM0_1_Handler</a>&nbsp;&nbsp;&nbsp;&rArr;&nbsp;&nbsp;&nbsp;<a href="#[15]">PWM0_1_Handler</a><BR>
 <LI><a href="#[16]">PWM0_2_Handler</a>&nbsp;&nbsp;&nbsp;&rArr;&nbsp;&nbsp;&nbsp;<a href="#[16]">PWM0_2_Handler</a><BR>
 <LI><a href="#[17]">QEI0_Handler</a>&nbsp;&nbsp;&nbsp;&rArr;&nbsp;&nbsp;&nbsp;<a href="#[17]">QEI0_Handler</a><BR>
 <LI><a href="#[18]">ADC0SS0_Handler</a>&nbsp;&nbsp;&nbsp;&rArr;&nbsp;&nbsp;&nbsp;<a href="#[18]">ADC0SS0_Handler</a><BR>
 <LI><a href="#[19]">ADC0SS1_Handler</a>&nbsp;&nbsp;&nbsp;&rArr;&nbsp;&nbsp;&nbsp;<a href="#[19]">ADC0SS1_Handler</a><BR>
 <LI><a href="#[1a]">ADC0SS2_Handler</a>&nbsp;&nbsp;&nbsp;&rArr;&nbsp;&nbsp;&nbsp;<a href="#[1a]">ADC0SS2_Handler</a><BR>
 <LI><a href="#[1b]">ADC0SS3_Handler</a>&nbsp;&nbsp;&nbsp;&rArr;&nbsp;&nbsp;&nbsp;<a href="#[1b]">ADC0SS3_Handler</a><BR>
 <LI><a href="#[1c]">WDT0_Handler</a>&nbsp;&nbsp;&nbsp;&rArr;&nbsp;&nbsp;&nbsp;<a href="#[1c]">WDT0_Handler</a><BR>
 <LI><a href="#[1d]">TIMER0A_Handler</a>&nbsp;&nbsp;&nbsp;&rArr;&nbsp;&nbsp;&nbsp;<a href="#[1d]">TIMER0A_Handler</a><BR>
 <LI><a href="#[1e]">TIMER0B_Handler</a>&nbsp;&nbsp;&nbsp;&rArr;&nbsp;&nbsp;&nbsp;<a href="#[1e]">TIMER0B_Handler</a><BR>
 <LI><a href="#[1f]">TIMER1A_Handler</a>&nbsp;&nbsp;&nbsp;&rArr;&nbsp;&nbsp;&nbsp;<a href="#[1f]">TIMER1A_Handler</a><BR>
 <LI><a href="#[20]">TIMER1B_Handler</a>&nbsp;&nbsp;&nbsp;&rArr;&nbsp;&nbsp;&nbsp;<a href="#[20]">TIMER1B_Handler</a><BR>
 <LI><a href="#[21]">TIMER2A_Handler</a>&nbsp;&nbsp;&nbsp;&rArr;&nbsp;&nbsp;&nbsp;<a href="#[21]">TIMER2A_Handler</a><BR>
 <LI><a href="#[22]">TIMER2B_Handler</a>&nbsp;&nbsp;&nbsp;&rArr;&nbsp;&nbsp;&nbsp;<a href="#[22]">TIMER2B_Handler</a><BR>
 <LI><a href="#[23]">COMP0_Handler</a>&nbsp;&nbsp;&nbsp;&rArr;&nbsp;&nbsp;&nbsp;<a href="#[23]">COMP0_Handler</a><BR>
 <LI><a href="#[24]">COMP1_Handler</a>&nbsp;&nbsp;&nbsp;&rArr;&nbsp;&nbsp;&nbsp;<a href="#[24]">COMP1_Handler</a><BR>
 <LI><a href="#[25]">COMP2_Handler</a>&nbsp;&nbsp;&nbsp;&rArr;&nbsp;&nbsp;&nbsp;<a href="#[25]">COMP2_Handler</a><BR>
 <LI><a href="#[26]">SYSCTL_Handler</a>&nbsp;&nbsp;&nbsp;&rArr;&nbsp;&nbsp;&nbsp;<a href="#[26]">SYSCTL_Handler</a><BR>
 <LI><a href="#[27]">FLASH_Handler</a>&nbsp;&nbsp;&nbsp;&rArr;&nbsp;&nbsp;&nbsp;<a href="#[27]">FLASH_Handler</a><BR>
 <LI><a href="#[28]">GPIOF_Handler</a>&nbsp;&nbsp;&nbsp;&rArr;&nbsp;&nbsp;&nbsp;<a href="#[28]">GPIOF_Handler</a><BR>
 <LI><a href="#[29]">GPIOG_Handler</a>&nbsp;&nbsp;&nbsp;&rArr;&nbsp;&nbsp;&nbsp;<a href="#[29]">GPIOG_Handler</a><BR>
 <LI><a href="#[2a]">GPIOH_Handler</a>&nbsp;&nbsp;&nbsp;&rArr;&nbsp;&nbsp;&nbsp;<a href="#[2a]">GPIOH_Handler</a><BR>
 <LI><a href="#[2b]">UART2_Handler</a>&nbsp;&nbsp;&nbsp;&rArr;&nbsp;&nbsp;&nbsp;<a href="#[2b]">UART2_Handler</a><BR>
 <LI><a href="#[2c]">SSI1_Handler</a>&nbsp;&nbsp;&nbsp;&rArr;&nbsp;&nbsp;&nbsp;<a href="#[2c]">SSI1_Handler</a><BR>
 <LI><a href="#[2d]">TIMER3A_Handler</a>&nbsp;&nbsp;&nbsp;&rArr;&nbsp;&nbsp;&nbsp;<a href="#[2d]">TIMER3A_Handler</a><BR>
 <LI><a href="#[2e]">TIMER3B_Handler</a>&nbsp;&nbsp;&nbsp;&rArr;&nbsp;&nbsp;&nbsp;<a href="#[2e]">TIMER3B_Handler</a><BR>
 <LI><a href="#[2f]">I2C1_Handler</a>&nbsp;&nbsp;&nbsp;&rArr;&nbsp;&nbsp;&nbsp;<a href="#[2f]">I2C1_Handler</a><BR>
 <LI><a href="#[30]">QEI1_Handler</a>&nbsp;&nbsp;&nbsp;&rArr;&nbsp;&nbsp;&nbsp;<a href="#[30]">QEI1_Handler</a><BR>
 <LI><a href="#[31]">CAN0_Handler</a>&nbsp;&nbsp;&nbsp;&rArr;&nbsp;&nbsp;&nbsp;<a href="#[31]">CAN0_Handler</a><BR>
 <LI><a href="#[32]">CAN1_Handler</a>&nbsp;&nbsp;&nbsp;&rArr;&nbsp;&nbsp;&nbsp;<a href="#[32]">CAN1_Handler</a><BR>
 <LI><a href="#[33]">CAN2_Handler</a>&nbsp;&nbsp;&nbsp;&rArr;&nbsp;&nbsp;&nbsp;<a href="#[33]">CAN2_Handler</a><BR>
 <LI><a href="#[34]">HIB_Handler</a>&nbsp;&nbsp;&nbsp;&rArr;&nbsp;&nbsp;&nbsp;<a href="#[34]">HIB_Handler</a><BR>
 <LI><a href="#[35]">USB0_Handler</a>&nbsp;&nbsp;&nbsp;&rArr;&nbsp;&nbsp;&nbsp;<a href="#[35]">USB0_Handler</a><BR>
 <LI><a href="#[36]">PWM0_3_Handler</a>&nbsp;&nbsp;&nbsp;&rArr;&nbsp;&nbsp;&nbsp;<a href="#[36]">PWM0_3_Handler</a><BR>
 <LI><a href="#[37]">UDMA_Handler</a>&nbsp;&nbsp;&nbsp;&rArr;&nbsp;&nbsp;&nbsp;<a href="#[37]">UDMA_Handler</a><BR>
 <LI><a href="#[38]">UDMAERR_Handler</a>&nbsp;&nbsp;&nbsp;&rArr;&nbsp;&nbsp;&nbsp;<a href="#[38]">UDMAERR_Handler</a><BR>
 <LI><a href="#[39]">ADC1SS0_Handler</a>&nbsp;&nbsp;&nbsp;&rArr;&nbsp;&nbsp;&nbsp;<a href="#[39]">ADC1SS0_Handler</a><BR>
 <LI><a href="#[3a]">ADC1SS1_Handler</a>&nbsp;&nbsp;&nbsp;&rArr;&nbsp;&nbsp;&nbsp;<a href="#[3a]">ADC1SS1_Handler</a><BR>
 <LI><a href="#[3b]">ADC1SS2_Handler</a>&nbsp;&nbsp;&nbsp;&rArr;&nbsp;&nbsp;&nbsp;<a href="#[3b]">ADC1SS2_Handler</a><BR>
 <LI><a href="#[3c]">ADC1SS3_Handler</a>&nbsp;&nbsp;&nbsp;&rArr;&nbsp;&nbsp;&nbsp;<a href="#[3c]">ADC1SS3_Handler</a><BR>
 <LI><a href="#[3d]">GPIOJ_Handler</a>&nbsp;&nbsp;&nbsp;&rArr;&nbsp;&nbsp;&nbsp;<a href="#[3d]">GPIOJ_Handler</a><BR>
 <LI><a href="#[3e]">GPIOK_Handler</a>&nbsp;&nbsp;&nbsp;&rArr;&nbsp;&nbsp;&nbsp;<a href="#[3e]">GPIOK_Handler</a><BR>
 <LI><a href="#[3f]">GPIOL_Handler</a>&nbsp;&nbsp;&nbsp;&rArr;&nbsp;&nbsp;&nbsp;<a href="#[3f]">GPIOL_Handler</a><BR>
 <LI><a href="#[40]">SSI2_Handler</a>&nbsp;&nbsp;&nbsp;&rArr;&nbsp;&nbsp;&nbsp;<a href="#[40]">SSI2_Handler</a><BR>
 <LI><a href="#[41]">SSI3_Handler</a>&nbsp;&nbsp;&nbsp;&rArr;&nbsp;&nbsp;&nbsp;<a href="#[41]">SSI3_Handler</a><BR>
 <LI><a href="#[42]">UART3_Handler</a>&nbsp;&nbsp;&nbsp;&rArr;&nbsp;&nbsp;&nbsp;<a href="#[42]">UART3_Handler</a><BR>
 <LI><a href="#[43]">UART4_Handler</a>&nbsp;&nbsp;&nbsp;&rArr;&nbsp;&nbsp;&nbsp;<a href="#[43]">UART4_Handler</a><BR>
 <LI><a href="#[44]">UART5_Handler</a>&nbsp;&nbsp;&nbsp;&rArr;&nbsp;&nbsp;&nbsp;<a href="#[44]">UART5_Handler</a><BR>
 <LI><a href="#[45]">UART6_Handler</a>&nbsp;&nbsp;&nbsp;&rArr;&nbsp;&nbsp;&nbsp;<a href="#[45]">UART6_Handler</a><BR>
 <LI><a href="#[46]">UART7_Handler</a>&nbsp;&nbsp;&nbsp;&rArr;&nbsp;&nbsp;&nbsp;<a href="#[46]">UART7_Handler</a><BR>
 <LI><a href="#[47]">I2C2_Handler</a>&nbsp;&nbsp;&nbsp;&rArr;&nbsp;&nbsp;&nbsp;<a href="#[47]">I2C2_Handler</a><BR>
 <LI><a href="#[48]">I2C3_Handler</a>&nbsp;&nbsp;&nbsp;&rArr;&nbsp;&nbsp;&nbsp;<a href="#[48]">I2C3_Handler</a><BR>
 <LI><a href="#[49]">TIMER4A_Handler</a>&nbsp;&nbsp;&nbsp;&rArr;&nbsp;&nbsp;&nbsp;<a href="#[49]">TIMER4A_Handler</a><BR>
 <LI><a href="#[4a]">TIMER4B_Handler</a>&nbsp;&nbsp;&nbsp;&rArr;&nbsp;&nbsp;&nbsp;<a href="#[4a]">TIMER4B_Handler</a><BR>
 <LI><a href="#[4b]">TIMER5A_Handler</a>&nbsp;&nbsp;&nbsp;&rArr;&nbsp;&nbsp;&nbsp;<a href="#[4b]">TIMER5A_Handler</a><BR>
 <LI><a href="#[4c]">TIMER5B_Handler</a>&nbsp;&nbsp;&nbsp;&rArr;&nbsp;&nbsp;&nbsp;<a href="#[4c]">TIMER5B_Handler</a><BR>
 <LI><a href="#[4d]">WTIMER0A_Handler</a>&nbsp;&nbsp;&nbsp;&rArr;&nbsp;&nbsp;&nbsp;<a href="#[4d]">WTIMER0A_Handler</a><BR>
 <LI><a href="#[4e]">WTIMER0B_Handler</a>&nbsp;&nbsp;&nbsp;&rArr;&nbsp;&nbsp;&nbsp;<a href="#[4e]">WTIMER0B_Handler</a><BR>
 <LI><a href="#[4f]">WTIMER1A_Handler</a>&nbsp;&nbsp;&nbsp;&rArr;&nbsp;&nbsp;&nbsp;<a href="#[4f]">WTIMER1A_Handler</a><BR>
 <LI><a href="#[50]">WTIMER1B_Handler</a>&nbsp;&nbsp;&nbsp;&rArr;&nbsp;&nbsp;&nbsp;<a href="#[50]">WTIMER1B_Handler</a><BR>
 <LI><a href="#[51]">WTIMER2A_Handler</a>&nbsp;&nbsp;&nbsp;&rArr;&nbsp;&nbsp;&nbsp;<a href="#[51]">WTIMER2A_Handler</a><BR>
 <LI><a href="#[52]">WTIMER2B_Handler</a>&nbsp;&nbsp;&nbsp;&rArr;&nbsp;&nbsp;&nbsp;<a href="#[52]">WTIMER2B_Handler</a><BR>
 <LI><a href="#[53]">WTIMER3A_Handler</a>&nbsp;&nbsp;&nbsp;&rArr;&nbsp;&nbsp;&nbsp;<a href="#[53]">WTIMER3A_Handler</a><BR>
 <LI><a href="#[54]">WTIMER3B_Handler</a>&nbsp;&nbsp;&nbsp;&rArr;&nbsp;&nbsp;&nbsp;<a href="#[54]">WTIMER3B_Handler</a><BR>
 <LI><a href="#[55]">WTIMER4A_Handler</a>&nbsp;&nbsp;&nbsp;&rArr;&nbsp;&nbsp;&nbsp;<a href="#[55]">WTIMER4A_Handler</a><BR>
 <LI><a href="#[56]">WTIMER4B_Handler</a>&nbsp;&nbsp;&nbsp;&rArr;&nbsp;&nbsp;&nbsp;<a href="#[56]">WTIMER4B_Handler</a><BR>
 <LI><a href="#[57]">WTIMER5A_Handler</a>&nbsp;&nbsp;&nbsp;&rArr;&nbsp;&nbsp;&nbsp;<a href="#[57]">WTIMER5A_Handler</a><BR>
 <LI><a href="#[58]">WTIMER5B_Handler</a>&nbsp;&nbsp;&nbsp;&rArr;&nbsp;&nbsp;&nbsp;<a href="#[58]">WTIMER5B_Handler</a><BR>
 <LI><a href="#[59]">FPU_Handler</a>&nbsp;&nbsp;&nbsp;&rArr;&nbsp;&nbsp;&nbsp;<a href="#[59]">FPU_Handler</a><BR>
 <LI><a href="#[5a]">I2C4_Handler</a>&nbsp;&nbsp;&nbsp;&rArr;&nbsp;&nbsp;&nbsp;<a href="#[5a]">I2C4_Handler</a><BR>
 <LI><a href="#[5b]">I2C5_Handler</a>&nbsp;&nbsp;&nbsp;&rArr;&nbsp;&nbsp;&nbsp;<a href="#[5b]">I2C5_Handler</a><BR>
 <LI><a href="#[5c]">GPIOM_Handler</a>&nbsp;&nbsp;&nbsp;&rArr;&nbsp;&nbsp;&nbsp;<a href="#[5c]">GPIOM_Handler</a><BR>
 <LI><a href="#[5d]">GPION_Handler</a>&nbsp;&nbsp;&nbsp;&rArr;&nbsp;&nbsp;&nbsp;<a href="#[5d]">GPION_Handler</a><BR>
 <LI><a href="#[5e]">QEI2_Handler</a>&nbsp;&nbsp;&nbsp;&rArr;&nbsp;&nbsp;&nbsp;<a href="#[5e]">QEI2_Handler</a><BR>
 <LI><a href="#[5f]">GPIOP0_Handler</a>&nbsp;&nbsp;&nbsp;&rArr;&nbsp;&nbsp;&nbsp;<a href="#[5f]">GPIOP0_Handler</a><BR>
 <LI><a href="#[60]">GPIOP1_Handler</a>&nbsp;&nbsp;&nbsp;&rArr;&nbsp;&nbsp;&nbsp;<a href="#[60]">GPIOP1_Handler</a><BR>
 <LI><a href="#[61]">GPIOP2_Handler</a>&nbsp;&nbsp;&nbsp;&rArr;&nbsp;&nbsp;&nbsp;<a href="#[61]">GPIOP2_Handler</a><BR>
 <LI><a href="#[62]">GPIOP3_Handler</a>&nbsp;&nbsp;&nbsp;&rArr;&nbsp;&nbsp;&nbsp;<a href="#[62]">GPIOP3_Handler</a><BR>
 <LI><a href="#[63]">GPIOP4_Handler</a>&nbsp;&nbsp;&nbsp;&rArr;&nbsp;&nbsp;&nbsp;<a href="#[63]">GPIOP4_Handler</a><BR>
 <LI><a href="#[64]">GPIOP5_Handler</a>&nbsp;&nbsp;&nbsp;&rArr;&nbsp;&nbsp;&nbsp;<a href="#[64]">GPIOP5_Handler</a><BR>
 <LI><a href="#[65]">GPIOP6_Handler</a>&nbsp;&nbsp;&nbsp;&rArr;&nbsp;&nbsp;&nbsp;<a href="#[65]">GPIOP6_Handler</a><BR>
 <LI><a href="#[66]">GPIOP7_Handler</a>&nbsp;&nbsp;&nbsp;&rArr;&nbsp;&nbsp;&nbsp;<a href="#[66]">GPIOP7_Handler</a><BR>
 <LI><a href="#[67]">GPIOQ0_Handler</a>&nbsp;&nbsp;&nbsp;&rArr;&nbsp;&nbsp;&nbsp;<a href="#[67]">GPIOQ0_Handler</a><BR>
 <LI><a href="#[68]">GPIOQ1_Handler</a>&nbsp;&nbsp;&nbsp;&rArr;&nbsp;&nbsp;&nbsp;<a href="#[68]">GPIOQ1_Handler</a><BR>
 <LI><a href="#[69]">GPIOQ2_Handler</a>&nbsp;&nbsp;&nbsp;&rArr;&nbsp;&nbsp;&nbsp;<a href="#[69]">GPIOQ2_Handler</a><BR>
 <LI><a href="#[6a]">GPIOQ3_Handler</a>&nbsp;&nbsp;&nbsp;&rArr;&nbsp;&nbsp;&nbsp;<a href="#[6a]">GPIOQ3_Handler</a><BR>
 <LI><a href="#[6b]">GPIOQ4_Handler</a>&nbsp;&nbsp;&nbsp;&rArr;&nbsp;&nbsp;&nbsp;<a href="#[6b]">GPIOQ4_Handler</a><BR>
 <LI><a href="#[6c]">GPIOQ5_Handler</a>&nbsp;&nbsp;&nbsp;&rArr;&nbsp;&nbsp;&nbsp;<a href="#[6c]">GPIOQ5_Handler</a><BR>
 <LI><a href="#[6d]">GPIOQ6_Handler</a>&nbsp;&nbsp;&nbsp;&rArr;&nbsp;&nbsp;&nbsp;<a href="#[6d]">GPIOQ6_Handler</a><BR>
 <LI><a href="#[6e]">GPIOQ7_Handler</a>&nbsp;&nbsp;&nbsp;&rArr;&nbsp;&nbsp;&nbsp;<a href="#[6e]">GPIOQ7_Handler</a><BR>
 <LI><a href="#[6f]">GPIOR_Handler</a>&nbsp;&nbsp;&nbsp;&rArr;&nbsp;&nbsp;&nbsp;<a href="#[6f]">GPIOR_Handler</a><BR>
 <LI><a href="#[70]">GPIOS_Handler</a>&nbsp;&nbsp;&nbsp;&rArr;&nbsp;&nbsp;&nbsp;<a href="#[70]">GPIOS_Handler</a><BR>
 <LI><a href="#[71]">PMW1_0_Handler</a>&nbsp;&nbsp;&nbsp;&rArr;&nbsp;&nbsp;&nbsp;<a href="#[71]">PMW1_0_Handler</a><BR>
 <LI><a href="#[72]">PWM1_1_Handler</a>&nbsp;&nbsp;&nbsp;&rArr;&nbsp;&nbsp;&nbsp;<a href="#[72]">PWM1_1_Handler</a><BR>
 <LI><a href="#[73]">PWM1_2_Handler</a>&nbsp;&nbsp;&nbsp;&rArr;&nbsp;&nbsp;&nbsp;<a href="#[73]">PWM1_2_Handler</a><BR>
 <LI><a href="#[74]">PWM1_3_Handler</a>&nbsp;&nbsp;&nbsp;&rArr;&nbsp;&nbsp;&nbsp;<a href="#[74]">PWM1_3_Handler</a><BR>
 <LI><a href="#[75]">PWM1_FAULT_Handler</a>&nbsp;&nbsp;&nbsp;&rArr;&nbsp;&nbsp;&nbsp;<a href="#[75]">PWM1_FAULT_Handler</a><BR>
</UL>
<P>
<H3>
Function Pointers
</H3><UL>
 <LI><a href="#[18]">ADC0SS0_Handler</a> from startup_tm4c123.o(.text) referenced from startup_tm4c123.o(RESET)
 <LI><a href="#[19]">ADC0SS1_Handler</a> from startup_tm4c123.o(.text) referenced from startup_tm4c123.o(RESET)
 <LI><a href="#[1a]">ADC0SS2_Handler</a> from startup_tm4c123.o(.text) referenced from startup_tm4c123.o(RESET)
 <LI><a href="#[1b]">ADC0SS3_Handler</a> from startup_tm4c123.o(.text) referenced from startup_tm4c123.o(RESET)
 <LI><a href="#[39]">ADC1SS0_Handler</a> from startup_tm4c123.o(.text) referenced from startup_tm4c123.o(RESET)
 <LI><a href="#[3a]">ADC1SS1_Handler</a> from startup_tm4c123.o(.text) referenced from startup_tm4c123.o(RESET)
 <LI><a href="#[3b]">ADC1SS2_Handler</a> from startup_tm4c123.o(.text) referenced from startup_tm4c123.o(RESET)
 <LI><a href="#[3c]">ADC1SS3_Handler</a> from startup_tm4c123.o(.text) referenced from startup_tm4c123.o(RESET)
 <LI><a href="#[4]">BusFault_Handler</a> from startup_tm4c123.o(.text) referenced from startup_tm4c123.o(RESET)
 <LI><a href="#[31]">CAN0_Handler</a> from startup_tm4c123.o(.text) referenced from startup_tm4c123.o(RESET)
 <LI><a href="#[32]">CAN1_Handler</a> from startup_tm4c123.o(.text) referenced from startup_tm4c123.o(RESET)
 <LI><a href="#[33]">CAN2_Handler</a> from startup_tm4c123.o(.text) referenced from startup_tm4c123.o(RESET)
 <LI><a href="#[23]">COMP0_Handler</a> from startup_tm4c123.o(.text) referenced from startup_tm4c123.o(RESET)
 <LI><a href="#[24]">COMP1_Handler</a> from startup_tm4c123.o(.text) referenced from startup_tm4c123.o(RESET)
 <LI><a href="#[25]">COMP2_Handler</a> from startup_tm4c123.o(.text) referenced from startup_tm4c123.o(RESET)
 <LI><a href="#[7]">DebugMon_Handler</a> from startup_tm4c123.o(.text) referenced from startup_tm4c123.o(RESET)
 <LI><a href="#[27]">FLASH_Handler</a> from startup_tm4c123.o(.text) referenced from startup_tm4c123.o(RESET)
 <LI><a href="#[59]">FPU_Handler</a> from startup_tm4c123.o(.text) referenced from startup_tm4c123.o(RESET)
 <LI><a href="#[a]">GPIOA_Handler</a> from startup_tm4c123.o(.text) referenced from startup_tm4c123.o(RESET)
 <LI><a href="#[b]">GPIOB_Handler</a> from startup_tm4c123.o(.text) referenced from startup_tm4c123.o(RESET)
 <LI><a href="#[c]">GPIOC_Handler</a> from startup_tm4c123.o(.text) referenced from startup_tm4c123.o(RESET)
 <LI><a href="#[d]">GPIOD_Handler</a> from startup_tm4c123.o(.text) referenced from startup_tm4c123.o(RESET)
 <LI><a href="#[e]">GPIOE_Handler</a> from startup_tm4c123.o(.text) referenced from startup_tm4c123.o(RESET)
 <LI><a href="#[28]">GPIOF_Handler</a> from startup_tm4c123.o(.text) referenced from startup_tm4c123.o(RESET)
 <LI><a href="#[29]">GPIOG_Handler</a> from startup_tm4c123.o(.text) referenced from startup_tm4c123.o(RESET)
 <LI><a href="#[2a]">GPIOH_Handler</a> from startup_tm4c123.o(.text) referenced from startup_tm4c123.o(RESET)
 <LI><a href="#[3d]">GPIOJ_Handler</a> from startup_tm4c123.o(.text) referenced from startup_tm4c123.o(RESET)
 <LI><a href="#[3e]">GPIOK_Handler</a> from startup_tm4c123.o(.text) referenced from startup_tm4c123.o(RESET)
 <LI><a href="#[3f]">GPIOL_Handler</a> from startup_tm4c123.o(.text) referenced from startup_tm4c123.o(RESET)
 <LI><a href="#[5c]">GPIOM_Handler</a> from startup_tm4c123.o(.text) referenced from startup_tm4c123.o(RESET)
 <LI><a href="#[5d]">GPION_Handler</a> from startup_tm4c123.o(.text) referenced from startup_tm4c123.o(RESET)
 <LI><a href="#[5f]">GPIOP0_Handler</a> from startup_tm4c123.o(.text) referenced from startup_tm4c123.o(RESET)
 <LI><a href="#[60]">GPIOP1_Handler</a> from startup_tm4c123.o(.text) referenced from startup_tm4c123.o(RESET)
 <LI><a href="#[61]">GPIOP2_Handler</a> from startup_tm4c123.o(.text) referenced from startup_tm4c123.o(RESET)
 <LI><a href="#[62]">GPIOP3_Handler</a> from startup_tm4c123.o(.text) referenced from startup_tm4c123.o(RESET)
 <LI><a href="#[63]">GPIOP4_Handler</a> from startup_tm4c123.o(.text) referenced from startup_tm4c123.o(RESET)
 <LI><a href="#[64]">GPIOP5_Handler</a> from startup_tm4c123.o(.text) referenced from startup_tm4c123.o(RESET)
 <LI><a href="#[65]">GPIOP6_Handler</a> from startup_tm4c123.o(.text) referenced from startup_tm4c123.o(RESET)
 <LI><a href="#[66]">GPIOP7_Handler</a> from startup_tm4c123.o(.text) referenced from startup_tm4c123.o(RESET)
 <LI><a href="#[67]">GPIOQ0_Handler</a> from startup_tm4c123.o(.text) referenced from startup_tm4c123.o(RESET)
 <LI><a href="#[68]">GPIOQ1_Handler</a> from startup_tm4c123.o(.text) referenced from startup_tm4c123.o(RESET)
 <LI><a href="#[69]">GPIOQ2_Handler</a> from startup_tm4c123.o(.text) referenced from startup_tm4c123.o(RESET)
 <LI><a href="#[6a]">GPIOQ3_Handler</a> from startup_tm4c123.o(.text) referenced from startup_tm4c123.o(RESET)
 <LI><a href="#[6b]">GPIOQ4_Handler</a> from startup_tm4c123.o(.text) referenced from startup_tm4c123.o(RESET)
 <LI><a href="#[6c]">GPIOQ5_Handler</a> from startup_tm4c123.o(.text) referenced from startup_tm4c123.o(RESET)
 <LI><a href="#[6d]">GPIOQ6_Handler</a> from startup_tm4c123.o(.text) referenced from startup_tm4c123.o(RESET)
 <LI><a href="#[6e]">GPIOQ7_Handler</a> from startup_tm4c123.o(.text) referenced from startup_tm4c123.o(RESET)
 <LI><a href="#[6f]">GPIOR_Handler</a> from startup_tm4c123.o(.text) referenced from startup_tm4c123.o(RESET)
 <LI><a href="#[70]">GPIOS_Handler</a> from startup_tm4c123.o(.text) referenced from startup_tm4c123.o(RESET)
 <LI><a href="#[34]">HIB_Handler</a> from startup_tm4c123.o(.text) referenced from startup_tm4c123.o(RESET)
 <LI><a href="#[2]">HardFault_Handler</a> from startup_tm4c123.o(.text) referenced from startup_tm4c123.o(RESET)
 <LI><a href="#[12]">I2C0_Handler</a> from startup_tm4c123.o(.text) referenced from startup_tm4c123.o(RESET)
 <LI><a href="#[2f]">I2C1_Handler</a> from startup_tm4c123.o(.text) referenced from startup_tm4c123.o(RESET)
 <LI><a href="#[47]">I2C2_Handler</a> from startup_tm4c123.o(.text) referenced from startup_tm4c123.o(RESET)
 <LI><a href="#[48]">I2C3_Handler</a> from startup_tm4c123.o(.text) referenced from startup_tm4c123.o(RESET)
 <LI><a href="#[5a]">I2C4_Handler</a> from startup_tm4c123.o(.text) referenced from startup_tm4c123.o(RESET)
 <LI><a href="#[5b]">I2C5_Handler</a> from startup_tm4c123.o(.text) referenced from startup_tm4c123.o(RESET)
 <LI><a href="#[3]">MemManage_Handler</a> from startup_tm4c123.o(.text) referenced from startup_tm4c123.o(RESET)
 <LI><a href="#[1]">NMI_Handler</a> from startup_tm4c123.o(.text) referenced from startup_tm4c123.o(RESET)
 <LI><a href="#[13]">PMW0_FAULT_Handler</a> from startup_tm4c123.o(.text) referenced from startup_tm4c123.o(RESET)
 <LI><a href="#[71]">PMW1_0_Handler</a> from startup_tm4c123.o(.text) referenced from startup_tm4c123.o(RESET)
 <LI><a href="#[14]">PWM0_0_Handler</a> from startup_tm4c123.o(.text) referenced from startup_tm4c123.o(RESET)
 <LI><a href="#[15]">PWM0_1_Handler</a> from startup_tm4c123.o(.text) referenced from startup_tm4c123.o(RESET)
 <LI><a href="#[16]">PWM0_2_Handler</a> from startup_tm4c123.o(.text) referenced from startup_tm4c123.o(RESET)
 <LI><a href="#[36]">PWM0_3_Handler</a> from startup_tm4c123.o(.text) referenced from startup_tm4c123.o(RESET)
 <LI><a href="#[72]">PWM1_1_Handler</a> from startup_tm4c123.o(.text) referenced from startup_tm4c123.o(RESET)
 <LI><a href="#[73]">PWM1_2_Handler</a> from startup_tm4c123.o(.text) referenced from startup_tm4c123.o(RESET)
 <LI><a href="#[74]">PWM1_3_Handler</a> from startup_tm4c123.o(.text) referenced from startup_tm4c123.o(RESET)
 <LI><a href="#[75]">PWM1_FAULT_Handler</a> from startup_tm4c123.o(.text) referenced from startup_tm4c123.o(RESET)
 <LI><a href="#[8]">PendSV_Handler</a> from port.o(.text.PendSV_Handler) referenced from startup_tm4c123.o(RESET)
 <LI><a href="#[17]">QEI0_Handler</a> from startup_tm4c123.o(.text) referenced from startup_tm4c123.o(RESET)
 <LI><a href="#[30]">QEI1_Handler</a> from startup_tm4c123.o(.text) referenced from startup_tm4c123.o(RESET)
 <LI><a href="#[5e]">QEI2_Handler</a> from startup_tm4c123.o(.text) referenced from startup_tm4c123.o(RESET)
 <LI><a href="#[0]">Reset_Handler</a> from startup_tm4c123.o(.text) referenced from startup_tm4c123.o(RESET)
 <LI><a href="#[11]">SSI0_Handler</a> from startup_tm4c123.o(.text) referenced from startup_tm4c123.o(RESET)
 <LI><a href="#[2c]">SSI1_Handler</a> from startup_tm4c123.o(.text) referenced from startup_tm4c123.o(RESET)
 <LI><a href="#[40]">SSI2_Handler</a> from startup_tm4c123.o(.text) referenced from startup_tm4c123.o(RESET)
 <LI><a href="#[41]">SSI3_Handler</a> from startup_tm4c123.o(.text) referenced from startup_tm4c123.o(RESET)
 <LI><a href="#[6]">SVC_Handler</a> from port.o(.text.SVC_Handler) referenced from startup_tm4c123.o(RESET)
 <LI><a href="#[26]">SYSCTL_Handler</a> from startup_tm4c123.o(.text) referenced from startup_tm4c123.o(RESET)
 <LI><a href="#[9]">SysTick_Handler</a> from cmsis_os2.o(.text.SysTick_Handler) referenced from startup_tm4c123.o(RESET)
 <LI><a href="#[76]">SystemInit</a> from system_tm4c123.o(.text.SystemInit) referenced from startup_tm4c123.o(.text)
 <LI><a href="#[1d]">TIMER0A_Handler</a> from startup_tm4c123.o(.text) referenced from startup_tm4c123.o(RESET)
 <LI><a href="#[1e]">TIMER0B_Handler</a> from startup_tm4c123.o(.text) referenced from startup_tm4c123.o(RESET)
 <LI><a href="#[1f]">TIMER1A_Handler</a> from startup_tm4c123.o(.text) referenced from startup_tm4c123.o(RESET)
 <LI><a href="#[20]">TIMER1B_Handler</a> from startup_tm4c123.o(.text) referenced from startup_tm4c123.o(RESET)
 <LI><a href="#[21]">TIMER2A_Handler</a> from startup_tm4c123.o(.text) referenced from startup_tm4c123.o(RESET)
 <LI><a href="#[22]">TIMER2B_Handler</a> from startup_tm4c123.o(.text) referenced from startup_tm4c123.o(RESET)
 <LI><a href="#[2d]">TIMER3A_Handler</a> from startup_tm4c123.o(.text) referenced from startup_tm4c123.o(RESET)
 <LI><a href="#[2e]">TIMER3B_Handler</a> from startup_tm4c123.o(.text) referenced from startup_tm4c123.o(RESET)
 <LI><a href="#[49]">TIMER4A_Handler</a> from startup_tm4c123.o(.text) referenced from startup_tm4c123.o(RESET)
 <LI><a href="#[4a]">TIMER4B_Handler</a> from startup_tm4c123.o(.text) referenced from startup_tm4c123.o(RESET)
 <LI><a href="#[4b]">TIMER5A_Handler</a> from startup_tm4c123.o(.text) referenced from startup_tm4c123.o(RESET)
 <LI><a href="#[4c]">TIMER5B_Handler</a> from startup_tm4c123.o(.text) referenced from startup_tm4c123.o(RESET)
 <LI><a href="#[f]">UART0_Handler</a> from startup_tm4c123.o(.text) referenced from startup_tm4c123.o(RESET)
 <LI><a href="#[10]">UART1_Handler</a> from startup_tm4c123.o(.text) referenced from startup_tm4c123.o(RESET)
 <LI><a href="#[2b]">UART2_Handler</a> from startup_tm4c123.o(.text) referenced from startup_tm4c123.o(RESET)
 <LI><a href="#[42]">UART3_Handler</a> from startup_tm4c123.o(.text) referenced from startup_tm4c123.o(RESET)
 <LI><a href="#[43]">UART4_Handler</a> from startup_tm4c123.o(.text) referenced from startup_tm4c123.o(RESET)
 <LI><a href="#[44]">UART5_Handler</a> from startup_tm4c123.o(.text) referenced from startup_tm4c123.o(RESET)
 <LI><a href="#[45]">UART6_Handler</a> from startup_tm4c123.o(.text) referenced from startup_tm4c123.o(RESET)
 <LI><a href="#[46]">UART7_Handler</a> from startup_tm4c123.o(.text) referenced from startup_tm4c123.o(RESET)
 <LI><a href="#[38]">UDMAERR_Handler</a> from startup_tm4c123.o(.text) referenced from startup_tm4c123.o(RESET)
 <LI><a href="#[37]">UDMA_Handler</a> from startup_tm4c123.o(.text) referenced from startup_tm4c123.o(RESET)
 <LI><a href="#[35]">USB0_Handler</a> from startup_tm4c123.o(.text) referenced from startup_tm4c123.o(RESET)
 <LI><a href="#[5]">UsageFault_Handler</a> from startup_tm4c123.o(.text) referenced from startup_tm4c123.o(RESET)
 <LI><a href="#[1c]">WDT0_Handler</a> from startup_tm4c123.o(.text) referenced from startup_tm4c123.o(RESET)
 <LI><a href="#[4d]">WTIMER0A_Handler</a> from startup_tm4c123.o(.text) referenced from startup_tm4c123.o(RESET)
 <LI><a href="#[4e]">WTIMER0B_Handler</a> from startup_tm4c123.o(.text) referenced from startup_tm4c123.o(RESET)
 <LI><a href="#[4f]">WTIMER1A_Handler</a> from startup_tm4c123.o(.text) referenced from startup_tm4c123.o(RESET)
 <LI><a href="#[50]">WTIMER1B_Handler</a> from startup_tm4c123.o(.text) referenced from startup_tm4c123.o(RESET)
 <LI><a href="#[51]">WTIMER2A_Handler</a> from startup_tm4c123.o(.text) referenced from startup_tm4c123.o(RESET)
 <LI><a href="#[52]">WTIMER2B_Handler</a> from startup_tm4c123.o(.text) referenced from startup_tm4c123.o(RESET)
 <LI><a href="#[53]">WTIMER3A_Handler</a> from startup_tm4c123.o(.text) referenced from startup_tm4c123.o(RESET)
 <LI><a href="#[54]">WTIMER3B_Handler</a> from startup_tm4c123.o(.text) referenced from startup_tm4c123.o(RESET)
 <LI><a href="#[55]">WTIMER4A_Handler</a> from startup_tm4c123.o(.text) referenced from startup_tm4c123.o(RESET)
 <LI><a href="#[56]">WTIMER4B_Handler</a> from startup_tm4c123.o(.text) referenced from startup_tm4c123.o(RESET)
 <LI><a href="#[57]">WTIMER5A_Handler</a> from startup_tm4c123.o(.text) referenced from startup_tm4c123.o(RESET)
 <LI><a href="#[58]">WTIMER5B_Handler</a> from startup_tm4c123.o(.text) referenced from startup_tm4c123.o(RESET)
 <LI><a href="#[77]">__main</a> from __main.o(!!!main) referenced from startup_tm4c123.o(.text)
</UL>
<P>
<H3>
Global Symbols
</H3>
<P><STRONG><a name="[77]"></a>__main</STRONG> (Thumb, 8 bytes, Stack size 0 bytes, __main.o(!!!main))
<BR><BR>[Calls]<UL><LI><a href="#[7e]">&gt;&gt;</a>&nbsp;&nbsp;&nbsp;__scatterload
<LI><a href="#[7f]">&gt;&gt;</a>&nbsp;&nbsp;&nbsp;__rt_entry
</UL>
<BR>[Address Reference Count : 1]<UL><LI> startup_tm4c123.o(.text)
</UL>
<P><STRONG><a name="[7e]"></a>__scatterload</STRONG> (Thumb, 0 bytes, Stack size unknown bytes, __scatter.o(!!!scatter))
<BR><BR>[Called By]<UL><LI><a href="#[77]">&gt;&gt;</a>&nbsp;&nbsp;&nbsp;__main
</UL>

<P><STRONG><a name="[80]"></a>__scatterload_rt2</STRONG> (Thumb, 44 bytes, Stack size unknown bytes, __scatter.o(!!!scatter), UNUSED)
<BR><BR>[Calls]<UL><LI><a href="#[7f]">&gt;&gt;</a>&nbsp;&nbsp;&nbsp;__rt_entry
</UL>

<P><STRONG><a name="[111]"></a>__scatterload_rt2_thumb_only</STRONG> (Thumb, 0 bytes, Stack size unknown bytes, __scatter.o(!!!scatter), UNUSED)

<P><STRONG><a name="[112]"></a>__scatterload_null</STRONG> (Thumb, 0 bytes, Stack size unknown bytes, __scatter.o(!!!scatter), UNUSED)

<P><STRONG><a name="[81]"></a>__scatterload_copy</STRONG> (Thumb, 26 bytes, Stack size unknown bytes, __scatter_copy.o(!!handler_copy), UNUSED)
<BR><BR>[Calls]<UL><LI><a href="#[81]">&gt;&gt;</a>&nbsp;&nbsp;&nbsp;__scatterload_copy
</UL>
<BR>[Called By]<UL><LI><a href="#[81]">&gt;&gt;</a>&nbsp;&nbsp;&nbsp;__scatterload_copy
</UL>

<P><STRONG><a name="[113]"></a>__scatterload_zeroinit</STRONG> (Thumb, 28 bytes, Stack size unknown bytes, __scatter_zi.o(!!handler_zi), UNUSED)

<P><STRONG><a name="[89]"></a>__rt_lib_init</STRONG> (Thumb, 0 bytes, Stack size unknown bytes, libinit.o(.ARM.Collect$$libinit$$00000000))
<BR><BR>[Called By]<UL><LI><a href="#[88]">&gt;&gt;</a>&nbsp;&nbsp;&nbsp;__rt_entry_li
</UL>

<P><STRONG><a name="[82]"></a>__rt_lib_init_fp_1</STRONG> (Thumb, 0 bytes, Stack size unknown bytes, libinit2.o(.ARM.Collect$$libinit$$00000001))
<BR><BR>[Stack]<UL><LI>Max Depth = 8 + Unknown Stack Size
<LI>Call Chain = __rt_lib_init_fp_1 &rArr; _fp_init
</UL>
<BR>[Calls]<UL><LI><a href="#[83]">&gt;&gt;</a>&nbsp;&nbsp;&nbsp;_fp_init
</UL>

<P><STRONG><a name="[114]"></a>__rt_lib_init_alloca_1</STRONG> (Thumb, 0 bytes, Stack size unknown bytes, libinit2.o(.ARM.Collect$$libinit$$00000030))

<P><STRONG><a name="[115]"></a>__rt_lib_init_argv_1</STRONG> (Thumb, 0 bytes, Stack size unknown bytes, libinit2.o(.ARM.Collect$$libinit$$0000002E))

<P><STRONG><a name="[116]"></a>__rt_lib_init_atexit_1</STRONG> (Thumb, 0 bytes, Stack size unknown bytes, libinit2.o(.ARM.Collect$$libinit$$0000001D))

<P><STRONG><a name="[117]"></a>__rt_lib_init_clock_1</STRONG> (Thumb, 0 bytes, Stack size unknown bytes, libinit2.o(.ARM.Collect$$libinit$$00000023))

<P><STRONG><a name="[118]"></a>__rt_lib_init_cpp_1</STRONG> (Thumb, 0 bytes, Stack size unknown bytes, libinit2.o(.ARM.Collect$$libinit$$00000034))

<P><STRONG><a name="[119]"></a>__rt_lib_init_exceptions_1</STRONG> (Thumb, 0 bytes, Stack size unknown bytes, libinit2.o(.ARM.Collect$$libinit$$00000032))

<P><STRONG><a name="[11a]"></a>__rt_lib_init_fp_trap_1</STRONG> (Thumb, 0 bytes, Stack size unknown bytes, libinit2.o(.ARM.Collect$$libinit$$00000021))

<P><STRONG><a name="[11b]"></a>__rt_lib_init_getenv_1</STRONG> (Thumb, 0 bytes, Stack size unknown bytes, libinit2.o(.ARM.Collect$$libinit$$00000025))

<P><STRONG><a name="[11c]"></a>__rt_lib_init_heap_1</STRONG> (Thumb, 0 bytes, Stack size unknown bytes, libinit2.o(.ARM.Collect$$libinit$$0000000C))

<P><STRONG><a name="[11d]"></a>__rt_lib_init_lc_collate_1</STRONG> (Thumb, 0 bytes, Stack size unknown bytes, libinit2.o(.ARM.Collect$$libinit$$00000013))

<P><STRONG><a name="[11e]"></a>__rt_lib_init_lc_ctype_1</STRONG> (Thumb, 0 bytes, Stack size unknown bytes, libinit2.o(.ARM.Collect$$libinit$$00000015))

<P><STRONG><a name="[11f]"></a>__rt_lib_init_lc_monetary_1</STRONG> (Thumb, 0 bytes, Stack size unknown bytes, libinit2.o(.ARM.Collect$$libinit$$00000017))

<P><STRONG><a name="[120]"></a>__rt_lib_init_lc_numeric_1</STRONG> (Thumb, 0 bytes, Stack size unknown bytes, libinit2.o(.ARM.Collect$$libinit$$00000019))

<P><STRONG><a name="[121]"></a>__rt_lib_init_lc_time_1</STRONG> (Thumb, 0 bytes, Stack size unknown bytes, libinit2.o(.ARM.Collect$$libinit$$0000001B))

<P><STRONG><a name="[122]"></a>__rt_lib_init_preinit_1</STRONG> (Thumb, 0 bytes, Stack size unknown bytes, libinit2.o(.ARM.Collect$$libinit$$00000006))

<P><STRONG><a name="[123]"></a>__rt_lib_init_rand_1</STRONG> (Thumb, 0 bytes, Stack size unknown bytes, libinit2.o(.ARM.Collect$$libinit$$00000010))

<P><STRONG><a name="[124]"></a>__rt_lib_init_relocate_pie_1</STRONG> (Thumb, 0 bytes, Stack size unknown bytes, libinit2.o(.ARM.Collect$$libinit$$00000004))

<P><STRONG><a name="[125]"></a>__rt_lib_init_return</STRONG> (Thumb, 0 bytes, Stack size unknown bytes, libinit2.o(.ARM.Collect$$libinit$$00000035))

<P><STRONG><a name="[126]"></a>__rt_lib_init_signal_1</STRONG> (Thumb, 0 bytes, Stack size unknown bytes, libinit2.o(.ARM.Collect$$libinit$$0000001F))

<P><STRONG><a name="[127]"></a>__rt_lib_init_stdio_1</STRONG> (Thumb, 0 bytes, Stack size unknown bytes, libinit2.o(.ARM.Collect$$libinit$$00000027))

<P><STRONG><a name="[128]"></a>__rt_lib_init_user_alloc_1</STRONG> (Thumb, 0 bytes, Stack size unknown bytes, libinit2.o(.ARM.Collect$$libinit$$0000000E))

<P><STRONG><a name="[8e]"></a>__rt_lib_shutdown</STRONG> (Thumb, 0 bytes, Stack size unknown bytes, libshutdown.o(.ARM.Collect$$libshutdown$$00000000))
<BR><BR>[Called By]<UL><LI><a href="#[8d]">&gt;&gt;</a>&nbsp;&nbsp;&nbsp;__rt_exit_ls
</UL>

<P><STRONG><a name="[129]"></a>__rt_lib_shutdown_cpp_1</STRONG> (Thumb, 0 bytes, Stack size unknown bytes, libshutdown2.o(.ARM.Collect$$libshutdown$$00000002))

<P><STRONG><a name="[12a]"></a>__rt_lib_shutdown_fp_trap_1</STRONG> (Thumb, 0 bytes, Stack size unknown bytes, libshutdown2.o(.ARM.Collect$$libshutdown$$00000007))

<P><STRONG><a name="[12b]"></a>__rt_lib_shutdown_heap_1</STRONG> (Thumb, 0 bytes, Stack size unknown bytes, libshutdown2.o(.ARM.Collect$$libshutdown$$0000000F))

<P><STRONG><a name="[12c]"></a>__rt_lib_shutdown_return</STRONG> (Thumb, 0 bytes, Stack size unknown bytes, libshutdown2.o(.ARM.Collect$$libshutdown$$00000010))

<P><STRONG><a name="[12d]"></a>__rt_lib_shutdown_signal_1</STRONG> (Thumb, 0 bytes, Stack size unknown bytes, libshutdown2.o(.ARM.Collect$$libshutdown$$0000000A))

<P><STRONG><a name="[12e]"></a>__rt_lib_shutdown_stdio_1</STRONG> (Thumb, 0 bytes, Stack size unknown bytes, libshutdown2.o(.ARM.Collect$$libshutdown$$00000004))

<P><STRONG><a name="[12f]"></a>__rt_lib_shutdown_user_alloc_1</STRONG> (Thumb, 0 bytes, Stack size unknown bytes, libshutdown2.o(.ARM.Collect$$libshutdown$$0000000C))

<P><STRONG><a name="[7f]"></a>__rt_entry</STRONG> (Thumb, 0 bytes, Stack size unknown bytes, __rtentry.o(.ARM.Collect$$rtentry$$00000000))
<BR><BR>[Called By]<UL><LI><a href="#[80]">&gt;&gt;</a>&nbsp;&nbsp;&nbsp;__scatterload_rt2
<LI><a href="#[77]">&gt;&gt;</a>&nbsp;&nbsp;&nbsp;__main
</UL>

<P><STRONG><a name="[130]"></a>__rt_entry_presh_1</STRONG> (Thumb, 0 bytes, Stack size unknown bytes, __rtentry2.o(.ARM.Collect$$rtentry$$00000002))

<P><STRONG><a name="[84]"></a>__rt_entry_sh</STRONG> (Thumb, 0 bytes, Stack size unknown bytes, __rtentry4.o(.ARM.Collect$$rtentry$$00000004))
<BR><BR>[Stack]<UL><LI>Max Depth = 8 + Unknown Stack Size
<LI>Call Chain = __rt_entry_sh &rArr; __user_setup_stackheap
</UL>
<BR>[Calls]<UL><LI><a href="#[85]">&gt;&gt;</a>&nbsp;&nbsp;&nbsp;__user_setup_stackheap
</UL>

<P><STRONG><a name="[86]"></a>__rt_entry_postsh_1</STRONG> (Thumb, 0 bytes, Stack size unknown bytes, __rtentry2.o(.ARM.Collect$$rtentry$$00000008))
<BR><BR>[Stack]<UL><LI>Max Depth = 180 + Unknown Stack Size
<LI>Call Chain = __rt_entry_postsh_1 &rArr; _platform_post_stackheap_init &rArr; EvrFreeRTOSSetup &rArr; EventRecorderInitialize &rArr; EventRecorderStart &rArr; EventRecordItem &rArr; UnlockRecord
</UL>
<BR>[Calls]<UL><LI><a href="#[87]">&gt;&gt;</a>&nbsp;&nbsp;&nbsp;_platform_post_stackheap_init
</UL>

<P><STRONG><a name="[88]"></a>__rt_entry_li</STRONG> (Thumb, 0 bytes, Stack size unknown bytes, __rtentry2.o(.ARM.Collect$$rtentry$$0000000A))
<BR><BR>[Calls]<UL><LI><a href="#[89]">&gt;&gt;</a>&nbsp;&nbsp;&nbsp;__rt_lib_init
</UL>

<P><STRONG><a name="[8a]"></a>__rt_entry_main</STRONG> (Thumb, 0 bytes, Stack size unknown bytes, __rtentry2.o(.ARM.Collect$$rtentry$$0000000D))
<BR><BR>[Stack]<UL><LI>Max Depth = 116 + Unknown Stack Size
<LI>Call Chain = __rt_entry_main &rArr; main &rArr; DIO_Init
</UL>
<BR>[Calls]<UL><LI><a href="#[8b]">&gt;&gt;</a>&nbsp;&nbsp;&nbsp;main
<LI><a href="#[8c]">&gt;&gt;</a>&nbsp;&nbsp;&nbsp;exit
</UL>

<P><STRONG><a name="[131]"></a>__rt_entry_postli_1</STRONG> (Thumb, 0 bytes, Stack size unknown bytes, __rtentry2.o(.ARM.Collect$$rtentry$$0000000C))

<P><STRONG><a name="[94]"></a>__rt_exit</STRONG> (Thumb, 0 bytes, Stack size unknown bytes, rtexit.o(.ARM.Collect$$rtexit$$00000000))
<BR><BR>[Called By]<UL><LI><a href="#[8c]">&gt;&gt;</a>&nbsp;&nbsp;&nbsp;exit
</UL>

<P><STRONG><a name="[8d]"></a>__rt_exit_ls</STRONG> (Thumb, 0 bytes, Stack size unknown bytes, rtexit2.o(.ARM.Collect$$rtexit$$00000003))
<BR><BR>[Calls]<UL><LI><a href="#[8e]">&gt;&gt;</a>&nbsp;&nbsp;&nbsp;__rt_lib_shutdown
</UL>

<P><STRONG><a name="[132]"></a>__rt_exit_prels_1</STRONG> (Thumb, 0 bytes, Stack size unknown bytes, rtexit2.o(.ARM.Collect$$rtexit$$00000002))

<P><STRONG><a name="[8f]"></a>__rt_exit_exit</STRONG> (Thumb, 0 bytes, Stack size unknown bytes, rtexit2.o(.ARM.Collect$$rtexit$$00000004))
<BR><BR>[Calls]<UL><LI><a href="#[90]">&gt;&gt;</a>&nbsp;&nbsp;&nbsp;_sys_exit
</UL>

<P><STRONG><a name="[0]"></a>Reset_Handler</STRONG> (Thumb, 8 bytes, Stack size 0 bytes, startup_tm4c123.o(.text))
<BR>[Address Reference Count : 1]<UL><LI> startup_tm4c123.o(RESET)
</UL>
<P><STRONG><a name="[1]"></a>NMI_Handler</STRONG> (Thumb, 2 bytes, Stack size 0 bytes, startup_tm4c123.o(.text))
<BR><BR>[Calls]<UL><LI><a href="#[1]">&gt;&gt;</a>&nbsp;&nbsp;&nbsp;NMI_Handler
</UL>
<BR>[Called By]<UL><LI><a href="#[1]">&gt;&gt;</a>&nbsp;&nbsp;&nbsp;NMI_Handler
</UL>
<BR>[Address Reference Count : 1]<UL><LI> startup_tm4c123.o(RESET)
</UL>
<P><STRONG><a name="[2]"></a>HardFault_Handler</STRONG> (Thumb, 2 bytes, Stack size 0 bytes, startup_tm4c123.o(.text))
<BR><BR>[Calls]<UL><LI><a href="#[2]">&gt;&gt;</a>&nbsp;&nbsp;&nbsp;HardFault_Handler
</UL>
<BR>[Called By]<UL><LI><a href="#[2]">&gt;&gt;</a>&nbsp;&nbsp;&nbsp;HardFault_Handler
</UL>
<BR>[Address Reference Count : 1]<UL><LI> startup_tm4c123.o(RESET)
</UL>
<P><STRONG><a name="[3]"></a>MemManage_Handler</STRONG> (Thumb, 2 bytes, Stack size 0 bytes, startup_tm4c123.o(.text))
<BR><BR>[Calls]<UL><LI><a href="#[3]">&gt;&gt;</a>&nbsp;&nbsp;&nbsp;MemManage_Handler
</UL>
<BR>[Called By]<UL><LI><a href="#[3]">&gt;&gt;</a>&nbsp;&nbsp;&nbsp;MemManage_Handler
</UL>
<BR>[Address Reference Count : 1]<UL><LI> startup_tm4c123.o(RESET)
</UL>
<P><STRONG><a name="[4]"></a>BusFault_Handler</STRONG> (Thumb, 2 bytes, Stack size 0 bytes, startup_tm4c123.o(.text))
<BR><BR>[Calls]<UL><LI><a href="#[4]">&gt;&gt;</a>&nbsp;&nbsp;&nbsp;BusFault_Handler
</UL>
<BR>[Called By]<UL><LI><a href="#[4]">&gt;&gt;</a>&nbsp;&nbsp;&nbsp;BusFault_Handler
</UL>
<BR>[Address Reference Count : 1]<UL><LI> startup_tm4c123.o(RESET)
</UL>
<P><STRONG><a name="[5]"></a>UsageFault_Handler</STRONG> (Thumb, 2 bytes, Stack size 0 bytes, startup_tm4c123.o(.text))
<BR><BR>[Calls]<UL><LI><a href="#[5]">&gt;&gt;</a>&nbsp;&nbsp;&nbsp;UsageFault_Handler
</UL>
<BR>[Called By]<UL><LI><a href="#[5]">&gt;&gt;</a>&nbsp;&nbsp;&nbsp;UsageFault_Handler
</UL>
<BR>[Address Reference Count : 1]<UL><LI> startup_tm4c123.o(RESET)
</UL>
<P><STRONG><a name="[7]"></a>DebugMon_Handler</STRONG> (Thumb, 2 bytes, Stack size 0 bytes, startup_tm4c123.o(.text))
<BR><BR>[Calls]<UL><LI><a href="#[7]">&gt;&gt;</a>&nbsp;&nbsp;&nbsp;DebugMon_Handler
</UL>
<BR>[Called By]<UL><LI><a href="#[7]">&gt;&gt;</a>&nbsp;&nbsp;&nbsp;DebugMon_Handler
</UL>
<BR>[Address Reference Count : 1]<UL><LI> startup_tm4c123.o(RESET)
</UL>
<P><STRONG><a name="[a]"></a>GPIOA_Handler</STRONG> (Thumb, 2 bytes, Stack size 0 bytes, startup_tm4c123.o(.text))
<BR><BR>[Calls]<UL><LI><a href="#[a]">&gt;&gt;</a>&nbsp;&nbsp;&nbsp;GPIOA_Handler
</UL>
<BR>[Called By]<UL><LI><a href="#[a]">&gt;&gt;</a>&nbsp;&nbsp;&nbsp;GPIOA_Handler
</UL>
<BR>[Address Reference Count : 1]<UL><LI> startup_tm4c123.o(RESET)
</UL>
<P><STRONG><a name="[b]"></a>GPIOB_Handler</STRONG> (Thumb, 2 bytes, Stack size 0 bytes, startup_tm4c123.o(.text))
<BR><BR>[Calls]<UL><LI><a href="#[b]">&gt;&gt;</a>&nbsp;&nbsp;&nbsp;GPIOB_Handler
</UL>
<BR>[Called By]<UL><LI><a href="#[b]">&gt;&gt;</a>&nbsp;&nbsp;&nbsp;GPIOB_Handler
</UL>
<BR>[Address Reference Count : 1]<UL><LI> startup_tm4c123.o(RESET)
</UL>
<P><STRONG><a name="[c]"></a>GPIOC_Handler</STRONG> (Thumb, 2 bytes, Stack size 0 bytes, startup_tm4c123.o(.text))
<BR><BR>[Calls]<UL><LI><a href="#[c]">&gt;&gt;</a>&nbsp;&nbsp;&nbsp;GPIOC_Handler
</UL>
<BR>[Called By]<UL><LI><a href="#[c]">&gt;&gt;</a>&nbsp;&nbsp;&nbsp;GPIOC_Handler
</UL>
<BR>[Address Reference Count : 1]<UL><LI> startup_tm4c123.o(RESET)
</UL>
<P><STRONG><a name="[d]"></a>GPIOD_Handler</STRONG> (Thumb, 2 bytes, Stack size 0 bytes, startup_tm4c123.o(.text))
<BR><BR>[Calls]<UL><LI><a href="#[d]">&gt;&gt;</a>&nbsp;&nbsp;&nbsp;GPIOD_Handler
</UL>
<BR>[Called By]<UL><LI><a href="#[d]">&gt;&gt;</a>&nbsp;&nbsp;&nbsp;GPIOD_Handler
</UL>
<BR>[Address Reference Count : 1]<UL><LI> startup_tm4c123.o(RESET)
</UL>
<P><STRONG><a name="[e]"></a>GPIOE_Handler</STRONG> (Thumb, 2 bytes, Stack size 0 bytes, startup_tm4c123.o(.text))
<BR><BR>[Calls]<UL><LI><a href="#[e]">&gt;&gt;</a>&nbsp;&nbsp;&nbsp;GPIOE_Handler
</UL>
<BR>[Called By]<UL><LI><a href="#[e]">&gt;&gt;</a>&nbsp;&nbsp;&nbsp;GPIOE_Handler
</UL>
<BR>[Address Reference Count : 1]<UL><LI> startup_tm4c123.o(RESET)
</UL>
<P><STRONG><a name="[f]"></a>UART0_Handler</STRONG> (Thumb, 2 bytes, Stack size 0 bytes, startup_tm4c123.o(.text))
<BR><BR>[Calls]<UL><LI><a href="#[f]">&gt;&gt;</a>&nbsp;&nbsp;&nbsp;UART0_Handler
</UL>
<BR>[Called By]<UL><LI><a href="#[f]">&gt;&gt;</a>&nbsp;&nbsp;&nbsp;UART0_Handler
</UL>
<BR>[Address Reference Count : 1]<UL><LI> startup_tm4c123.o(RESET)
</UL>
<P><STRONG><a name="[10]"></a>UART1_Handler</STRONG> (Thumb, 2 bytes, Stack size 0 bytes, startup_tm4c123.o(.text))
<BR><BR>[Calls]<UL><LI><a href="#[10]">&gt;&gt;</a>&nbsp;&nbsp;&nbsp;UART1_Handler
</UL>
<BR>[Called By]<UL><LI><a href="#[10]">&gt;&gt;</a>&nbsp;&nbsp;&nbsp;UART1_Handler
</UL>
<BR>[Address Reference Count : 1]<UL><LI> startup_tm4c123.o(RESET)
</UL>
<P><STRONG><a name="[11]"></a>SSI0_Handler</STRONG> (Thumb, 2 bytes, Stack size 0 bytes, startup_tm4c123.o(.text))
<BR><BR>[Calls]<UL><LI><a href="#[11]">&gt;&gt;</a>&nbsp;&nbsp;&nbsp;SSI0_Handler
</UL>
<BR>[Called By]<UL><LI><a href="#[11]">&gt;&gt;</a>&nbsp;&nbsp;&nbsp;SSI0_Handler
</UL>
<BR>[Address Reference Count : 1]<UL><LI> startup_tm4c123.o(RESET)
</UL>
<P><STRONG><a name="[12]"></a>I2C0_Handler</STRONG> (Thumb, 2 bytes, Stack size 0 bytes, startup_tm4c123.o(.text))
<BR><BR>[Calls]<UL><LI><a href="#[12]">&gt;&gt;</a>&nbsp;&nbsp;&nbsp;I2C0_Handler
</UL>
<BR>[Called By]<UL><LI><a href="#[12]">&gt;&gt;</a>&nbsp;&nbsp;&nbsp;I2C0_Handler
</UL>
<BR>[Address Reference Count : 1]<UL><LI> startup_tm4c123.o(RESET)
</UL>
<P><STRONG><a name="[13]"></a>PMW0_FAULT_Handler</STRONG> (Thumb, 2 bytes, Stack size 0 bytes, startup_tm4c123.o(.text))
<BR><BR>[Calls]<UL><LI><a href="#[13]">&gt;&gt;</a>&nbsp;&nbsp;&nbsp;PMW0_FAULT_Handler
</UL>
<BR>[Called By]<UL><LI><a href="#[13]">&gt;&gt;</a>&nbsp;&nbsp;&nbsp;PMW0_FAULT_Handler
</UL>
<BR>[Address Reference Count : 1]<UL><LI> startup_tm4c123.o(RESET)
</UL>
<P><STRONG><a name="[14]"></a>PWM0_0_Handler</STRONG> (Thumb, 2 bytes, Stack size 0 bytes, startup_tm4c123.o(.text))
<BR><BR>[Calls]<UL><LI><a href="#[14]">&gt;&gt;</a>&nbsp;&nbsp;&nbsp;PWM0_0_Handler
</UL>
<BR>[Called By]<UL><LI><a href="#[14]">&gt;&gt;</a>&nbsp;&nbsp;&nbsp;PWM0_0_Handler
</UL>
<BR>[Address Reference Count : 1]<UL><LI> startup_tm4c123.o(RESET)
</UL>
<P><STRONG><a name="[15]"></a>PWM0_1_Handler</STRONG> (Thumb, 2 bytes, Stack size 0 bytes, startup_tm4c123.o(.text))
<BR><BR>[Calls]<UL><LI><a href="#[15]">&gt;&gt;</a>&nbsp;&nbsp;&nbsp;PWM0_1_Handler
</UL>
<BR>[Called By]<UL><LI><a href="#[15]">&gt;&gt;</a>&nbsp;&nbsp;&nbsp;PWM0_1_Handler
</UL>
<BR>[Address Reference Count : 1]<UL><LI> startup_tm4c123.o(RESET)
</UL>
<P><STRONG><a name="[16]"></a>PWM0_2_Handler</STRONG> (Thumb, 2 bytes, Stack size 0 bytes, startup_tm4c123.o(.text))
<BR><BR>[Calls]<UL><LI><a href="#[16]">&gt;&gt;</a>&nbsp;&nbsp;&nbsp;PWM0_2_Handler
</UL>
<BR>[Called By]<UL><LI><a href="#[16]">&gt;&gt;</a>&nbsp;&nbsp;&nbsp;PWM0_2_Handler
</UL>
<BR>[Address Reference Count : 1]<UL><LI> startup_tm4c123.o(RESET)
</UL>
<P><STRONG><a name="[17]"></a>QEI0_Handler</STRONG> (Thumb, 2 bytes, Stack size 0 bytes, startup_tm4c123.o(.text))
<BR><BR>[Calls]<UL><LI><a href="#[17]">&gt;&gt;</a>&nbsp;&nbsp;&nbsp;QEI0_Handler
</UL>
<BR>[Called By]<UL><LI><a href="#[17]">&gt;&gt;</a>&nbsp;&nbsp;&nbsp;QEI0_Handler
</UL>
<BR>[Address Reference Count : 1]<UL><LI> startup_tm4c123.o(RESET)
</UL>
<P><STRONG><a name="[18]"></a>ADC0SS0_Handler</STRONG> (Thumb, 2 bytes, Stack size 0 bytes, startup_tm4c123.o(.text))
<BR><BR>[Calls]<UL><LI><a href="#[18]">&gt;&gt;</a>&nbsp;&nbsp;&nbsp;ADC0SS0_Handler
</UL>
<BR>[Called By]<UL><LI><a href="#[18]">&gt;&gt;</a>&nbsp;&nbsp;&nbsp;ADC0SS0_Handler
</UL>
<BR>[Address Reference Count : 1]<UL><LI> startup_tm4c123.o(RESET)
</UL>
<P><STRONG><a name="[19]"></a>ADC0SS1_Handler</STRONG> (Thumb, 2 bytes, Stack size 0 bytes, startup_tm4c123.o(.text))
<BR><BR>[Calls]<UL><LI><a href="#[19]">&gt;&gt;</a>&nbsp;&nbsp;&nbsp;ADC0SS1_Handler
</UL>
<BR>[Called By]<UL><LI><a href="#[19]">&gt;&gt;</a>&nbsp;&nbsp;&nbsp;ADC0SS1_Handler
</UL>
<BR>[Address Reference Count : 1]<UL><LI> startup_tm4c123.o(RESET)
</UL>
<P><STRONG><a name="[1a]"></a>ADC0SS2_Handler</STRONG> (Thumb, 2 bytes, Stack size 0 bytes, startup_tm4c123.o(.text))
<BR><BR>[Calls]<UL><LI><a href="#[1a]">&gt;&gt;</a>&nbsp;&nbsp;&nbsp;ADC0SS2_Handler
</UL>
<BR>[Called By]<UL><LI><a href="#[1a]">&gt;&gt;</a>&nbsp;&nbsp;&nbsp;ADC0SS2_Handler
</UL>
<BR>[Address Reference Count : 1]<UL><LI> startup_tm4c123.o(RESET)
</UL>
<P><STRONG><a name="[1b]"></a>ADC0SS3_Handler</STRONG> (Thumb, 2 bytes, Stack size 0 bytes, startup_tm4c123.o(.text))
<BR><BR>[Calls]<UL><LI><a href="#[1b]">&gt;&gt;</a>&nbsp;&nbsp;&nbsp;ADC0SS3_Handler
</UL>
<BR>[Called By]<UL><LI><a href="#[1b]">&gt;&gt;</a>&nbsp;&nbsp;&nbsp;ADC0SS3_Handler
</UL>
<BR>[Address Reference Count : 1]<UL><LI> startup_tm4c123.o(RESET)
</UL>
<P><STRONG><a name="[1c]"></a>WDT0_Handler</STRONG> (Thumb, 2 bytes, Stack size 0 bytes, startup_tm4c123.o(.text))
<BR><BR>[Calls]<UL><LI><a href="#[1c]">&gt;&gt;</a>&nbsp;&nbsp;&nbsp;WDT0_Handler
</UL>
<BR>[Called By]<UL><LI><a href="#[1c]">&gt;&gt;</a>&nbsp;&nbsp;&nbsp;WDT0_Handler
</UL>
<BR>[Address Reference Count : 1]<UL><LI> startup_tm4c123.o(RESET)
</UL>
<P><STRONG><a name="[1d]"></a>TIMER0A_Handler</STRONG> (Thumb, 2 bytes, Stack size 0 bytes, startup_tm4c123.o(.text))
<BR><BR>[Calls]<UL><LI><a href="#[1d]">&gt;&gt;</a>&nbsp;&nbsp;&nbsp;TIMER0A_Handler
</UL>
<BR>[Called By]<UL><LI><a href="#[1d]">&gt;&gt;</a>&nbsp;&nbsp;&nbsp;TIMER0A_Handler
</UL>
<BR>[Address Reference Count : 1]<UL><LI> startup_tm4c123.o(RESET)
</UL>
<P><STRONG><a name="[1e]"></a>TIMER0B_Handler</STRONG> (Thumb, 2 bytes, Stack size 0 bytes, startup_tm4c123.o(.text))
<BR><BR>[Calls]<UL><LI><a href="#[1e]">&gt;&gt;</a>&nbsp;&nbsp;&nbsp;TIMER0B_Handler
</UL>
<BR>[Called By]<UL><LI><a href="#[1e]">&gt;&gt;</a>&nbsp;&nbsp;&nbsp;TIMER0B_Handler
</UL>
<BR>[Address Reference Count : 1]<UL><LI> startup_tm4c123.o(RESET)
</UL>
<P><STRONG><a name="[1f]"></a>TIMER1A_Handler</STRONG> (Thumb, 2 bytes, Stack size 0 bytes, startup_tm4c123.o(.text))
<BR><BR>[Calls]<UL><LI><a href="#[1f]">&gt;&gt;</a>&nbsp;&nbsp;&nbsp;TIMER1A_Handler
</UL>
<BR>[Called By]<UL><LI><a href="#[1f]">&gt;&gt;</a>&nbsp;&nbsp;&nbsp;TIMER1A_Handler
</UL>
<BR>[Address Reference Count : 1]<UL><LI> startup_tm4c123.o(RESET)
</UL>
<P><STRONG><a name="[20]"></a>TIMER1B_Handler</STRONG> (Thumb, 2 bytes, Stack size 0 bytes, startup_tm4c123.o(.text))
<BR><BR>[Calls]<UL><LI><a href="#[20]">&gt;&gt;</a>&nbsp;&nbsp;&nbsp;TIMER1B_Handler
</UL>
<BR>[Called By]<UL><LI><a href="#[20]">&gt;&gt;</a>&nbsp;&nbsp;&nbsp;TIMER1B_Handler
</UL>
<BR>[Address Reference Count : 1]<UL><LI> startup_tm4c123.o(RESET)
</UL>
<P><STRONG><a name="[21]"></a>TIMER2A_Handler</STRONG> (Thumb, 2 bytes, Stack size 0 bytes, startup_tm4c123.o(.text))
<BR><BR>[Calls]<UL><LI><a href="#[21]">&gt;&gt;</a>&nbsp;&nbsp;&nbsp;TIMER2A_Handler
</UL>
<BR>[Called By]<UL><LI><a href="#[21]">&gt;&gt;</a>&nbsp;&nbsp;&nbsp;TIMER2A_Handler
</UL>
<BR>[Address Reference Count : 1]<UL><LI> startup_tm4c123.o(RESET)
</UL>
<P><STRONG><a name="[22]"></a>TIMER2B_Handler</STRONG> (Thumb, 2 bytes, Stack size 0 bytes, startup_tm4c123.o(.text))
<BR><BR>[Calls]<UL><LI><a href="#[22]">&gt;&gt;</a>&nbsp;&nbsp;&nbsp;TIMER2B_Handler
</UL>
<BR>[Called By]<UL><LI><a href="#[22]">&gt;&gt;</a>&nbsp;&nbsp;&nbsp;TIMER2B_Handler
</UL>
<BR>[Address Reference Count : 1]<UL><LI> startup_tm4c123.o(RESET)
</UL>
<P><STRONG><a name="[23]"></a>COMP0_Handler</STRONG> (Thumb, 2 bytes, Stack size 0 bytes, startup_tm4c123.o(.text))
<BR><BR>[Calls]<UL><LI><a href="#[23]">&gt;&gt;</a>&nbsp;&nbsp;&nbsp;COMP0_Handler
</UL>
<BR>[Called By]<UL><LI><a href="#[23]">&gt;&gt;</a>&nbsp;&nbsp;&nbsp;COMP0_Handler
</UL>
<BR>[Address Reference Count : 1]<UL><LI> startup_tm4c123.o(RESET)
</UL>
<P><STRONG><a name="[24]"></a>COMP1_Handler</STRONG> (Thumb, 2 bytes, Stack size 0 bytes, startup_tm4c123.o(.text))
<BR><BR>[Calls]<UL><LI><a href="#[24]">&gt;&gt;</a>&nbsp;&nbsp;&nbsp;COMP1_Handler
</UL>
<BR>[Called By]<UL><LI><a href="#[24]">&gt;&gt;</a>&nbsp;&nbsp;&nbsp;COMP1_Handler
</UL>
<BR>[Address Reference Count : 1]<UL><LI> startup_tm4c123.o(RESET)
</UL>
<P><STRONG><a name="[25]"></a>COMP2_Handler</STRONG> (Thumb, 2 bytes, Stack size 0 bytes, startup_tm4c123.o(.text))
<BR><BR>[Calls]<UL><LI><a href="#[25]">&gt;&gt;</a>&nbsp;&nbsp;&nbsp;COMP2_Handler
</UL>
<BR>[Called By]<UL><LI><a href="#[25]">&gt;&gt;</a>&nbsp;&nbsp;&nbsp;COMP2_Handler
</UL>
<BR>[Address Reference Count : 1]<UL><LI> startup_tm4c123.o(RESET)
</UL>
<P><STRONG><a name="[26]"></a>SYSCTL_Handler</STRONG> (Thumb, 2 bytes, Stack size 0 bytes, startup_tm4c123.o(.text))
<BR><BR>[Calls]<UL><LI><a href="#[26]">&gt;&gt;</a>&nbsp;&nbsp;&nbsp;SYSCTL_Handler
</UL>
<BR>[Called By]<UL><LI><a href="#[26]">&gt;&gt;</a>&nbsp;&nbsp;&nbsp;SYSCTL_Handler
</UL>
<BR>[Address Reference Count : 1]<UL><LI> startup_tm4c123.o(RESET)
</UL>
<P><STRONG><a name="[27]"></a>FLASH_Handler</STRONG> (Thumb, 2 bytes, Stack size 0 bytes, startup_tm4c123.o(.text))
<BR><BR>[Calls]<UL><LI><a href="#[27]">&gt;&gt;</a>&nbsp;&nbsp;&nbsp;FLASH_Handler
</UL>
<BR>[Called By]<UL><LI><a href="#[27]">&gt;&gt;</a>&nbsp;&nbsp;&nbsp;FLASH_Handler
</UL>
<BR>[Address Reference Count : 1]<UL><LI> startup_tm4c123.o(RESET)
</UL>
<P><STRONG><a name="[28]"></a>GPIOF_Handler</STRONG> (Thumb, 2 bytes, Stack size 0 bytes, startup_tm4c123.o(.text))
<BR><BR>[Calls]<UL><LI><a href="#[28]">&gt;&gt;</a>&nbsp;&nbsp;&nbsp;GPIOF_Handler
</UL>
<BR>[Called By]<UL><LI><a href="#[28]">&gt;&gt;</a>&nbsp;&nbsp;&nbsp;GPIOF_Handler
</UL>
<BR>[Address Reference Count : 1]<UL><LI> startup_tm4c123.o(RESET)
</UL>
<P><STRONG><a name="[29]"></a>GPIOG_Handler</STRONG> (Thumb, 2 bytes, Stack size 0 bytes, startup_tm4c123.o(.text))
<BR><BR>[Calls]<UL><LI><a href="#[29]">&gt;&gt;</a>&nbsp;&nbsp;&nbsp;GPIOG_Handler
</UL>
<BR>[Called By]<UL><LI><a href="#[29]">&gt;&gt;</a>&nbsp;&nbsp;&nbsp;GPIOG_Handler
</UL>
<BR>[Address Reference Count : 1]<UL><LI> startup_tm4c123.o(RESET)
</UL>
<P><STRONG><a name="[2a]"></a>GPIOH_Handler</STRONG> (Thumb, 2 bytes, Stack size 0 bytes, startup_tm4c123.o(.text))
<BR><BR>[Calls]<UL><LI><a href="#[2a]">&gt;&gt;</a>&nbsp;&nbsp;&nbsp;GPIOH_Handler
</UL>
<BR>[Called By]<UL><LI><a href="#[2a]">&gt;&gt;</a>&nbsp;&nbsp;&nbsp;GPIOH_Handler
</UL>
<BR>[Address Reference Count : 1]<UL><LI> startup_tm4c123.o(RESET)
</UL>
<P><STRONG><a name="[2b]"></a>UART2_Handler</STRONG> (Thumb, 2 bytes, Stack size 0 bytes, startup_tm4c123.o(.text))
<BR><BR>[Calls]<UL><LI><a href="#[2b]">&gt;&gt;</a>&nbsp;&nbsp;&nbsp;UART2_Handler
</UL>
<BR>[Called By]<UL><LI><a href="#[2b]">&gt;&gt;</a>&nbsp;&nbsp;&nbsp;UART2_Handler
</UL>
<BR>[Address Reference Count : 1]<UL><LI> startup_tm4c123.o(RESET)
</UL>
<P><STRONG><a name="[2c]"></a>SSI1_Handler</STRONG> (Thumb, 2 bytes, Stack size 0 bytes, startup_tm4c123.o(.text))
<BR><BR>[Calls]<UL><LI><a href="#[2c]">&gt;&gt;</a>&nbsp;&nbsp;&nbsp;SSI1_Handler
</UL>
<BR>[Called By]<UL><LI><a href="#[2c]">&gt;&gt;</a>&nbsp;&nbsp;&nbsp;SSI1_Handler
</UL>
<BR>[Address Reference Count : 1]<UL><LI> startup_tm4c123.o(RESET)
</UL>
<P><STRONG><a name="[2d]"></a>TIMER3A_Handler</STRONG> (Thumb, 2 bytes, Stack size 0 bytes, startup_tm4c123.o(.text))
<BR><BR>[Calls]<UL><LI><a href="#[2d]">&gt;&gt;</a>&nbsp;&nbsp;&nbsp;TIMER3A_Handler
</UL>
<BR>[Called By]<UL><LI><a href="#[2d]">&gt;&gt;</a>&nbsp;&nbsp;&nbsp;TIMER3A_Handler
</UL>
<BR>[Address Reference Count : 1]<UL><LI> startup_tm4c123.o(RESET)
</UL>
<P><STRONG><a name="[2e]"></a>TIMER3B_Handler</STRONG> (Thumb, 2 bytes, Stack size 0 bytes, startup_tm4c123.o(.text))
<BR><BR>[Calls]<UL><LI><a href="#[2e]">&gt;&gt;</a>&nbsp;&nbsp;&nbsp;TIMER3B_Handler
</UL>
<BR>[Called By]<UL><LI><a href="#[2e]">&gt;&gt;</a>&nbsp;&nbsp;&nbsp;TIMER3B_Handler
</UL>
<BR>[Address Reference Count : 1]<UL><LI> startup_tm4c123.o(RESET)
</UL>
<P><STRONG><a name="[2f]"></a>I2C1_Handler</STRONG> (Thumb, 2 bytes, Stack size 0 bytes, startup_tm4c123.o(.text))
<BR><BR>[Calls]<UL><LI><a href="#[2f]">&gt;&gt;</a>&nbsp;&nbsp;&nbsp;I2C1_Handler
</UL>
<BR>[Called By]<UL><LI><a href="#[2f]">&gt;&gt;</a>&nbsp;&nbsp;&nbsp;I2C1_Handler
</UL>
<BR>[Address Reference Count : 1]<UL><LI> startup_tm4c123.o(RESET)
</UL>
<P><STRONG><a name="[30]"></a>QEI1_Handler</STRONG> (Thumb, 2 bytes, Stack size 0 bytes, startup_tm4c123.o(.text))
<BR><BR>[Calls]<UL><LI><a href="#[30]">&gt;&gt;</a>&nbsp;&nbsp;&nbsp;QEI1_Handler
</UL>
<BR>[Called By]<UL><LI><a href="#[30]">&gt;&gt;</a>&nbsp;&nbsp;&nbsp;QEI1_Handler
</UL>
<BR>[Address Reference Count : 1]<UL><LI> startup_tm4c123.o(RESET)
</UL>
<P><STRONG><a name="[31]"></a>CAN0_Handler</STRONG> (Thumb, 2 bytes, Stack size 0 bytes, startup_tm4c123.o(.text))
<BR><BR>[Calls]<UL><LI><a href="#[31]">&gt;&gt;</a>&nbsp;&nbsp;&nbsp;CAN0_Handler
</UL>
<BR>[Called By]<UL><LI><a href="#[31]">&gt;&gt;</a>&nbsp;&nbsp;&nbsp;CAN0_Handler
</UL>
<BR>[Address Reference Count : 1]<UL><LI> startup_tm4c123.o(RESET)
</UL>
<P><STRONG><a name="[32]"></a>CAN1_Handler</STRONG> (Thumb, 2 bytes, Stack size 0 bytes, startup_tm4c123.o(.text))
<BR><BR>[Calls]<UL><LI><a href="#[32]">&gt;&gt;</a>&nbsp;&nbsp;&nbsp;CAN1_Handler
</UL>
<BR>[Called By]<UL><LI><a href="#[32]">&gt;&gt;</a>&nbsp;&nbsp;&nbsp;CAN1_Handler
</UL>
<BR>[Address Reference Count : 1]<UL><LI> startup_tm4c123.o(RESET)
</UL>
<P><STRONG><a name="[33]"></a>CAN2_Handler</STRONG> (Thumb, 2 bytes, Stack size 0 bytes, startup_tm4c123.o(.text))
<BR><BR>[Calls]<UL><LI><a href="#[33]">&gt;&gt;</a>&nbsp;&nbsp;&nbsp;CAN2_Handler
</UL>
<BR>[Called By]<UL><LI><a href="#[33]">&gt;&gt;</a>&nbsp;&nbsp;&nbsp;CAN2_Handler
</UL>
<BR>[Address Reference Count : 1]<UL><LI> startup_tm4c123.o(RESET)
</UL>
<P><STRONG><a name="[34]"></a>HIB_Handler</STRONG> (Thumb, 2 bytes, Stack size 0 bytes, startup_tm4c123.o(.text))
<BR><BR>[Calls]<UL><LI><a href="#[34]">&gt;&gt;</a>&nbsp;&nbsp;&nbsp;HIB_Handler
</UL>
<BR>[Called By]<UL><LI><a href="#[34]">&gt;&gt;</a>&nbsp;&nbsp;&nbsp;HIB_Handler
</UL>
<BR>[Address Reference Count : 1]<UL><LI> startup_tm4c123.o(RESET)
</UL>
<P><STRONG><a name="[35]"></a>USB0_Handler</STRONG> (Thumb, 2 bytes, Stack size 0 bytes, startup_tm4c123.o(.text))
<BR><BR>[Calls]<UL><LI><a href="#[35]">&gt;&gt;</a>&nbsp;&nbsp;&nbsp;USB0_Handler
</UL>
<BR>[Called By]<UL><LI><a href="#[35]">&gt;&gt;</a>&nbsp;&nbsp;&nbsp;USB0_Handler
</UL>
<BR>[Address Reference Count : 1]<UL><LI> startup_tm4c123.o(RESET)
</UL>
<P><STRONG><a name="[36]"></a>PWM0_3_Handler</STRONG> (Thumb, 2 bytes, Stack size 0 bytes, startup_tm4c123.o(.text))
<BR><BR>[Calls]<UL><LI><a href="#[36]">&gt;&gt;</a>&nbsp;&nbsp;&nbsp;PWM0_3_Handler
</UL>
<BR>[Called By]<UL><LI><a href="#[36]">&gt;&gt;</a>&nbsp;&nbsp;&nbsp;PWM0_3_Handler
</UL>
<BR>[Address Reference Count : 1]<UL><LI> startup_tm4c123.o(RESET)
</UL>
<P><STRONG><a name="[37]"></a>UDMA_Handler</STRONG> (Thumb, 2 bytes, Stack size 0 bytes, startup_tm4c123.o(.text))
<BR><BR>[Calls]<UL><LI><a href="#[37]">&gt;&gt;</a>&nbsp;&nbsp;&nbsp;UDMA_Handler
</UL>
<BR>[Called By]<UL><LI><a href="#[37]">&gt;&gt;</a>&nbsp;&nbsp;&nbsp;UDMA_Handler
</UL>
<BR>[Address Reference Count : 1]<UL><LI> startup_tm4c123.o(RESET)
</UL>
<P><STRONG><a name="[38]"></a>UDMAERR_Handler</STRONG> (Thumb, 2 bytes, Stack size 0 bytes, startup_tm4c123.o(.text))
<BR><BR>[Calls]<UL><LI><a href="#[38]">&gt;&gt;</a>&nbsp;&nbsp;&nbsp;UDMAERR_Handler
</UL>
<BR>[Called By]<UL><LI><a href="#[38]">&gt;&gt;</a>&nbsp;&nbsp;&nbsp;UDMAERR_Handler
</UL>
<BR>[Address Reference Count : 1]<UL><LI> startup_tm4c123.o(RESET)
</UL>
<P><STRONG><a name="[39]"></a>ADC1SS0_Handler</STRONG> (Thumb, 2 bytes, Stack size 0 bytes, startup_tm4c123.o(.text))
<BR><BR>[Calls]<UL><LI><a href="#[39]">&gt;&gt;</a>&nbsp;&nbsp;&nbsp;ADC1SS0_Handler
</UL>
<BR>[Called By]<UL><LI><a href="#[39]">&gt;&gt;</a>&nbsp;&nbsp;&nbsp;ADC1SS0_Handler
</UL>
<BR>[Address Reference Count : 1]<UL><LI> startup_tm4c123.o(RESET)
</UL>
<P><STRONG><a name="[3a]"></a>ADC1SS1_Handler</STRONG> (Thumb, 2 bytes, Stack size 0 bytes, startup_tm4c123.o(.text))
<BR><BR>[Calls]<UL><LI><a href="#[3a]">&gt;&gt;</a>&nbsp;&nbsp;&nbsp;ADC1SS1_Handler
</UL>
<BR>[Called By]<UL><LI><a href="#[3a]">&gt;&gt;</a>&nbsp;&nbsp;&nbsp;ADC1SS1_Handler
</UL>
<BR>[Address Reference Count : 1]<UL><LI> startup_tm4c123.o(RESET)
</UL>
<P><STRONG><a name="[3b]"></a>ADC1SS2_Handler</STRONG> (Thumb, 2 bytes, Stack size 0 bytes, startup_tm4c123.o(.text))
<BR><BR>[Calls]<UL><LI><a href="#[3b]">&gt;&gt;</a>&nbsp;&nbsp;&nbsp;ADC1SS2_Handler
</UL>
<BR>[Called By]<UL><LI><a href="#[3b]">&gt;&gt;</a>&nbsp;&nbsp;&nbsp;ADC1SS2_Handler
</UL>
<BR>[Address Reference Count : 1]<UL><LI> startup_tm4c123.o(RESET)
</UL>
<P><STRONG><a name="[3c]"></a>ADC1SS3_Handler</STRONG> (Thumb, 2 bytes, Stack size 0 bytes, startup_tm4c123.o(.text))
<BR><BR>[Calls]<UL><LI><a href="#[3c]">&gt;&gt;</a>&nbsp;&nbsp;&nbsp;ADC1SS3_Handler
</UL>
<BR>[Called By]<UL><LI><a href="#[3c]">&gt;&gt;</a>&nbsp;&nbsp;&nbsp;ADC1SS3_Handler
</UL>
<BR>[Address Reference Count : 1]<UL><LI> startup_tm4c123.o(RESET)
</UL>
<P><STRONG><a name="[3d]"></a>GPIOJ_Handler</STRONG> (Thumb, 2 bytes, Stack size 0 bytes, startup_tm4c123.o(.text))
<BR><BR>[Calls]<UL><LI><a href="#[3d]">&gt;&gt;</a>&nbsp;&nbsp;&nbsp;GPIOJ_Handler
</UL>
<BR>[Called By]<UL><LI><a href="#[3d]">&gt;&gt;</a>&nbsp;&nbsp;&nbsp;GPIOJ_Handler
</UL>
<BR>[Address Reference Count : 1]<UL><LI> startup_tm4c123.o(RESET)
</UL>
<P><STRONG><a name="[3e]"></a>GPIOK_Handler</STRONG> (Thumb, 2 bytes, Stack size 0 bytes, startup_tm4c123.o(.text))
<BR><BR>[Calls]<UL><LI><a href="#[3e]">&gt;&gt;</a>&nbsp;&nbsp;&nbsp;GPIOK_Handler
</UL>
<BR>[Called By]<UL><LI><a href="#[3e]">&gt;&gt;</a>&nbsp;&nbsp;&nbsp;GPIOK_Handler
</UL>
<BR>[Address Reference Count : 1]<UL><LI> startup_tm4c123.o(RESET)
</UL>
<P><STRONG><a name="[3f]"></a>GPIOL_Handler</STRONG> (Thumb, 2 bytes, Stack size 0 bytes, startup_tm4c123.o(.text))
<BR><BR>[Calls]<UL><LI><a href="#[3f]">&gt;&gt;</a>&nbsp;&nbsp;&nbsp;GPIOL_Handler
</UL>
<BR>[Called By]<UL><LI><a href="#[3f]">&gt;&gt;</a>&nbsp;&nbsp;&nbsp;GPIOL_Handler
</UL>
<BR>[Address Reference Count : 1]<UL><LI> startup_tm4c123.o(RESET)
</UL>
<P><STRONG><a name="[40]"></a>SSI2_Handler</STRONG> (Thumb, 2 bytes, Stack size 0 bytes, startup_tm4c123.o(.text))
<BR><BR>[Calls]<UL><LI><a href="#[40]">&gt;&gt;</a>&nbsp;&nbsp;&nbsp;SSI2_Handler
</UL>
<BR>[Called By]<UL><LI><a href="#[40]">&gt;&gt;</a>&nbsp;&nbsp;&nbsp;SSI2_Handler
</UL>
<BR>[Address Reference Count : 1]<UL><LI> startup_tm4c123.o(RESET)
</UL>
<P><STRONG><a name="[41]"></a>SSI3_Handler</STRONG> (Thumb, 2 bytes, Stack size 0 bytes, startup_tm4c123.o(.text))
<BR><BR>[Calls]<UL><LI><a href="#[41]">&gt;&gt;</a>&nbsp;&nbsp;&nbsp;SSI3_Handler
</UL>
<BR>[Called By]<UL><LI><a href="#[41]">&gt;&gt;</a>&nbsp;&nbsp;&nbsp;SSI3_Handler
</UL>
<BR>[Address Reference Count : 1]<UL><LI> startup_tm4c123.o(RESET)
</UL>
<P><STRONG><a name="[42]"></a>UART3_Handler</STRONG> (Thumb, 2 bytes, Stack size 0 bytes, startup_tm4c123.o(.text))
<BR><BR>[Calls]<UL><LI><a href="#[42]">&gt;&gt;</a>&nbsp;&nbsp;&nbsp;UART3_Handler
</UL>
<BR>[Called By]<UL><LI><a href="#[42]">&gt;&gt;</a>&nbsp;&nbsp;&nbsp;UART3_Handler
</UL>
<BR>[Address Reference Count : 1]<UL><LI> startup_tm4c123.o(RESET)
</UL>
<P><STRONG><a name="[43]"></a>UART4_Handler</STRONG> (Thumb, 2 bytes, Stack size 0 bytes, startup_tm4c123.o(.text))
<BR><BR>[Calls]<UL><LI><a href="#[43]">&gt;&gt;</a>&nbsp;&nbsp;&nbsp;UART4_Handler
</UL>
<BR>[Called By]<UL><LI><a href="#[43]">&gt;&gt;</a>&nbsp;&nbsp;&nbsp;UART4_Handler
</UL>
<BR>[Address Reference Count : 1]<UL><LI> startup_tm4c123.o(RESET)
</UL>
<P><STRONG><a name="[44]"></a>UART5_Handler</STRONG> (Thumb, 2 bytes, Stack size 0 bytes, startup_tm4c123.o(.text))
<BR><BR>[Calls]<UL><LI><a href="#[44]">&gt;&gt;</a>&nbsp;&nbsp;&nbsp;UART5_Handler
</UL>
<BR>[Called By]<UL><LI><a href="#[44]">&gt;&gt;</a>&nbsp;&nbsp;&nbsp;UART5_Handler
</UL>
<BR>[Address Reference Count : 1]<UL><LI> startup_tm4c123.o(RESET)
</UL>
<P><STRONG><a name="[45]"></a>UART6_Handler</STRONG> (Thumb, 2 bytes, Stack size 0 bytes, startup_tm4c123.o(.text))
<BR><BR>[Calls]<UL><LI><a href="#[45]">&gt;&gt;</a>&nbsp;&nbsp;&nbsp;UART6_Handler
</UL>
<BR>[Called By]<UL><LI><a href="#[45]">&gt;&gt;</a>&nbsp;&nbsp;&nbsp;UART6_Handler
</UL>
<BR>[Address Reference Count : 1]<UL><LI> startup_tm4c123.o(RESET)
</UL>
<P><STRONG><a name="[46]"></a>UART7_Handler</STRONG> (Thumb, 2 bytes, Stack size 0 bytes, startup_tm4c123.o(.text))
<BR><BR>[Calls]<UL><LI><a href="#[46]">&gt;&gt;</a>&nbsp;&nbsp;&nbsp;UART7_Handler
</UL>
<BR>[Called By]<UL><LI><a href="#[46]">&gt;&gt;</a>&nbsp;&nbsp;&nbsp;UART7_Handler
</UL>
<BR>[Address Reference Count : 1]<UL><LI> startup_tm4c123.o(RESET)
</UL>
<P><STRONG><a name="[47]"></a>I2C2_Handler</STRONG> (Thumb, 2 bytes, Stack size 0 bytes, startup_tm4c123.o(.text))
<BR><BR>[Calls]<UL><LI><a href="#[47]">&gt;&gt;</a>&nbsp;&nbsp;&nbsp;I2C2_Handler
</UL>
<BR>[Called By]<UL><LI><a href="#[47]">&gt;&gt;</a>&nbsp;&nbsp;&nbsp;I2C2_Handler
</UL>
<BR>[Address Reference Count : 1]<UL><LI> startup_tm4c123.o(RESET)
</UL>
<P><STRONG><a name="[48]"></a>I2C3_Handler</STRONG> (Thumb, 2 bytes, Stack size 0 bytes, startup_tm4c123.o(.text))
<BR><BR>[Calls]<UL><LI><a href="#[48]">&gt;&gt;</a>&nbsp;&nbsp;&nbsp;I2C3_Handler
</UL>
<BR>[Called By]<UL><LI><a href="#[48]">&gt;&gt;</a>&nbsp;&nbsp;&nbsp;I2C3_Handler
</UL>
<BR>[Address Reference Count : 1]<UL><LI> startup_tm4c123.o(RESET)
</UL>
<P><STRONG><a name="[49]"></a>TIMER4A_Handler</STRONG> (Thumb, 2 bytes, Stack size 0 bytes, startup_tm4c123.o(.text))
<BR><BR>[Calls]<UL><LI><a href="#[49]">&gt;&gt;</a>&nbsp;&nbsp;&nbsp;TIMER4A_Handler
</UL>
<BR>[Called By]<UL><LI><a href="#[49]">&gt;&gt;</a>&nbsp;&nbsp;&nbsp;TIMER4A_Handler
</UL>
<BR>[Address Reference Count : 1]<UL><LI> startup_tm4c123.o(RESET)
</UL>
<P><STRONG><a name="[4a]"></a>TIMER4B_Handler</STRONG> (Thumb, 2 bytes, Stack size 0 bytes, startup_tm4c123.o(.text))
<BR><BR>[Calls]<UL><LI><a href="#[4a]">&gt;&gt;</a>&nbsp;&nbsp;&nbsp;TIMER4B_Handler
</UL>
<BR>[Called By]<UL><LI><a href="#[4a]">&gt;&gt;</a>&nbsp;&nbsp;&nbsp;TIMER4B_Handler
</UL>
<BR>[Address Reference Count : 1]<UL><LI> startup_tm4c123.o(RESET)
</UL>
<P><STRONG><a name="[4b]"></a>TIMER5A_Handler</STRONG> (Thumb, 2 bytes, Stack size 0 bytes, startup_tm4c123.o(.text))
<BR><BR>[Calls]<UL><LI><a href="#[4b]">&gt;&gt;</a>&nbsp;&nbsp;&nbsp;TIMER5A_Handler
</UL>
<BR>[Called By]<UL><LI><a href="#[4b]">&gt;&gt;</a>&nbsp;&nbsp;&nbsp;TIMER5A_Handler
</UL>
<BR>[Address Reference Count : 1]<UL><LI> startup_tm4c123.o(RESET)
</UL>
<P><STRONG><a name="[4c]"></a>TIMER5B_Handler</STRONG> (Thumb, 2 bytes, Stack size 0 bytes, startup_tm4c123.o(.text))
<BR><BR>[Calls]<UL><LI><a href="#[4c]">&gt;&gt;</a>&nbsp;&nbsp;&nbsp;TIMER5B_Handler
</UL>
<BR>[Called By]<UL><LI><a href="#[4c]">&gt;&gt;</a>&nbsp;&nbsp;&nbsp;TIMER5B_Handler
</UL>
<BR>[Address Reference Count : 1]<UL><LI> startup_tm4c123.o(RESET)
</UL>
<P><STRONG><a name="[4d]"></a>WTIMER0A_Handler</STRONG> (Thumb, 2 bytes, Stack size 0 bytes, startup_tm4c123.o(.text))
<BR><BR>[Calls]<UL><LI><a href="#[4d]">&gt;&gt;</a>&nbsp;&nbsp;&nbsp;WTIMER0A_Handler
</UL>
<BR>[Called By]<UL><LI><a href="#[4d]">&gt;&gt;</a>&nbsp;&nbsp;&nbsp;WTIMER0A_Handler
</UL>
<BR>[Address Reference Count : 1]<UL><LI> startup_tm4c123.o(RESET)
</UL>
<P><STRONG><a name="[4e]"></a>WTIMER0B_Handler</STRONG> (Thumb, 2 bytes, Stack size 0 bytes, startup_tm4c123.o(.text))
<BR><BR>[Calls]<UL><LI><a href="#[4e]">&gt;&gt;</a>&nbsp;&nbsp;&nbsp;WTIMER0B_Handler
</UL>
<BR>[Called By]<UL><LI><a href="#[4e]">&gt;&gt;</a>&nbsp;&nbsp;&nbsp;WTIMER0B_Handler
</UL>
<BR>[Address Reference Count : 1]<UL><LI> startup_tm4c123.o(RESET)
</UL>
<P><STRONG><a name="[4f]"></a>WTIMER1A_Handler</STRONG> (Thumb, 2 bytes, Stack size 0 bytes, startup_tm4c123.o(.text))
<BR><BR>[Calls]<UL><LI><a href="#[4f]">&gt;&gt;</a>&nbsp;&nbsp;&nbsp;WTIMER1A_Handler
</UL>
<BR>[Called By]<UL><LI><a href="#[4f]">&gt;&gt;</a>&nbsp;&nbsp;&nbsp;WTIMER1A_Handler
</UL>
<BR>[Address Reference Count : 1]<UL><LI> startup_tm4c123.o(RESET)
</UL>
<P><STRONG><a name="[50]"></a>WTIMER1B_Handler</STRONG> (Thumb, 2 bytes, Stack size 0 bytes, startup_tm4c123.o(.text))
<BR><BR>[Calls]<UL><LI><a href="#[50]">&gt;&gt;</a>&nbsp;&nbsp;&nbsp;WTIMER1B_Handler
</UL>
<BR>[Called By]<UL><LI><a href="#[50]">&gt;&gt;</a>&nbsp;&nbsp;&nbsp;WTIMER1B_Handler
</UL>
<BR>[Address Reference Count : 1]<UL><LI> startup_tm4c123.o(RESET)
</UL>
<P><STRONG><a name="[51]"></a>WTIMER2A_Handler</STRONG> (Thumb, 2 bytes, Stack size 0 bytes, startup_tm4c123.o(.text))
<BR><BR>[Calls]<UL><LI><a href="#[51]">&gt;&gt;</a>&nbsp;&nbsp;&nbsp;WTIMER2A_Handler
</UL>
<BR>[Called By]<UL><LI><a href="#[51]">&gt;&gt;</a>&nbsp;&nbsp;&nbsp;WTIMER2A_Handler
</UL>
<BR>[Address Reference Count : 1]<UL><LI> startup_tm4c123.o(RESET)
</UL>
<P><STRONG><a name="[52]"></a>WTIMER2B_Handler</STRONG> (Thumb, 2 bytes, Stack size 0 bytes, startup_tm4c123.o(.text))
<BR><BR>[Calls]<UL><LI><a href="#[52]">&gt;&gt;</a>&nbsp;&nbsp;&nbsp;WTIMER2B_Handler
</UL>
<BR>[Called By]<UL><LI><a href="#[52]">&gt;&gt;</a>&nbsp;&nbsp;&nbsp;WTIMER2B_Handler
</UL>
<BR>[Address Reference Count : 1]<UL><LI> startup_tm4c123.o(RESET)
</UL>
<P><STRONG><a name="[53]"></a>WTIMER3A_Handler</STRONG> (Thumb, 2 bytes, Stack size 0 bytes, startup_tm4c123.o(.text))
<BR><BR>[Calls]<UL><LI><a href="#[53]">&gt;&gt;</a>&nbsp;&nbsp;&nbsp;WTIMER3A_Handler
</UL>
<BR>[Called By]<UL><LI><a href="#[53]">&gt;&gt;</a>&nbsp;&nbsp;&nbsp;WTIMER3A_Handler
</UL>
<BR>[Address Reference Count : 1]<UL><LI> startup_tm4c123.o(RESET)
</UL>
<P><STRONG><a name="[54]"></a>WTIMER3B_Handler</STRONG> (Thumb, 2 bytes, Stack size 0 bytes, startup_tm4c123.o(.text))
<BR><BR>[Calls]<UL><LI><a href="#[54]">&gt;&gt;</a>&nbsp;&nbsp;&nbsp;WTIMER3B_Handler
</UL>
<BR>[Called By]<UL><LI><a href="#[54]">&gt;&gt;</a>&nbsp;&nbsp;&nbsp;WTIMER3B_Handler
</UL>
<BR>[Address Reference Count : 1]<UL><LI> startup_tm4c123.o(RESET)
</UL>
<P><STRONG><a name="[55]"></a>WTIMER4A_Handler</STRONG> (Thumb, 2 bytes, Stack size 0 bytes, startup_tm4c123.o(.text))
<BR><BR>[Calls]<UL><LI><a href="#[55]">&gt;&gt;</a>&nbsp;&nbsp;&nbsp;WTIMER4A_Handler
</UL>
<BR>[Called By]<UL><LI><a href="#[55]">&gt;&gt;</a>&nbsp;&nbsp;&nbsp;WTIMER4A_Handler
</UL>
<BR>[Address Reference Count : 1]<UL><LI> startup_tm4c123.o(RESET)
</UL>
<P><STRONG><a name="[56]"></a>WTIMER4B_Handler</STRONG> (Thumb, 2 bytes, Stack size 0 bytes, startup_tm4c123.o(.text))
<BR><BR>[Calls]<UL><LI><a href="#[56]">&gt;&gt;</a>&nbsp;&nbsp;&nbsp;WTIMER4B_Handler
</UL>
<BR>[Called By]<UL><LI><a href="#[56]">&gt;&gt;</a>&nbsp;&nbsp;&nbsp;WTIMER4B_Handler
</UL>
<BR>[Address Reference Count : 1]<UL><LI> startup_tm4c123.o(RESET)
</UL>
<P><STRONG><a name="[57]"></a>WTIMER5A_Handler</STRONG> (Thumb, 2 bytes, Stack size 0 bytes, startup_tm4c123.o(.text))
<BR><BR>[Calls]<UL><LI><a href="#[57]">&gt;&gt;</a>&nbsp;&nbsp;&nbsp;WTIMER5A_Handler
</UL>
<BR>[Called By]<UL><LI><a href="#[57]">&gt;&gt;</a>&nbsp;&nbsp;&nbsp;WTIMER5A_Handler
</UL>
<BR>[Address Reference Count : 1]<UL><LI> startup_tm4c123.o(RESET)
</UL>
<P><STRONG><a name="[58]"></a>WTIMER5B_Handler</STRONG> (Thumb, 2 bytes, Stack size 0 bytes, startup_tm4c123.o(.text))
<BR><BR>[Calls]<UL><LI><a href="#[58]">&gt;&gt;</a>&nbsp;&nbsp;&nbsp;WTIMER5B_Handler
</UL>
<BR>[Called By]<UL><LI><a href="#[58]">&gt;&gt;</a>&nbsp;&nbsp;&nbsp;WTIMER5B_Handler
</UL>
<BR>[Address Reference Count : 1]<UL><LI> startup_tm4c123.o(RESET)
</UL>
<P><STRONG><a name="[59]"></a>FPU_Handler</STRONG> (Thumb, 2 bytes, Stack size 0 bytes, startup_tm4c123.o(.text))
<BR><BR>[Calls]<UL><LI><a href="#[59]">&gt;&gt;</a>&nbsp;&nbsp;&nbsp;FPU_Handler
</UL>
<BR>[Called By]<UL><LI><a href="#[59]">&gt;&gt;</a>&nbsp;&nbsp;&nbsp;FPU_Handler
</UL>
<BR>[Address Reference Count : 1]<UL><LI> startup_tm4c123.o(RESET)
</UL>
<P><STRONG><a name="[5a]"></a>I2C4_Handler</STRONG> (Thumb, 2 bytes, Stack size 0 bytes, startup_tm4c123.o(.text))
<BR><BR>[Calls]<UL><LI><a href="#[5a]">&gt;&gt;</a>&nbsp;&nbsp;&nbsp;I2C4_Handler
</UL>
<BR>[Called By]<UL><LI><a href="#[5a]">&gt;&gt;</a>&nbsp;&nbsp;&nbsp;I2C4_Handler
</UL>
<BR>[Address Reference Count : 1]<UL><LI> startup_tm4c123.o(RESET)
</UL>
<P><STRONG><a name="[5b]"></a>I2C5_Handler</STRONG> (Thumb, 2 bytes, Stack size 0 bytes, startup_tm4c123.o(.text))
<BR><BR>[Calls]<UL><LI><a href="#[5b]">&gt;&gt;</a>&nbsp;&nbsp;&nbsp;I2C5_Handler
</UL>
<BR>[Called By]<UL><LI><a href="#[5b]">&gt;&gt;</a>&nbsp;&nbsp;&nbsp;I2C5_Handler
</UL>
<BR>[Address Reference Count : 1]<UL><LI> startup_tm4c123.o(RESET)
</UL>
<P><STRONG><a name="[5c]"></a>GPIOM_Handler</STRONG> (Thumb, 2 bytes, Stack size 0 bytes, startup_tm4c123.o(.text))
<BR><BR>[Calls]<UL><LI><a href="#[5c]">&gt;&gt;</a>&nbsp;&nbsp;&nbsp;GPIOM_Handler
</UL>
<BR>[Called By]<UL><LI><a href="#[5c]">&gt;&gt;</a>&nbsp;&nbsp;&nbsp;GPIOM_Handler
</UL>
<BR>[Address Reference Count : 1]<UL><LI> startup_tm4c123.o(RESET)
</UL>
<P><STRONG><a name="[5d]"></a>GPION_Handler</STRONG> (Thumb, 2 bytes, Stack size 0 bytes, startup_tm4c123.o(.text))
<BR><BR>[Calls]<UL><LI><a href="#[5d]">&gt;&gt;</a>&nbsp;&nbsp;&nbsp;GPION_Handler
</UL>
<BR>[Called By]<UL><LI><a href="#[5d]">&gt;&gt;</a>&nbsp;&nbsp;&nbsp;GPION_Handler
</UL>
<BR>[Address Reference Count : 1]<UL><LI> startup_tm4c123.o(RESET)
</UL>
<P><STRONG><a name="[5e]"></a>QEI2_Handler</STRONG> (Thumb, 2 bytes, Stack size 0 bytes, startup_tm4c123.o(.text))
<BR><BR>[Calls]<UL><LI><a href="#[5e]">&gt;&gt;</a>&nbsp;&nbsp;&nbsp;QEI2_Handler
</UL>
<BR>[Called By]<UL><LI><a href="#[5e]">&gt;&gt;</a>&nbsp;&nbsp;&nbsp;QEI2_Handler
</UL>
<BR>[Address Reference Count : 1]<UL><LI> startup_tm4c123.o(RESET)
</UL>
<P><STRONG><a name="[5f]"></a>GPIOP0_Handler</STRONG> (Thumb, 2 bytes, Stack size 0 bytes, startup_tm4c123.o(.text))
<BR><BR>[Calls]<UL><LI><a href="#[5f]">&gt;&gt;</a>&nbsp;&nbsp;&nbsp;GPIOP0_Handler
</UL>
<BR>[Called By]<UL><LI><a href="#[5f]">&gt;&gt;</a>&nbsp;&nbsp;&nbsp;GPIOP0_Handler
</UL>
<BR>[Address Reference Count : 1]<UL><LI> startup_tm4c123.o(RESET)
</UL>
<P><STRONG><a name="[60]"></a>GPIOP1_Handler</STRONG> (Thumb, 2 bytes, Stack size 0 bytes, startup_tm4c123.o(.text))
<BR><BR>[Calls]<UL><LI><a href="#[60]">&gt;&gt;</a>&nbsp;&nbsp;&nbsp;GPIOP1_Handler
</UL>
<BR>[Called By]<UL><LI><a href="#[60]">&gt;&gt;</a>&nbsp;&nbsp;&nbsp;GPIOP1_Handler
</UL>
<BR>[Address Reference Count : 1]<UL><LI> startup_tm4c123.o(RESET)
</UL>
<P><STRONG><a name="[61]"></a>GPIOP2_Handler</STRONG> (Thumb, 2 bytes, Stack size 0 bytes, startup_tm4c123.o(.text))
<BR><BR>[Calls]<UL><LI><a href="#[61]">&gt;&gt;</a>&nbsp;&nbsp;&nbsp;GPIOP2_Handler
</UL>
<BR>[Called By]<UL><LI><a href="#[61]">&gt;&gt;</a>&nbsp;&nbsp;&nbsp;GPIOP2_Handler
</UL>
<BR>[Address Reference Count : 1]<UL><LI> startup_tm4c123.o(RESET)
</UL>
<P><STRONG><a name="[62]"></a>GPIOP3_Handler</STRONG> (Thumb, 2 bytes, Stack size 0 bytes, startup_tm4c123.o(.text))
<BR><BR>[Calls]<UL><LI><a href="#[62]">&gt;&gt;</a>&nbsp;&nbsp;&nbsp;GPIOP3_Handler
</UL>
<BR>[Called By]<UL><LI><a href="#[62]">&gt;&gt;</a>&nbsp;&nbsp;&nbsp;GPIOP3_Handler
</UL>
<BR>[Address Reference Count : 1]<UL><LI> startup_tm4c123.o(RESET)
</UL>
<P><STRONG><a name="[63]"></a>GPIOP4_Handler</STRONG> (Thumb, 2 bytes, Stack size 0 bytes, startup_tm4c123.o(.text))
<BR><BR>[Calls]<UL><LI><a href="#[63]">&gt;&gt;</a>&nbsp;&nbsp;&nbsp;GPIOP4_Handler
</UL>
<BR>[Called By]<UL><LI><a href="#[63]">&gt;&gt;</a>&nbsp;&nbsp;&nbsp;GPIOP4_Handler
</UL>
<BR>[Address Reference Count : 1]<UL><LI> startup_tm4c123.o(RESET)
</UL>
<P><STRONG><a name="[64]"></a>GPIOP5_Handler</STRONG> (Thumb, 2 bytes, Stack size 0 bytes, startup_tm4c123.o(.text))
<BR><BR>[Calls]<UL><LI><a href="#[64]">&gt;&gt;</a>&nbsp;&nbsp;&nbsp;GPIOP5_Handler
</UL>
<BR>[Called By]<UL><LI><a href="#[64]">&gt;&gt;</a>&nbsp;&nbsp;&nbsp;GPIOP5_Handler
</UL>
<BR>[Address Reference Count : 1]<UL><LI> startup_tm4c123.o(RESET)
</UL>
<P><STRONG><a name="[65]"></a>GPIOP6_Handler</STRONG> (Thumb, 2 bytes, Stack size 0 bytes, startup_tm4c123.o(.text))
<BR><BR>[Calls]<UL><LI><a href="#[65]">&gt;&gt;</a>&nbsp;&nbsp;&nbsp;GPIOP6_Handler
</UL>
<BR>[Called By]<UL><LI><a href="#[65]">&gt;&gt;</a>&nbsp;&nbsp;&nbsp;GPIOP6_Handler
</UL>
<BR>[Address Reference Count : 1]<UL><LI> startup_tm4c123.o(RESET)
</UL>
<P><STRONG><a name="[66]"></a>GPIOP7_Handler</STRONG> (Thumb, 2 bytes, Stack size 0 bytes, startup_tm4c123.o(.text))
<BR><BR>[Calls]<UL><LI><a href="#[66]">&gt;&gt;</a>&nbsp;&nbsp;&nbsp;GPIOP7_Handler
</UL>
<BR>[Called By]<UL><LI><a href="#[66]">&gt;&gt;</a>&nbsp;&nbsp;&nbsp;GPIOP7_Handler
</UL>
<BR>[Address Reference Count : 1]<UL><LI> startup_tm4c123.o(RESET)
</UL>
<P><STRONG><a name="[67]"></a>GPIOQ0_Handler</STRONG> (Thumb, 2 bytes, Stack size 0 bytes, startup_tm4c123.o(.text))
<BR><BR>[Calls]<UL><LI><a href="#[67]">&gt;&gt;</a>&nbsp;&nbsp;&nbsp;GPIOQ0_Handler
</UL>
<BR>[Called By]<UL><LI><a href="#[67]">&gt;&gt;</a>&nbsp;&nbsp;&nbsp;GPIOQ0_Handler
</UL>
<BR>[Address Reference Count : 1]<UL><LI> startup_tm4c123.o(RESET)
</UL>
<P><STRONG><a name="[68]"></a>GPIOQ1_Handler</STRONG> (Thumb, 2 bytes, Stack size 0 bytes, startup_tm4c123.o(.text))
<BR><BR>[Calls]<UL><LI><a href="#[68]">&gt;&gt;</a>&nbsp;&nbsp;&nbsp;GPIOQ1_Handler
</UL>
<BR>[Called By]<UL><LI><a href="#[68]">&gt;&gt;</a>&nbsp;&nbsp;&nbsp;GPIOQ1_Handler
</UL>
<BR>[Address Reference Count : 1]<UL><LI> startup_tm4c123.o(RESET)
</UL>
<P><STRONG><a name="[69]"></a>GPIOQ2_Handler</STRONG> (Thumb, 2 bytes, Stack size 0 bytes, startup_tm4c123.o(.text))
<BR><BR>[Calls]<UL><LI><a href="#[69]">&gt;&gt;</a>&nbsp;&nbsp;&nbsp;GPIOQ2_Handler
</UL>
<BR>[Called By]<UL><LI><a href="#[69]">&gt;&gt;</a>&nbsp;&nbsp;&nbsp;GPIOQ2_Handler
</UL>
<BR>[Address Reference Count : 1]<UL><LI> startup_tm4c123.o(RESET)
</UL>
<P><STRONG><a name="[6a]"></a>GPIOQ3_Handler</STRONG> (Thumb, 2 bytes, Stack size 0 bytes, startup_tm4c123.o(.text))
<BR><BR>[Calls]<UL><LI><a href="#[6a]">&gt;&gt;</a>&nbsp;&nbsp;&nbsp;GPIOQ3_Handler
</UL>
<BR>[Called By]<UL><LI><a href="#[6a]">&gt;&gt;</a>&nbsp;&nbsp;&nbsp;GPIOQ3_Handler
</UL>
<BR>[Address Reference Count : 1]<UL><LI> startup_tm4c123.o(RESET)
</UL>
<P><STRONG><a name="[6b]"></a>GPIOQ4_Handler</STRONG> (Thumb, 2 bytes, Stack size 0 bytes, startup_tm4c123.o(.text))
<BR><BR>[Calls]<UL><LI><a href="#[6b]">&gt;&gt;</a>&nbsp;&nbsp;&nbsp;GPIOQ4_Handler
</UL>
<BR>[Called By]<UL><LI><a href="#[6b]">&gt;&gt;</a>&nbsp;&nbsp;&nbsp;GPIOQ4_Handler
</UL>
<BR>[Address Reference Count : 1]<UL><LI> startup_tm4c123.o(RESET)
</UL>
<P><STRONG><a name="[6c]"></a>GPIOQ5_Handler</STRONG> (Thumb, 2 bytes, Stack size 0 bytes, startup_tm4c123.o(.text))
<BR><BR>[Calls]<UL><LI><a href="#[6c]">&gt;&gt;</a>&nbsp;&nbsp;&nbsp;GPIOQ5_Handler
</UL>
<BR>[Called By]<UL><LI><a href="#[6c]">&gt;&gt;</a>&nbsp;&nbsp;&nbsp;GPIOQ5_Handler
</UL>
<BR>[Address Reference Count : 1]<UL><LI> startup_tm4c123.o(RESET)
</UL>
<P><STRONG><a name="[6d]"></a>GPIOQ6_Handler</STRONG> (Thumb, 2 bytes, Stack size 0 bytes, startup_tm4c123.o(.text))
<BR><BR>[Calls]<UL><LI><a href="#[6d]">&gt;&gt;</a>&nbsp;&nbsp;&nbsp;GPIOQ6_Handler
</UL>
<BR>[Called By]<UL><LI><a href="#[6d]">&gt;&gt;</a>&nbsp;&nbsp;&nbsp;GPIOQ6_Handler
</UL>
<BR>[Address Reference Count : 1]<UL><LI> startup_tm4c123.o(RESET)
</UL>
<P><STRONG><a name="[6e]"></a>GPIOQ7_Handler</STRONG> (Thumb, 2 bytes, Stack size 0 bytes, startup_tm4c123.o(.text))
<BR><BR>[Calls]<UL><LI><a href="#[6e]">&gt;&gt;</a>&nbsp;&nbsp;&nbsp;GPIOQ7_Handler
</UL>
<BR>[Called By]<UL><LI><a href="#[6e]">&gt;&gt;</a>&nbsp;&nbsp;&nbsp;GPIOQ7_Handler
</UL>
<BR>[Address Reference Count : 1]<UL><LI> startup_tm4c123.o(RESET)
</UL>
<P><STRONG><a name="[6f]"></a>GPIOR_Handler</STRONG> (Thumb, 2 bytes, Stack size 0 bytes, startup_tm4c123.o(.text))
<BR><BR>[Calls]<UL><LI><a href="#[6f]">&gt;&gt;</a>&nbsp;&nbsp;&nbsp;GPIOR_Handler
</UL>
<BR>[Called By]<UL><LI><a href="#[6f]">&gt;&gt;</a>&nbsp;&nbsp;&nbsp;GPIOR_Handler
</UL>
<BR>[Address Reference Count : 1]<UL><LI> startup_tm4c123.o(RESET)
</UL>
<P><STRONG><a name="[70]"></a>GPIOS_Handler</STRONG> (Thumb, 2 bytes, Stack size 0 bytes, startup_tm4c123.o(.text))
<BR><BR>[Calls]<UL><LI><a href="#[70]">&gt;&gt;</a>&nbsp;&nbsp;&nbsp;GPIOS_Handler
</UL>
<BR>[Called By]<UL><LI><a href="#[70]">&gt;&gt;</a>&nbsp;&nbsp;&nbsp;GPIOS_Handler
</UL>
<BR>[Address Reference Count : 1]<UL><LI> startup_tm4c123.o(RESET)
</UL>
<P><STRONG><a name="[71]"></a>PMW1_0_Handler</STRONG> (Thumb, 2 bytes, Stack size 0 bytes, startup_tm4c123.o(.text))
<BR><BR>[Calls]<UL><LI><a href="#[71]">&gt;&gt;</a>&nbsp;&nbsp;&nbsp;PMW1_0_Handler
</UL>
<BR>[Called By]<UL><LI><a href="#[71]">&gt;&gt;</a>&nbsp;&nbsp;&nbsp;PMW1_0_Handler
</UL>
<BR>[Address Reference Count : 1]<UL><LI> startup_tm4c123.o(RESET)
</UL>
<P><STRONG><a name="[72]"></a>PWM1_1_Handler</STRONG> (Thumb, 2 bytes, Stack size 0 bytes, startup_tm4c123.o(.text))
<BR><BR>[Calls]<UL><LI><a href="#[72]">&gt;&gt;</a>&nbsp;&nbsp;&nbsp;PWM1_1_Handler
</UL>
<BR>[Called By]<UL><LI><a href="#[72]">&gt;&gt;</a>&nbsp;&nbsp;&nbsp;PWM1_1_Handler
</UL>
<BR>[Address Reference Count : 1]<UL><LI> startup_tm4c123.o(RESET)
</UL>
<P><STRONG><a name="[73]"></a>PWM1_2_Handler</STRONG> (Thumb, 2 bytes, Stack size 0 bytes, startup_tm4c123.o(.text))
<BR><BR>[Calls]<UL><LI><a href="#[73]">&gt;&gt;</a>&nbsp;&nbsp;&nbsp;PWM1_2_Handler
</UL>
<BR>[Called By]<UL><LI><a href="#[73]">&gt;&gt;</a>&nbsp;&nbsp;&nbsp;PWM1_2_Handler
</UL>
<BR>[Address Reference Count : 1]<UL><LI> startup_tm4c123.o(RESET)
</UL>
<P><STRONG><a name="[74]"></a>PWM1_3_Handler</STRONG> (Thumb, 2 bytes, Stack size 0 bytes, startup_tm4c123.o(.text))
<BR><BR>[Calls]<UL><LI><a href="#[74]">&gt;&gt;</a>&nbsp;&nbsp;&nbsp;PWM1_3_Handler
</UL>
<BR>[Called By]<UL><LI><a href="#[74]">&gt;&gt;</a>&nbsp;&nbsp;&nbsp;PWM1_3_Handler
</UL>
<BR>[Address Reference Count : 1]<UL><LI> startup_tm4c123.o(RESET)
</UL>
<P><STRONG><a name="[75]"></a>PWM1_FAULT_Handler</STRONG> (Thumb, 2 bytes, Stack size 0 bytes, startup_tm4c123.o(.text))
<BR><BR>[Calls]<UL><LI><a href="#[75]">&gt;&gt;</a>&nbsp;&nbsp;&nbsp;PWM1_FAULT_Handler
</UL>
<BR>[Called By]<UL><LI><a href="#[75]">&gt;&gt;</a>&nbsp;&nbsp;&nbsp;PWM1_FAULT_Handler
</UL>
<BR>[Address Reference Count : 1]<UL><LI> startup_tm4c123.o(RESET)
</UL>
<P><STRONG><a name="[7c]"></a>__user_initial_stackheap</STRONG> (Thumb, 0 bytes, Stack size unknown bytes, startup_tm4c123.o(.text))
[...]
<BR><BR>[Stack]<UL><LI>Max Depth = 156<LI>Call Chain = xTaskGetSchedulerState &rArr; EvrFreeRTOSTasks_xTaskGetSchedulerState_Return &rArr; EventRecord2 &rArr; EventRecordItem &rArr; UnlockRecord
</UL>
<BR>[Calls]<UL><LI><a href="#[d3]">&gt;&gt;</a>&nbsp;&nbsp;&nbsp;EvrFreeRTOSTasks_xTaskGetSchedulerState_Return
<LI><a href="#[d2]">&gt;&gt;</a>&nbsp;&nbsp;&nbsp;EvrFreeRTOSTasks_xTaskGetSchedulerState
</UL>
<BR>[Called By]<UL><LI><a href="#[9]">&gt;&gt;</a>&nbsp;&nbsp;&nbsp;SysTick_Handler
<LI><a href="#[e3]">&gt;&gt;</a>&nbsp;&nbsp;&nbsp;os_kernel_is_active
</UL>

<P><STRONG><a name="[109]"></a>xTaskIncrementTick</STRONG> (Thumb, 642 bytes, Stack size 40 bytes, tasks.o(.text.xTaskIncrementTick))
<BR><BR>[Stack]<UL><LI>Max Depth = 180<LI>Call Chain = xTaskIncrementTick &rArr; EvrFreeRTOSTasks_PostMovedTaskToReadyState &rArr; EventRecord2 &rArr; EventRecordItem &rArr; UnlockRecord
</UL>
<BR>[Calls]<UL><LI><a href="#[bc]">&gt;&gt;</a>&nbsp;&nbsp;&nbsp;EvrFreeRTOSTasks_PostMovedTaskToReadyState
<LI><a href="#[bb]">&gt;&gt;</a>&nbsp;&nbsp;&nbsp;EvrFreeRTOSTasks_MovedTaskToReadyState
<LI><a href="#[bd]">&gt;&gt;</a>&nbsp;&nbsp;&nbsp;EvrFreeRTOSTasks_TaskIncrementTick
<LI><a href="#[110]">&gt;&gt;</a>&nbsp;&nbsp;&nbsp;prvResetNextTaskUnblockTime
<LI><a href="#[d5]">&gt;&gt;</a>&nbsp;&nbsp;&nbsp;EvrFreeRTOSTasks_xTaskIncrementTick_Return
<LI><a href="#[d4]">&gt;&gt;</a>&nbsp;&nbsp;&nbsp;EvrFreeRTOSTasks_xTaskIncrementTick
</UL>
<BR>[Called By]<UL><LI><a href="#[101]">&gt;&gt;</a>&nbsp;&nbsp;&nbsp;xTaskResumeAll
<LI><a href="#[e1]">&gt;&gt;</a>&nbsp;&nbsp;&nbsp;xPortSysTickHandler
</UL>

<P><STRONG><a name="[f2]"></a>xTaskPriorityDisinherit</STRONG> (Thumb, 274 bytes, Stack size 24 bytes, tasks.o(.text.xTaskPriorityDisinherit), UNUSED, KEPT)
<BR><BR>[Stack]<UL><LI>Max Depth = 164<LI>Call Chain = xTaskPriorityDisinherit &rArr; EvrFreeRTOSTasks_PostMovedTaskToReadyState &rArr; EventRecord2 &rArr; EventRecordItem &rArr; UnlockRecord
</UL>
<BR>[Calls]<UL><LI><a href="#[bc]">&gt;&gt;</a>&nbsp;&nbsp;&nbsp;EvrFreeRTOSTasks_PostMovedTaskToReadyState
<LI><a href="#[bb]">&gt;&gt;</a>&nbsp;&nbsp;&nbsp;EvrFreeRTOSTasks_MovedTaskToReadyState
<LI><a href="#[be]">&gt;&gt;</a>&nbsp;&nbsp;&nbsp;EvrFreeRTOSTasks_TaskPriorityDisinherit
<LI><a href="#[ef]">&gt;&gt;</a>&nbsp;&nbsp;&nbsp;uxListRemove
<LI><a href="#[d7]">&gt;&gt;</a>&nbsp;&nbsp;&nbsp;EvrFreeRTOSTasks_xTaskPriorityDisinherit_Return
<LI><a href="#[d6]">&gt;&gt;</a>&nbsp;&nbsp;&nbsp;EvrFreeRTOSTasks_xTaskPriorityDisinherit
</UL>
<BR>[Called By]<UL><LI><a href="#[f1]">&gt;&gt;</a>&nbsp;&nbsp;&nbsp;prvCopyDataToQueue
</UL>

<P><STRONG><a name="[10e]"></a>xTaskPriorityInherit</STRONG> (Thumb, 390 bytes, Stack size 24 bytes, tasks.o(.text.xTaskPriorityInherit), UNUSED, KEPT)
<BR><BR>[Stack]<UL><LI>Max Depth = 164<LI>Call Chain = xTaskPriorityInherit &rArr; EvrFreeRTOSTasks_PostMovedTaskToReadyState &rArr; EventRecord2 &rArr; EventRecordItem &rArr; UnlockRecord
</UL>
<BR>[Calls]<UL><LI><a href="#[bc]">&gt;&gt;</a>&nbsp;&nbsp;&nbsp;EvrFreeRTOSTasks_PostMovedTaskToReadyState
<LI><a href="#[bb]">&gt;&gt;</a>&nbsp;&nbsp;&nbsp;EvrFreeRTOSTasks_MovedTaskToReadyState
<LI><a href="#[bf]">&gt;&gt;</a>&nbsp;&nbsp;&nbsp;EvrFreeRTOSTasks_TaskPriorityInherit
<LI><a href="#[ef]">&gt;&gt;</a>&nbsp;&nbsp;&nbsp;uxListRemove
<LI><a href="#[d9]">&gt;&gt;</a>&nbsp;&nbsp;&nbsp;EvrFreeRTOSTasks_xTaskPriorityInherit_Return
<LI><a href="#[d8]">&gt;&gt;</a>&nbsp;&nbsp;&nbsp;EvrFreeRTOSTasks_xTaskPriorityInherit
</UL>
<BR>[Called By]<UL><LI><a href="#[e5]">&gt;&gt;</a>&nbsp;&nbsp;&nbsp;xQueueSemaphoreTake
</UL>

<P><STRONG><a name="[fc]"></a>xTaskRemoveFromEventList</STRONG> (Thumb, 430 bytes, Stack size 40 bytes, tasks.o(.text.xTaskRemoveFromEventList), UNUSED, KEPT)
<BR><BR>[Stack]<UL><LI>Max Depth = 180<LI>Call Chain = xTaskRemoveFromEventList &rArr; EvrFreeRTOSTasks_PostMovedTaskToReadyState &rArr; EventRecord2 &rArr; EventRecordItem &rArr; UnlockRecord
</UL>
<BR>[Calls]<UL><LI><a href="#[bc]">&gt;&gt;</a>&nbsp;&nbsp;&nbsp;EvrFreeRTOSTasks_PostMovedTaskToReadyState
<LI><a href="#[bb]">&gt;&gt;</a>&nbsp;&nbsp;&nbsp;EvrFreeRTOSTasks_MovedTaskToReadyState
<LI><a href="#[db]">&gt;&gt;</a>&nbsp;&nbsp;&nbsp;EvrFreeRTOSTasks_xTaskRemoveFromEventList_Return
<LI><a href="#[da]">&gt;&gt;</a>&nbsp;&nbsp;&nbsp;EvrFreeRTOSTasks_xTaskRemoveFromEventList
</UL>
<BR>[Called By]<UL><LI><a href="#[f6]">&gt;&gt;</a>&nbsp;&nbsp;&nbsp;xQueueGenericReset
<LI><a href="#[e9]">&gt;&gt;</a>&nbsp;&nbsp;&nbsp;xQueueGenericSend
<LI><a href="#[e5]">&gt;&gt;</a>&nbsp;&nbsp;&nbsp;xQueueSemaphoreTake
<LI><a href="#[fb]">&gt;&gt;</a>&nbsp;&nbsp;&nbsp;prvUnlockQueue
</UL>

<P><STRONG><a name="[101]"></a>xTaskResumeAll</STRONG> (Thumb, 596 bytes, Stack size 40 bytes, tasks.o(.text.xTaskResumeAll), UNUSED, KEPT)
<BR><BR>[Stack]<UL><LI>Max Depth = 220<LI>Call Chain = xTaskResumeAll &rArr; xTaskIncrementTick &rArr; EvrFreeRTOSTasks_PostMovedTaskToReadyState &rArr; EventRecord2 &rArr; EventRecordItem &rArr; UnlockRecord
</UL>
<BR>[Calls]<UL><LI><a href="#[bc]">&gt;&gt;</a>&nbsp;&nbsp;&nbsp;EvrFreeRTOSTasks_PostMovedTaskToReadyState
<LI><a href="#[bb]">&gt;&gt;</a>&nbsp;&nbsp;&nbsp;EvrFreeRTOSTasks_MovedTaskToReadyState
<LI><a href="#[f9]">&gt;&gt;</a>&nbsp;&nbsp;&nbsp;vPortExitCritical
<LI><a href="#[f8]">&gt;&gt;</a>&nbsp;&nbsp;&nbsp;vPortEnterCritical
<LI><a href="#[110]">&gt;&gt;</a>&nbsp;&nbsp;&nbsp;prvResetNextTaskUnblockTime
<LI><a href="#[109]">&gt;&gt;</a>&nbsp;&nbsp;&nbsp;xTaskIncrementTick
<LI><a href="#[dd]">&gt;&gt;</a>&nbsp;&nbsp;&nbsp;EvrFreeRTOSTasks_xTaskResumeAll_Return
<LI><a href="#[dc]">&gt;&gt;</a>&nbsp;&nbsp;&nbsp;EvrFreeRTOSTasks_xTaskResumeAll
</UL>
<BR>[Called By]<UL><LI><a href="#[103]">&gt;&gt;</a>&nbsp;&nbsp;&nbsp;vPortFree
<LI><a href="#[fe]">&gt;&gt;</a>&nbsp;&nbsp;&nbsp;pvPortMalloc
<LI><a href="#[e9]">&gt;&gt;</a>&nbsp;&nbsp;&nbsp;xQueueGenericSend
<LI><a href="#[e5]">&gt;&gt;</a>&nbsp;&nbsp;&nbsp;xQueueSemaphoreTake
</UL>

<P><STRONG><a name="[95]"></a>$Super$$_fp_init</STRONG> (Thumb, 26 bytes, Stack size 0 bytes, fpinit.o(x$fpl$fpinit))
<BR><BR>[Called By]<UL><LI><a href="#[83]">&gt;&gt;</a>&nbsp;&nbsp;&nbsp;_fp_init
</UL>

<P><STRONG><a name="[140]"></a>__fplib_config_fpu_vfp</STRONG> (Thumb, 0 bytes, Stack size unknown bytes, fpinit.o(x$fpl$fpinit), UNUSED)

<P><STRONG><a name="[141]"></a>__fplib_config_pureend_doubles</STRONG> (Thumb, 0 bytes, Stack size unknown bytes, fpinit.o(x$fpl$fpinit), UNUSED)
<P>
<H3>
Local Symbols
</H3>
<P><STRONG><a name="[e3]"></a>os_kernel_is_active</STRONG> (Thumb, 32 bytes, Stack size 16 bytes, clib_os.o(.text.os_kernel_is_active), UNUSED, KEPT)
<BR><BR>[Stack]<UL><LI>Max Depth = 172<LI>Call Chain = os_kernel_is_active &rArr; xTaskGetSchedulerState &rArr; EvrFreeRTOSTasks_xTaskGetSchedulerState_Return &rArr; EventRecord2 &rArr; EventRecordItem &rArr; UnlockRecord
</UL>
<BR>[Calls]<UL><LI><a href="#[e0]">&gt;&gt;</a>&nbsp;&nbsp;&nbsp;xTaskGetSchedulerState
</UL>
<BR>[Called By]<UL><LI><a href="#[7a]">&gt;&gt;</a>&nbsp;&nbsp;&nbsp;_mutex_release
<LI><a href="#[79]">&gt;&gt;</a>&nbsp;&nbsp;&nbsp;_mutex_acquire
<LI><a href="#[78]">&gt;&gt;</a>&nbsp;&nbsp;&nbsp;_mutex_initialize
</UL>

<P><STRONG><a name="[e4]"></a>is_thread_mode</STRONG> (Thumb, 32 bytes, Stack size 8 bytes, clib_os.o(.text.is_thread_mode), UNUSED, KEPT)
<BR><BR>[Stack]<UL><LI>Max Depth = 8<LI>Call Chain = is_thread_mode
</UL>
<BR>[Called By]<UL><LI><a href="#[7a]">&gt;&gt;</a>&nbsp;&nbsp;&nbsp;_mutex_release
<LI><a href="#[79]">&gt;&gt;</a>&nbsp;&nbsp;&nbsp;_mutex_acquire
</UL>

<P><STRONG><a name="[a5]"></a>crc16_ccitt</STRONG> (Thumb, 130 bytes, Stack size 16 bytes, eventrecorder.o(.text.crc16_ccitt))
<BR><BR>[Stack]<UL><LI>Max Depth = 16<LI>Call Chain = crc16_ccitt
</UL>
<BR>[Called By]<UL><LI><a href="#[a3]">&gt;&gt;</a>&nbsp;&nbsp;&nbsp;EventRecorderInitialize
</UL>

<P><STRONG><a name="[96]"></a>EventGetTS</STRONG> (Thumb, 90 bytes, Stack size 24 bytes, eventrecorder.o(.text.EventGetTS))
<BR><BR>[Stack]<UL><LI>Max Depth = 56<LI>Call Chain = EventGetTS &rArr; UpdateTS &rArr; atomic_wr32
</UL>
<BR>[Calls]<UL><LI><a href="#[97]">&gt;&gt;</a>&nbsp;&nbsp;&nbsp;EventRecorderTimerGetCount
<LI><a href="#[9a]">&gt;&gt;</a>&nbsp;&nbsp;&nbsp;UpdateTS
<LI><a href="#[99]">&gt;&gt;</a>&nbsp;&nbsp;&nbsp;UnlockTS_Overflow
<LI><a href="#[98]">&gt;&gt;</a>&nbsp;&nbsp;&nbsp;LockTS_Overflow
</UL>
<BR>[Called By]<UL><LI><a href="#[9b]">&gt;&gt;</a>&nbsp;&nbsp;&nbsp;EventRecord2
<LI><a href="#[aa]">&gt;&gt;</a>&nbsp;&nbsp;&nbsp;EventRecorderStart
<LI><a href="#[a3]">&gt;&gt;</a>&nbsp;&nbsp;&nbsp;EventRecorderInitialize
</UL>

<P><STRONG><a name="[9d]"></a>EventRecordItem</STRONG> (Thumb, 254 bytes, Stack size 56 bytes, eventrecorder.o(.text.EventRecordItem))
<BR><BR>[Stack]<UL><LI>Max Depth = 84<LI>Call Chain = EventRecordItem &rArr; UnlockRecord
</UL>
<BR>[Calls]<UL><LI><a href="#[a2]">&gt;&gt;</a>&nbsp;&nbsp;&nbsp;IncrementRecordsDumped
<LI><a href="#[a1]">&gt;&gt;</a>&nbsp;&nbsp;&nbsp;IncrementRecordsWritten
<LI><a href="#[a0]">&gt;&gt;</a>&nbsp;&nbsp;&nbsp;UnlockRecord
<LI><a href="#[9f]">&gt;&gt;</a>&nbsp;&nbsp;&nbsp;LockRecord
<LI><a href="#[9e]">&gt;&gt;</a>&nbsp;&nbsp;&nbsp;GetRecordIndex
</UL>
<BR>[Called By]<UL><LI><a href="#[9b]">&gt;&gt;</a>&nbsp;&nbsp;&nbsp;EventRecord2
<LI><a href="#[aa]">&gt;&gt;</a>&nbsp;&nbsp;&nbsp;EventRecorderStart
<LI><a href="#[a3]">&gt;&gt;</a>&nbsp;&nbsp;&nbsp;EventRecorderInitialize
</UL>

<P><STRONG><a name="[98]"></a>LockTS_Overflow</STRONG> (Thumb, 18 bytes, Stack size 8 bytes, eventrecorder.o(.text.LockTS_Overflow))
<BR><BR>[Stack]<UL><LI>Max Depth = 24<LI>Call Chain = LockTS_Overflow &rArr; atomic_wr8
</UL>
<BR>[Calls]<UL><LI><a href="#[df]">&gt;&gt;</a>&nbsp;&nbsp;&nbsp;atomic_wr8
</UL>
<BR>[Called By]<UL><LI><a href="#[96]">&gt;&gt;</a>&nbsp;&nbsp;&nbsp;EventGetTS
</UL>

<P><STRONG><a name="[99]"></a>UnlockTS_Overflow</STRONG> (Thumb, 18 bytes, Stack size 8 bytes, eventrecorder.o(.text.UnlockTS_Overflow))
<BR><BR>[Stack]<UL><LI>Max Depth = 24<LI>Call Chain = UnlockTS_Overflow &rArr; atomic_wr8
</UL>
<BR>[Calls]<UL><LI><a href="#[df]">&gt;&gt;</a>&nbsp;&nbsp;&nbsp;atomic_wr8
</UL>
<BR>[Called By]<UL><LI><a href="#[96]">&gt;&gt;</a>&nbsp;&nbsp;&nbsp;EventGetTS
</UL>

<P><STRONG><a name="[9a]"></a>UpdateTS</STRONG> (Thumb, 26 bytes, Stack size 16 bytes, eventrecorder.o(.text.UpdateTS))
<BR><BR>[Stack]<UL><LI>Max Depth = 32<LI>Call Chain = UpdateTS &rArr; atomic_wr32
</UL>
<BR>[Calls]<UL><LI><a href="#[e2]">&gt;&gt;</a>&nbsp;&nbsp;&nbsp;atomic_wr32
</UL>
<BR>[Called By]<UL><LI><a href="#[96]">&gt;&gt;</a>&nbsp;&nbsp;&nbsp;EventGetTS
</UL>

<P><STRONG><a name="[9e]"></a>GetRecordIndex</STRONG> (Thumb, 18 bytes, Stack size 8 bytes, eventrecorder.o(.text.GetRecordIndex))
<BR><BR>[Stack]<UL><LI>Max Depth = 24<LI>Call Chain = GetRecordIndex &rArr; atomic_inc32
</UL>
<BR>[Calls]<UL><LI><a href="#[de]">&gt;&gt;</a>&nbsp;&nbsp;&nbsp;atomic_inc32
</UL>
<BR>[Called By]<UL><LI><a href="#[9d]">&gt;&gt;</a>&nbsp;&nbsp;&nbsp;EventRecordItem
</UL>

<P><STRONG><a name="[9f]"></a>LockRecord</STRONG> (Thumb, 54 bytes, Stack size 28 bytes, eventrecorder.o(.text.LockRecord))
<BR><BR>[Stack]<UL><LI>Max Depth = 28<LI>Call Chain = LockRecord
</UL>
<BR>[Called By]<UL><LI><a href="#[9d]">&gt;&gt;</a>&nbsp;&nbsp;&nbsp;EventRecordItem
</UL>

<P><STRONG><a name="[a0]"></a>UnlockRecord</STRONG> (Thumb, 50 bytes, Stack size 28 bytes, eventrecorder.o(.text.UnlockRecord))
<BR><BR>[Stack]<UL><LI>Max Depth = 28<LI>Call Chain = UnlockRecord
</UL>
<BR>[Called By]<UL><LI><a href="#[9d]">&gt;&gt;</a>&nbsp;&nbsp;&nbsp;EventRecordItem
</UL>

<P><STRONG><a name="[a1]"></a>IncrementRecordsWritten</STRONG> (Thumb, 18 bytes, Stack size 8 bytes, eventrecorder.o(.text.IncrementRecordsWritten))
<BR><BR>[Stack]<UL><LI>Max Depth = 24<LI>Call Chain = IncrementRecordsWritten &rArr; atomic_inc32
</UL>
<BR>[Calls]<UL><LI><a href="#[de]">&gt;&gt;</a>&nbsp;&nbsp;&nbsp;atomic_inc32
</UL>
<BR>[Called By]<UL><LI><a href="#[9d]">&gt;&gt;</a>&nbsp;&nbsp;&nbsp;EventRecordItem
</UL>

<P><STRONG><a name="[a2]"></a>IncrementRecordsDumped</STRONG> (Thumb, 18 bytes, Stack size 8 bytes, eventrecorder.o(.text.IncrementRecordsDumped))
<BR><BR>[Stack]<UL><LI>Max Depth = 24<LI>Call Chain = IncrementRecordsDumped &rArr; atomic_inc32
</UL>
<BR>[Calls]<UL><LI><a href="#[de]">&gt;&gt;</a>&nbsp;&nbsp;&nbsp;atomic_inc32
</UL>
<BR>[Called By]<UL><LI><a href="#[9d]">&gt;&gt;</a>&nbsp;&nbsp;&nbsp;EventRecordItem
</UL>

<P><STRONG><a name="[9c]"></a>EventCheckFilter</STRONG> (Thumb, 60 bytes, Stack size 8 bytes, eventrecorder.o(.text.EventCheckFilter))
<BR><BR>[Stack]<UL><LI>Max Depth = 8<LI>Call Chain = EventCheckFilter
</UL>
<BR>[Called By]<UL><LI><a href="#[9b]">&gt;&gt;</a>&nbsp;&nbsp;&nbsp;EventRecord2
</UL>

<P><STRONG><a name="[df]"></a>atomic_wr8</STRONG> (Thumb, 40 bytes, Stack size 16 bytes, eventrecorder.o(.text.atomic_wr8))
<BR><BR>[Stack]<UL><LI>Max Depth = 16<LI>Call Chain = atomic_wr8
</UL>
<BR>[Called By]<UL><LI><a href="#[99]">&gt;&gt;</a>&nbsp;&nbsp;&nbsp;UnlockTS_Overflow
<LI><a href="#[98]">&gt;&gt;</a>&nbsp;&nbsp;&nbsp;LockTS_Overflow
</UL>

<P><STRONG><a name="[e2]"></a>atomic_wr32</STRONG> (Thumb, 32 bytes, Stack size 16 bytes, eventrecorder.o(.text.atomic_wr32))
<BR><BR>[Stack]<UL><LI>Max Depth = 16<LI>Call Chain = atomic_wr32
</UL>
<BR>[Called By]<UL><LI><a href="#[9a]">&gt;&gt;</a>&nbsp;&nbsp;&nbsp;UpdateTS
</UL>

<P><STRONG><a name="[de]"></a>atomic_inc32</STRONG> (Thumb, 32 bytes, Stack size 16 bytes, eventrecorder.o(.text.atomic_inc32))
<BR><BR>[Stack]<UL><LI>Max Depth = 16<LI>Call Chain = atomic_inc32
</UL>
<BR>[Called By]<UL><LI><a href="#[a2]">&gt;&gt;</a>&nbsp;&nbsp;&nbsp;IncrementRecordsDumped
<LI><a href="#[a1]">&gt;&gt;</a>&nbsp;&nbsp;&nbsp;IncrementRecordsWritten
<LI><a href="#[9e]">&gt;&gt;</a>&nbsp;&nbsp;&nbsp;GetRecordIndex
</UL>

<P><STRONG><a name="[100]"></a>prvHeapInit</STRONG> (Thumb, 170 bytes, Stack size 16 bytes, heap_4.o(.text.prvHeapInit), UNUSED, KEPT)
<BR><BR>[Stack]<UL><LI>Max Depth = 16<LI>Call Chain = prvHeapInit
</UL>
<BR>[Called By]<UL><LI><a href="#[fe]">&gt;&gt;</a>&nbsp;&nbsp;&nbsp;pvPortMalloc
</UL>

<P><STRONG><a name="[104]"></a>prvInsertBlockIntoFreeList</STRONG> (Thumb, 216 bytes, Stack size 12 bytes, heap_4.o(.text.prvInsertBlockIntoFreeList), UNUSED, KEPT)
<BR><BR>[Stack]<UL><LI>Max Depth = 12<LI>Call Chain = prvInsertBlockIntoFreeList
</UL>
<BR>[Called By]<UL><LI><a href="#[103]">&gt;&gt;</a>&nbsp;&nbsp;&nbsp;vPortFree
</UL>

<P><STRONG><a name="[f5]"></a>prvInitialiseNewQueue</STRONG> (Thumb, 78 bytes, Stack size 24 bytes, queue.o(.text.prvInitialiseNewQueue), UNUSED, KEPT)
<BR><BR>[Stack]<UL><LI>Max Depth = 228<LI>Call Chain = prvInitialiseNewQueue &rArr; xQueueGenericReset &rArr; xTaskRemoveFromEventList &rArr; EvrFreeRTOSTasks_PostMovedTaskToReadyState &rArr; EventRecord2 &rArr; EventRecordItem &rArr; UnlockRecord
</UL>
<BR>[Calls]<UL><LI><a href="#[f6]">&gt;&gt;</a>&nbsp;&nbsp;&nbsp;xQueueGenericReset
<LI><a href="#[b1]">&gt;&gt;</a>&nbsp;&nbsp;&nbsp;EvrFreeRTOSQueue_QueueCreate
</UL>
<BR>[Called By]<UL><LI><a href="#[10a]">&gt;&gt;</a>&nbsp;&nbsp;&nbsp;xQueueGenericCreate
<LI><a href="#[10b]">&gt;&gt;</a>&nbsp;&nbsp;&nbsp;xQueueGenericCreateStatic
</UL>

<P><STRONG><a name="[f4]"></a>prvInitialiseMutex</STRONG> (Thumb, 58 bytes, Stack size 16 bytes, queue.o(.text.prvInitialiseMutex), UNUSED, KEPT)
<BR><BR>[Stack]<UL><LI>Max Depth = 284<LI>Call Chain = prvInitialiseMutex &rArr; xQueueGenericSend &rArr; xTaskResumeAll &rArr; xTaskIncrementTick &rArr; EvrFreeRTOSTasks_PostMovedTaskToReadyState &rArr; EventRecord2 &rArr; EventRecordItem &rArr; UnlockRecord
</UL>
<BR>[Calls]<UL><LI><a href="#[e9]">&gt;&gt;</a>&nbsp;&nbsp;&nbsp;xQueueGenericSend
<LI><a href="#[b0]">&gt;&gt;</a>&nbsp;&nbsp;&nbsp;EvrFreeRTOSQueue_CreateMutexFailed
<LI><a href="#[af]">&gt;&gt;</a>&nbsp;&nbsp;&nbsp;EvrFreeRTOSQueue_CreateMutex
</UL>
<BR>[Called By]<UL><LI><a href="#[e8]">&gt;&gt;</a>&nbsp;&nbsp;&nbsp;xQueueCreateMutex
<LI><a href="#[e7]">&gt;&gt;</a>&nbsp;&nbsp;&nbsp;xQueueCreateMutexStatic
</UL>

<P><STRONG><a name="[f1]"></a>prvCopyDataToQueue</STRONG> (Thumb, 204 bytes, Stack size 32 bytes, queue.o(.text.prvCopyDataToQueue), UNUSED, KEPT)
<BR><BR>[Stack]<UL><LI>Max Depth = 196<LI>Call Chain = prvCopyDataToQueue &rArr; xTaskPriorityDisinherit &rArr; EvrFreeRTOSTasks_PostMovedTaskToReadyState &rArr; EventRecord2 &rArr; EventRecordItem &rArr; UnlockRecord
</UL>
<BR>[Calls]<UL><LI><a href="#[f3]">&gt;&gt;</a>&nbsp;&nbsp;&nbsp;__aeabi_memcpy
<LI><a href="#[f2]">&gt;&gt;</a>&nbsp;&nbsp;&nbsp;xTaskPriorityDisinherit
</UL>
<BR>[Called By]<UL><LI><a href="#[e9]">&gt;&gt;</a>&nbsp;&nbsp;&nbsp;xQueueGenericSend
</UL>

<P><STRONG><a name="[fa]"></a>prvIsQueueFull</STRONG> (Thumb, 46 bytes, Stack size 16 bytes, queue.o(.text.prvIsQueueFull), UNUSED, KEPT)
<BR><BR>[Stack]<UL><LI>Max Depth = 20<LI>Call Chain = prvIsQueueFull &rArr; vPortExitCritical
</UL>
<BR>[Calls]<UL><LI><a href="#[f9]">&gt;&gt;</a>&nbsp;&nbsp;&nbsp;vPortExitCritical
<LI><a href="#[f8]">&gt;&gt;</a>&nbsp;&nbsp;&nbsp;vPortEnterCritical
</UL>
<BR>[Called By]<UL><LI><a href="#[e9]">&gt;&gt;</a>&nbsp;&nbsp;&nbsp;xQueueGenericSend
</UL>

<P><STRONG><a name="[fb]"></a>prvUnlockQueue</STRONG> (Thumb, 174 bytes, Stack size 16 bytes, queue.o(.text.prvUnlockQueue), UNUSED, KEPT)
<BR><BR>[Stack]<UL><LI>Max Depth = 196<LI>Call Chain = prvUnlockQueue &rArr; xTaskRemoveFromEventList &rArr; EvrFreeRTOSTasks_PostMovedTaskToReadyState &rArr; EventRecord2 &rArr; EventRecordItem &rArr; UnlockRecord
</UL>
<BR>[Calls]<UL><LI><a href="#[f9]">&gt;&gt;</a>&nbsp;&nbsp;&nbsp;vPortExitCritical
<LI><a href="#[f8]">&gt;&gt;</a>&nbsp;&nbsp;&nbsp;vPortEnterCritical
<LI><a href="#[fd]">&gt;&gt;</a>&nbsp;&nbsp;&nbsp;vTaskMissedYield
<LI><a href="#[fc]">&gt;&gt;</a>&nbsp;&nbsp;&nbsp;xTaskRemoveFromEventList
</UL>
<BR>[Called By]<UL><LI><a href="#[e9]">&gt;&gt;</a>&nbsp;&nbsp;&nbsp;xQueueGenericSend
<LI><a href="#[e5]">&gt;&gt;</a>&nbsp;&nbsp;&nbsp;xQueueSemaphoreTake
</UL>

<P><STRONG><a name="[f7]"></a>prvIsQueueEmpty</STRONG> (Thumb, 40 bytes, Stack size 16 bytes, queue.o(.text.prvIsQueueEmpty), UNUSED, KEPT)
<BR><BR>[Stack]<UL><LI>Max Depth = 20<LI>Call Chain = prvIsQueueEmpty &rArr; vPortExitCritical
</UL>
<BR>[Calls]<UL><LI><a href="#[f9]">&gt;&gt;</a>&nbsp;&nbsp;&nbsp;vPortExitCritical
<LI><a href="#[f8]">&gt;&gt;</a>&nbsp;&nbsp;&nbsp;vPortEnterCritical
</UL>
<BR>[Called By]<UL><LI><a href="#[e5]">&gt;&gt;</a>&nbsp;&nbsp;&nbsp;xQueueSemaphoreTake
</UL>

<P><STRONG><a name="[10f]"></a>prvGetDisinheritPriorityAfterTimeout</STRONG> (Thumb, 38 bytes, Stack size 8 bytes, queue.o(.text.prvGetDisinheritPriorityAfterTimeout), UNUSED, KEPT)
<BR><BR>[Stack]<UL><LI>Max Depth = 8<LI>Call Chain = prvGetDisinheritPriorityAfterTimeout
</UL>
<BR>[Called By]<UL><LI><a href="#[e5]">&gt;&gt;</a>&nbsp;&nbsp;&nbsp;xQueueSemaphoreTake
</UL>

<P><STRONG><a name="[110]"></a>prvResetNextTaskUnblockTime</STRONG> (Thumb, 60 bytes, Stack size 0 bytes, tasks.o(.text.prvResetNextTaskUnblockTime))
<BR><BR>[Called By]<UL><LI><a href="#[101]">&gt;&gt;</a>&nbsp;&nbsp;&nbsp;xTaskResumeAll
<LI><a href="#[109]">&gt;&gt;</a>&nbsp;&nbsp;&nbsp;xTaskIncrementTick
</UL>

<P><STRONG><a name="[ee]"></a>prvAddCurrentTaskToDelayedList</STRONG> (Thumb, 290 bytes, Stack size 48 bytes, tasks.o(.text.prvAddCurrentTaskToDelayedList), UNUSED, KEPT)
<BR><BR>[Stack]<UL><LI>Max Depth = 188<LI>Call Chain = prvAddCurrentTaskToDelayedList &rArr; EvrFreeRTOSTasks_MovedTaskToOverflowDelayedList &rArr; EventRecord2 &rArr; EventRecordItem &rArr; UnlockRecord
</UL>
<BR>[Calls]<UL><LI><a href="#[ba]">&gt;&gt;</a>&nbsp;&nbsp;&nbsp;EvrFreeRTOSTasks_MovedTaskToOverflowDelayedList
<LI><a href="#[b9]">&gt;&gt;</a>&nbsp;&nbsp;&nbsp;EvrFreeRTOSTasks_MovedTaskToDelayedList
<LI><a href="#[ef]">&gt;&gt;</a>&nbsp;&nbsp;&nbsp;uxListRemove
<LI><a href="#[f0]">&gt;&gt;</a>&nbsp;&nbsp;&nbsp;vListInsert
</UL>
<BR>[Called By]<UL><LI><a href="#[106]">&gt;&gt;</a>&nbsp;&nbsp;&nbsp;vTaskPlaceOnEventList
</UL>
<P>
<H3>
Undefined Global Symbols
</H3><HR></body></html>
