Component: Arm Compiler for Embedded 6.19 Tool: armlink [5e73cb00]

==============================================================================

Section Cross References

    main.o(.ARM.exidx.text.delay_ms) refers to main.o(.text.delay_ms) for [Anonymous Symbol]
    main.o(.text.main) refers to dio.o(.text.DIO_Init) for DIO_Init
    main.o(.text.main) refers to dio.o(.text.DIO_ReadPin) for DIO_ReadPin
    main.o(.text.main) refers to main.o(.text.delay_ms) for delay_ms
    main.o(.text.main) refers to dio.o(.text.DIO_WritePin) for DIO_WritePin
    main.o(.ARM.exidx.text.main) refers to main.o(.text.main) for [Anonymous Symbol]
    dio.o(.ARM.exidx.text.DIO_Init) refers to dio.o(.text.DIO_Init) for [Anonymous Symbol]
    dio.o(.ARM.exidx.text.DIO_WritePin) refers to dio.o(.text.DIO_WritePin) for [Anonymous Symbol]
    dio.o(.ARM.exidx.text.DIO_WritePort) refers to dio.o(.text.DIO_WritePort) for [Anonymous Symbol]
    dio.o(.ARM.exidx.text.DIO_ReadPin) refers to dio.o(.text.DIO_ReadPin) for [Anonymous Symbol]
    dio.o(.ARM.exidx.text.DIO_ReadPort) refers to dio.o(.text.DIO_ReadPort) for [Anonymous Symbol]
    i2c.o(.text.I2C_Init) refers to sysctl.o(i.SysCtlPeripheralEnable) for SysCtlPeripheralEnable
    i2c.o(.text.I2C_Init) refers to sysctl.o(i.SysCtlPeripheralReset) for SysCtlPeripheralReset
    i2c.o(.text.I2C_Init) refers to gpio.o(i.GPIOPinConfigure) for GPIOPinConfigure
    i2c.o(.text.I2C_Init) refers to gpio.o(i.GPIOPinTypeI2CSCL) for GPIOPinTypeI2CSCL
    i2c.o(.text.I2C_Init) refers to gpio.o(i.GPIOPinTypeI2C) for GPIOPinTypeI2C
    i2c.o(.text.I2C_Init) refers to sysctl.o(i.SysCtlClockGet) for SysCtlClockGet
    i2c.o(.text.I2C_Init) refers to i2c.o(i.I2CMasterInitExpClk) for I2CMasterInitExpClk
    i2c.o(.ARM.exidx.text.I2C_Init) refers to i2c.o(.text.I2C_Init) for [Anonymous Symbol]
    i2c.o(.text.I2CSendByte) refers to i2c.o(i.I2CMasterSlaveAddrSet) for I2CMasterSlaveAddrSet
    i2c.o(.text.I2CSendByte) refers to i2c.o(i.I2CMasterDataPut) for I2CMasterDataPut
    i2c.o(.text.I2CSendByte) refers to i2c.o(i.I2CMasterControl) for I2CMasterControl
    i2c.o(.text.I2CSendByte) refers to i2c.o(i.I2CMasterBusy) for I2CMasterBusy
    i2c.o(.ARM.exidx.text.I2CSendByte) refers to i2c.o(.text.I2CSendByte) for [Anonymous Symbol]
    clib_os.o(.text._platform_post_stackheap_init) refers to freertos_evr.o(.text.EvrFreeRTOSSetup) for EvrFreeRTOSSetup
    clib_os.o(.ARM.exidx.text._platform_post_stackheap_init) refers to clib_os.o(.text._platform_post_stackheap_init) for [Anonymous Symbol]
    clib_os.o(.text.$Sub$$_fp_init) refers to fpinit.o(x$fpl$fpinit) for $Super$$_fp_init
    clib_os.o(.ARM.exidx.text.$Sub$$_fp_init) refers to clib_os.o(.text.$Sub$$_fp_init) for [Anonymous Symbol]
    clib_os.o(.text.__user_perthread_libspace) refers to clib_os.o(.text.os_kernel_is_active) for os_kernel_is_active
    clib_os.o(.text.__user_perthread_libspace) refers to clib_os.o(.bss.os_libspace) for os_libspace
    clib_os.o(.text.__user_perthread_libspace) refers to tasks.o(.text.xTaskGetCurrentTaskHandle) for xTaskGetCurrentTaskHandle
    clib_os.o(.text.__user_perthread_libspace) refers to clib_os.o(.bss.os_libspace_id) for os_libspace_id
    clib_os.o(.ARM.exidx.text.__user_perthread_libspace) refers to clib_os.o(.text.__user_perthread_libspace) for [Anonymous Symbol]
    clib_os.o(.text.os_kernel_is_active) refers to tasks.o(.text.xTaskGetSchedulerState) for xTaskGetSchedulerState
    clib_os.o(.ARM.exidx.text.os_kernel_is_active) refers to clib_os.o(.text.os_kernel_is_active) for [Anonymous Symbol]
    clib_os.o(.text._mutex_initialize) refers to clib_os.o(.bss.clib_mutex_id) for clib_mutex_id
    clib_os.o(.text._mutex_initialize) refers to clib_os.o(.bss.clib_mutex_cb) for clib_mutex_cb
    clib_os.o(.text._mutex_initialize) refers to queue.o(.text.xQueueCreateMutexStatic) for xQueueCreateMutexStatic
    clib_os.o(.text._mutex_initialize) refers to clib_os.o(.text.os_kernel_is_active) for os_kernel_is_active
    clib_os.o(.text._mutex_initialize) refers to queue.o(.text.xQueueCreateMutex) for xQueueCreateMutex
    clib_os.o(.ARM.exidx.text._mutex_initialize) refers to clib_os.o(.text._mutex_initialize) for [Anonymous Symbol]
    clib_os.o(.text._mutex_acquire) refers to clib_os.o(.text.os_kernel_is_active) for os_kernel_is_active
    clib_os.o(.text._mutex_acquire) refers to clib_os.o(.text.is_thread_mode) for is_thread_mode
    clib_os.o(.text._mutex_acquire) refers to queue.o(.text.xQueueSemaphoreTake) for xQueueSemaphoreTake
    clib_os.o(.ARM.exidx.text._mutex_acquire) refers to clib_os.o(.text._mutex_acquire) for [Anonymous Symbol]
    clib_os.o(.ARM.exidx.text.is_thread_mode) refers to clib_os.o(.text.is_thread_mode) for [Anonymous Symbol]
    clib_os.o(.text._mutex_release) refers to clib_os.o(.text.os_kernel_is_active) for os_kernel_is_active
    clib_os.o(.text._mutex_release) refers to clib_os.o(.text.is_thread_mode) for is_thread_mode
[...]
    [Anonymous Symbol]                       0x00001170   Section        0  freertos_evr.o(.text.EvrFreeRTOSTasks_PostMovedTaskToReadyState)
    [Anonymous Symbol]                       0x0000118c   Section        0  freertos_evr.o(.text.EvrFreeRTOSTasks_TaskIncrementTick)
    [Anonymous Symbol]                       0x000011a8   Section        0  freertos_evr.o(.text.EvrFreeRTOSTasks_TaskPriorityDisinherit)
    [Anonymous Symbol]                       0x000011c4   Section        0  freertos_evr.o(.text.EvrFreeRTOSTasks_TaskPriorityInherit)
    [Anonymous Symbol]                       0x000011e0   Section        0  freertos_evr.o(.text.EvrFreeRTOSTasks_TaskSwitchedIn)
    [Anonymous Symbol]                       0x000011fc   Section        0  freertos_evr.o(.text.EvrFreeRTOSTasks_TaskSwitchedOut)
    [Anonymous Symbol]                       0x00001218   Section        0  freertos_evr.o(.text.EvrFreeRTOSTasks_pvTaskIncrementMutexHeldCount)
    [Anonymous Symbol]                       0x0000122c   Section        0  freertos_evr.o(.text.EvrFreeRTOSTasks_pvTaskIncrementMutexHeldCount_Return)
    [Anonymous Symbol]                       0x00001248   Section        0  freertos_evr.o(.text.EvrFreeRTOSTasks_vTaskInternalSetTimeOutState)
    [Anonymous Symbol]                       0x00001264   Section        0  freertos_evr.o(.text.EvrFreeRTOSTasks_vTaskInternalSetTimeOutState_Return)
    [Anonymous Symbol]                       0x00001278   Section        0  freertos_evr.o(.text.EvrFreeRTOSTasks_vTaskMissedYield)
    [Anonymous Symbol]                       0x0000128c   Section        0  freertos_evr.o(.text.EvrFreeRTOSTasks_vTaskMissedYield_Return)
    [Anonymous Symbol]                       0x000012a0   Section        0  freertos_evr.o(.text.EvrFreeRTOSTasks_vTaskPlaceOnEventList)
    [Anonymous Symbol]                       0x000012bc   Section        0  freertos_evr.o(.text.EvrFreeRTOSTasks_vTaskPlaceOnEventList_Return)
    [Anonymous Symbol]                       0x000012d0   Section        0  freertos_evr.o(.text.EvrFreeRTOSTasks_vTaskPriorityDisinheritAfterTimeout)
    [Anonymous Symbol]                       0x000012ec   Section        0  freertos_evr.o(.text.EvrFreeRTOSTasks_vTaskPriorityDisinheritAfterTimeout_Return)
    [Anonymous Symbol]                       0x00001300   Section        0  freertos_evr.o(.text.EvrFreeRTOSTasks_vTaskSuspendAll)
    [Anonymous Symbol]                       0x00001314   Section        0  freertos_evr.o(.text.EvrFreeRTOSTasks_vTaskSuspendAll_Return)
    [Anonymous Symbol]                       0x00001328   Section        0  freertos_evr.o(.text.EvrFreeRTOSTasks_vTaskSwitchContext)
    [Anonymous Symbol]                       0x0000133c   Section        0  freertos_evr.o(.text.EvrFreeRTOSTasks_vTaskSwitchContext_Return)
    [Anonymous Symbol]                       0x00001350   Section        0  freertos_evr.o(.text.EvrFreeRTOSTasks_xTaskCheckForTimeOut)
    [Anonymous Symbol]                       0x0000136c   Section        0  freertos_evr.o(.text.EvrFreeRTOSTasks_xTaskCheckForTimeOut_Return)
    [Anonymous Symbol]                       0x00001388   Section        0  freertos_evr.o(.text.EvrFreeRTOSTasks_xTaskGetSchedulerState)
    [Anonymous Symbol]                       0x0000139c   Section        0  freertos_evr.o(.text.EvrFreeRTOSTasks_xTaskGetSchedulerState_Return)
    [Anonymous Symbol]                       0x000013b8   Section        0  freertos_evr.o(.text.EvrFreeRTOSTasks_xTaskIncrementTick)
    [Anonymous Symbol]                       0x000013cc   Section        0  freertos_evr.o(.text.EvrFreeRTOSTasks_xTaskIncrementTick_Return)
    [Anonymous Symbol]                       0x000013e8   Section        0  freertos_evr.o(.text.EvrFreeRTOSTasks_xTaskPriorityDisinherit)
    [Anonymous Symbol]                       0x00001404   Section        0  freertos_evr.o(.text.EvrFreeRTOSTasks_xTaskPriorityDisinherit_Return)
    [Anonymous Symbol]                       0x00001420   Section        0  freertos_evr.o(.text.EvrFreeRTOSTasks_xTaskPriorityInherit)
    [Anonymous Symbol]                       0x0000143c   Section        0  freertos_evr.o(.text.EvrFreeRTOSTasks_xTaskPriorityInherit_Return)
    [Anonymous Symbol]                       0x00001458   Section        0  freertos_evr.o(.text.EvrFreeRTOSTasks_xTaskRemoveFromEventList)
    [Anonymous Symbol]                       0x00001474   Section        0  freertos_evr.o(.text.EvrFreeRTOSTasks_xTaskRemoveFromEventList_Return)
    [Anonymous Symbol]                       0x00001490   Section        0  freertos_evr.o(.text.EvrFreeRTOSTasks_xTaskResumeAll)
    [Anonymous Symbol]                       0x000014a4   Section        0  freertos_evr.o(.text.EvrFreeRTOSTasks_xTaskResumeAll_Return)
    GetRecordIndex                           0x000014c1   Thumb Code    18  eventrecorder.o(.text.GetRecordIndex)
    [Anonymous Symbol]                       0x000014c0   Section        0  eventrecorder.o(.text.GetRecordIndex)
    IncrementRecordsDumped                   0x000014d5   Thumb Code    18  eventrecorder.o(.text.IncrementRecordsDumped)
    [Anonymous Symbol]                       0x000014d4   Section        0  eventrecorder.o(.text.IncrementRecordsDumped)
    IncrementRecordsWritten                  0x000014e9   Thumb Code    18  eventrecorder.o(.text.IncrementRecordsWritten)
    [Anonymous Symbol]                       0x000014e8   Section        0  eventrecorder.o(.text.IncrementRecordsWritten)
    LockRecord                               0x000014fd   Thumb Code    54  eventrecorder.o(.text.LockRecord)
    [Anonymous Symbol]                       0x000014fc   Section        0  eventrecorder.o(.text.LockRecord)
    LockTS_Overflow                          0x00001535   Thumb Code    18  eventrecorder.o(.text.LockTS_Overflow)
    [Anonymous Symbol]                       0x00001534   Section        0  eventrecorder.o(.text.LockTS_Overflow)
    [Anonymous Symbol]                       0x00001550   Section        0  port.o(.text.PendSV_Handler)
    pxCurrentTCBConst                        0x000015b0   Number         0  port.o(.text.PendSV_Handler)
    [Anonymous Symbol]                       0x000015c0   Section        0  port.o(.text.SVC_Handler)
    pxCurrentTCBConst2                       0x000015e0   Number         0  port.o(.text.SVC_Handler)
    [Anonymous Symbol]                       0x000015e4   Section        0  cmsis_os2.o(.text.SysTick_Handler)
    [Anonymous Symbol]                       0x00001604   Section        0  system_tm4c123.o(.text.SystemInit)
    UnlockRecord                             0x00001711   Thumb Code    50  eventrecorder.o(.text.UnlockRecord)
    [Anonymous Symbol]                       0x00001710   Section        0  eventrecorder.o(.text.UnlockRecord)
    UnlockTS_Overflow                        0x00001745   Thumb Code    18  eventrecorder.o(.text.UnlockTS_Overflow)
    [Anonymous Symbol]                       0x00001744   Section        0  eventrecorder.o(.text.UnlockTS_Overflow)
    UpdateTS                                 0x00001759   Thumb Code    26  eventrecorder.o(.text.UpdateTS)
    [Anonymous Symbol]                       0x00001758   Section        0  eventrecorder.o(.text.UpdateTS)
    __tagsym$$used.1                         0x00001774   Number         0  clib_os.o(.text._mutex_acquire)
    [Anonymous Symbol]                       0x00001774   Section        0  clib_os.o(.text._mutex_acquire)
    __tagsym$$used.3                         0x0000179c   Number         0  clib_os.o(.text._mutex_free)
    [Anonymous Symbol]                       0x0000179c   Section        0  clib_os.o(.text._mutex_free)
    __tagsym$$used.0                         0x000017f0   Number         0  clib_os.o(.text._mutex_initialize)
    [Anonymous Symbol]                       0x000017f0   Section        0  clib_os.o(.text._mutex_initialize)
    __tagsym$$used.2                         0x00001898   Number         0  clib_os.o(.text._mutex_release)
    [Anonymous Symbol]                       0x00001898   Section        0  clib_os.o(.text._mutex_release)
    [Anonymous Symbol]                       0x000018c4   Section        0  clib_os.o(.text._platform_post_stackheap_init)
    atomic_inc32                             0x000018d1   Thumb Code    32  eventrecorder.o(.text.atomic_inc32)
    [Anonymous Symbol]                       0x000018d0   Section        0  eventrecorder.o(.text.atomic_inc32)
    atomic_wr32                              0x000018f1   Thumb Code    32  eventrecorder.o(.text.atomic_wr32)
    [Anonymous Symbol]                       0x000018f0   Section        0  eventrecorder.o(.text.atomic_wr32)
    atomic_wr8                               0x00001911   Thumb Code    40  eventrecorder.o(.text.atomic_wr8)
    [Anonymous Symbol]                       0x00001910   Section        0  eventrecorder.o(.text.atomic_wr8)
    crc16_ccitt                              0x00001939   Thumb Code   130  eventrecorder.o(.text.crc16_ccitt)
    [Anonymous Symbol]                       0x00001938   Section        0  eventrecorder.o(.text.crc16_ccitt)
    [Anonymous Symbol]                       0x000019bc   Section        0  main.o(.text.delay_ms)
    is_thread_mode                           0x000019ed   Thumb Code    32  clib_os.o(.text.is_thread_mode)
    [Anonymous Symbol]                       0x000019ec   Section        0  clib_os.o(.text.is_thread_mode)
    [Anonymous Symbol]                       0x00001a0c   Section        0  main.o(.text.main)
    os_kernel_is_active                      0x00001aa9   Thumb Code    32  clib_os.o(.text.os_kernel_is_active)
    [Anonymous Symbol]                       0x00001aa8   Section        0  clib_os.o(.text.os_kernel_is_active)
    prvAddCurrentTaskToDelayedList           0x00001ac9   Thumb Code   290  tasks.o(.text.prvAddCurrentTaskToDelayedList)
    [Anonymous Symbol]                       0x00001ac8   Section        0  tasks.o(.text.prvAddCurrentTaskToDelayedList)
    prvCopyDataToQueue                       0x00001bed   Thumb Code   204  queue.o(.text.prvCopyDataToQueue)
    [Anonymous Symbol]                       0x00001bec   Section        0  queue.o(.text.prvCopyDataToQueue)
    prvGetDisinheritPriorityAfterTimeout     0x00001cb9   Thumb Code    38  queue.o(.text.prvGetDisinheritPriorityAfterTimeout)
    [Anonymous Symbol]                       0x00001cb8   Section        0  queue.o(.text.prvGetDisinheritPriorityAfterTimeout)
    prvHeapInit                              0x00001ce1   Thumb Code   170  heap_4.o(.text.prvHeapInit)
    [Anonymous Symbol]                       0x00001ce0   Section        0  heap_4.o(.text.prvHeapInit)
    prvInitialiseMutex                       0x00001d8d   Thumb Code    58  queue.o(.text.prvInitialiseMutex)
    [Anonymous Symbol]                       0x00001d8c   Section        0  queue.o(.text.prvInitialiseMutex)
    prvInitialiseNewQueue                    0x00001dc9   Thumb Code    78  queue.o(.text.prvInitialiseNewQueue)
    [Anonymous Symbol]                       0x00001dc8   Section        0  queue.o(.text.prvInitialiseNewQueue)
    prvInsertBlockIntoFreeList               0x00001e19   Thumb Code   216  heap_4.o(.text.prvInsertBlockIntoFreeList)
    [Anonymous Symbol]                       0x00001e18   Section        0  heap_4.o(.text.prvInsertBlockIntoFreeList)
    prvIsQueueEmpty                          0x00001ef1   Thumb Code    40  queue.o(.text.prvIsQueueEmpty)
    [Anonymous Symbol]                       0x00001ef0   Section        0  queue.o(.text.prvIsQueueEmpty)
    prvIsQueueFull                           0x00001f19   Thumb Code    46  queue.o(.text.prvIsQueueFull)
    [Anonymous Symbol]                       0x00001f18   Section        0  queue.o(.text.prvIsQueueFull)
    prvResetNextTaskUnblockTime              0x00001f49   Thumb Code    60  tasks.o(.text.prvResetNextTaskUnblockTime)
    [Anonymous Symbol]                       0x00001f48   Section        0  tasks.o(.text.prvResetNextTaskUnblockTime)
    prvUnlockQueue                           0x00001f85   Thumb Code   174  queue.o(.text.prvUnlockQueue)
    [Anonymous Symbol]                       0x00001f84   Section        0  queue.o(.text.prvUnlockQueue)
    [Anonymous Symbol]                       0x00002034   Section        0  heap_4.o(.text.pvPortMalloc)
    [Anonymous Symbol]                       0x000021f4   Section        0  tasks.o(.text.pvTaskIncrementMutexHeldCount)
    [Anonymous Symbol]                       0x00002224   Section        0  list.o(.text.uxListRemove)
    [Anonymous Symbol]                       0x0000226c   Section        0  cmsis_os2.o(.text.vApplicationStackOverflowHook)
    [Anonymous Symbol]                       0x00002278   Section        0  list.o(.text.vListInitialise)
    [Anonymous Symbol]                       0x000022a8   Section        0  list.o(.text.vListInsert)
    [Anonymous Symbol]                       0x00002314   Section        0  port.o(.text.vPortEnterCritical)
    [Anonymous Symbol]                       0x00002344   Section        0  port.o(.text.vPortExitCritical)
    [Anonymous Symbol]                       0x0000236c   Section        0  heap_4.o(.text.vPortFree)
    [Anonymous Symbol]                       0x000023ec   Section        0  queue.o(.text.vQueueDelete)
    [Anonymous Symbol]                       0x00002414   Section        0  tasks.o(.text.vTaskInternalSetTimeOutState)
    [Anonymous Symbol]                       0x00002444   Section        0  tasks.o(.text.vTaskMissedYield)
    [Anonymous Symbol]                       0x0000245c   Section        0  tasks.o(.text.vTaskPlaceOnEventList)
    [Anonymous Symbol]                       0x00002490   Section        0  tasks.o(.text.vTaskPriorityDisinheritAfterTimeout)
    [Anonymous Symbol]                       0x000025ec   Section        0  tasks.o(.text.vTaskSuspendAll)
    __tagsym$$used.0                         0x00002608   Number         0  tasks.o(.text.vTaskSwitchContext)
    [Anonymous Symbol]                       0x00002608   Section        0  tasks.o(.text.vTaskSwitchContext)
    [Anonymous Symbol]                       0x00002750   Section        0  port.o(.text.xPortSysTickHandler)
    [Anonymous Symbol]                       0x00002790   Section        0  queue.o(.text.xQueueCreateMutex)
    [Anonymous Symbol]                       0x000027b8   Section        0  queue.o(.text.xQueueCreateMutexStatic)
    [Anonymous Symbol]                       0x000027ec   Section        0  queue.o(.text.xQueueGenericCreate)
    [Anonymous Symbol]                       0x0000287c   Section        0  queue.o(.text.xQueueGenericCreateStatic)
    [Anonymous Symbol]                       0x000028e8   Section        0  queue.o(.text.xQueueGenericReset)
    [Anonymous Symbol]                       0x000029b8   Section        0  queue.o(.text.xQueueGenericSend)
    [Anonymous Symbol]                       0x00002b3c   Section        0  queue.o(.text.xQueueSemaphoreTake)
    [Anonymous Symbol]                       0x00002cf4   Section        0  tasks.o(.text.xTaskCheckForTimeOut)
    [Anonymous Symbol]                       0x00002dc8   Section        0  tasks.o(.text.xTaskGetSchedulerState)
    [Anonymous Symbol]                       0x00002e0c   Section        0  tasks.o(.text.xTaskIncrementTick)
    [Anonymous Symbol]                       0x00003090   Section        0  tasks.o(.text.xTaskPriorityDisinherit)
    [Anonymous Symbol]                       0x000031a4   Section        0  tasks.o(.text.xTaskPriorityInherit)
    [Anonymous Symbol]                       0x0000332c   Section        0  tasks.o(.text.xTaskRemoveFromEventList)
    [Anonymous Symbol]                       0x000034dc   Section        0  tasks.o(.text.xTaskResumeAll)
    $v0                                      0x00003730   Number         0  fpinit.o(x$fpl$fpinit)
    x$fpl$fpinit                             0x00003730   Section       26  fpinit.o(x$fpl$fpinit)
    __tagsym$$used.0                         0x0000374c   Number         0  eventrecorder.o(.rodata.EventRecorderInfo)
    uxCriticalNesting                        0x20000004   Data           4  port.o(.data.uxCriticalNesting)
    [Anonymous Symbol]                       0x20000004   Section        0  port.o(.data.uxCriticalNesting)
    .bss                                     0x20000040   Section       96  libspace.o(.bss)
    EvrFreeRTOSSetup.init                    0x200000a0   Data           1  freertos_evr.o(.bss.EvrFreeRTOSSetup.init)
    [Anonymous Symbol]                       0x200000a0   Section        0  freertos_evr.o(.bss.EvrFreeRTOSSetup.init)
    TS_OverflowLock                          0x200000a1   Data           1  eventrecorder.o(.bss.TS_OverflowLock)
    [Anonymous Symbol]                       0x200000a1   Section        0  eventrecorder.o(.bss.TS_OverflowLock)
    clib_mutex_cb                            0x200000a4   Data         400  clib_os.o(.bss.clib_mutex_cb)
    [Anonymous Symbol]                       0x200000a4   Section        0  clib_os.o(.bss.clib_mutex_cb)
    clib_mutex_id                            0x20000234   Data          20  clib_os.o(.bss.clib_mutex_id)
    [Anonymous Symbol]                       0x20000234   Section        0  clib_os.o(.bss.clib_mutex_id)
    EventBuffer                              0x20000280   Data        1024  eventrecorder.o(.bss.noinit)
    [Anonymous Symbol]                       0x20000280   Section        0  eventrecorder.o(.bss.noinit)
    EventFilter                              0x20000680   Data         128  eventrecorder.o(.bss.noinit)
    EventStatus                              0x20000700   Data          36  eventrecorder.o(.bss.noinit)
    __tagsym$$used.1                         0x20000724   Number         0  tasks.o(.bss.pxCurrentTCB)
    pxDelayedTaskList                        0x20000728   Data           4  tasks.o(.bss.pxDelayedTaskList)
    [Anonymous Symbol]                       0x20000728   Section        0  tasks.o(.bss.pxDelayedTaskList)
    pxEnd                                    0x2000072c   Data           4  heap_4.o(.bss.pxEnd)
    [Anonymous Symbol]                       0x2000072c   Section        0  heap_4.o(.bss.pxEnd)
    pxOverflowDelayedTaskList                0x20000730   Data           4  tasks.o(.bss.pxOverflowDelayedTaskList)
    [Anonymous Symbol]                       0x20000730   Section        0  tasks.o(.bss.pxOverflowDelayedTaskList)
    pxReadyTasksLists                        0x20000734   Data        1120  tasks.o(.bss.pxReadyTasksLists)
    [Anonymous Symbol]                       0x20000734   Section        0  tasks.o(.bss.pxReadyTasksLists)
    ucHeap                                   0x20000b94   Data        8192  heap_4.o(.bss.ucHeap)
    [Anonymous Symbol]                       0x20000b94   Section        0  heap_4.o(.bss.ucHeap)
    uxCurrentNumberOfTasks                   0x20002b94   Data           4  tasks.o(.bss.uxCurrentNumberOfTasks)
    [Anonymous Symbol]                       0x20002b94   Section        0  tasks.o(.bss.uxCurrentNumberOfTasks)
    uxSchedulerSuspended                     0x20002b98   Data           4  tasks.o(.bss.uxSchedulerSuspended)
    [Anonymous Symbol]                       0x20002b98   Section        0  tasks.o(.bss.uxSchedulerSuspended)
    uxTopReadyPriority                       0x20002b9c   Data           4  tasks.o(.bss.uxTopReadyPriority)
    [Anonymous Symbol]                       0x20002b9c   Section        0  tasks.o(.bss.uxTopReadyPriority)
    xFreeBytesRemaining                      0x20002ba0   Data           4  heap_4.o(.bss.xFreeBytesRemaining)
    [Anonymous Symbol]                       0x20002ba0   Section        0  heap_4.o(.bss.xFreeBytesRemaining)
    xMinimumEverFreeBytesRemaining           0x20002ba4   Data           4  heap_4.o(.bss.xMinimumEverFreeBytesRemaining)
    [Anonymous Symbol]                       0x20002ba4   Section        0  heap_4.o(.bss.xMinimumEverFreeBytesRemaining)
    xNextTaskUnblockTime                     0x20002ba8   Data           4  tasks.o(.bss.xNextTaskUnblockTime)
    [Anonymous Symbol]                       0x20002ba8   Section        0  tasks.o(.bss.xNextTaskUnblockTime)
    xNumOfOverflows                          0x20002bac   Data           4  tasks.o(.bss.xNumOfOverflows)
    [Anonymous Symbol]                       0x20002bac   Section        0  tasks.o(.bss.xNumOfOverflows)
    xNumberOfSuccessfulAllocations           0x20002bb0   Data           4  heap_4.o(.bss.xNumberOfSuccessfulAllocations)
    [Anonymous Symbol]                       0x20002bb0   Section        0  heap_4.o(.bss.xNumberOfSuccessfulAllocations)
    xNumberOfSuccessfulFrees                 0x20002bb4   Data           4  heap_4.o(.bss.xNumberOfSuccessfulFrees)
    [Anonymous Symbol]                       0x20002bb4   Section        0  heap_4.o(.bss.xNumberOfSuccessfulFrees)
    xPendedTicks                             0x20002bb8   Data           4  tasks.o(.bss.xPendedTicks)
    [Anonymous Symbol]                       0x20002bb8   Section        0  tasks.o(.bss.xPendedTicks)
    xPendingReadyList                        0x20002bbc   Data          20  tasks.o(.bss.xPendingReadyList)
    [Anonymous Symbol]                       0x20002bbc   Section        0  tasks.o(.bss.xPendingReadyList)
    xSchedulerRunning                        0x20002bd0   Data           4  tasks.o(.bss.xSchedulerRunning)
    [Anonymous Symbol]                       0x20002bd0   Section        0  tasks.o(.bss.xSchedulerRunning)
    xStart                                   0x20002bd4   Data           8  heap_4.o(.bss.xStart)
    [Anonymous Symbol]                       0x20002bd4   Section        0  heap_4.o(.bss.xStart)
    xSuspendedTaskList                       0x20002bdc   Data          20  tasks.o(.bss.xSuspendedTaskList)
    [Anonymous Symbol]                       0x20002bdc   Section        0  tasks.o(.bss.xSuspendedTaskList)
    xTickCount                               0x20002bf0   Data           4  tasks.o(.bss.xTickCount)
    [Anonymous Symbol]                       0x20002bf0   Section        0  tasks.o(.bss.xTickCount)
    xYieldPendings                           0x20002bf4   Data           4  tasks.o(.bss.xYieldPendings)
    [Anonymous Symbol]                       0x20002bf4   Section        0  tasks.o(.bss.xYieldPendings)
    Heap_Mem                                 0x20002bf8   Data           0  startup_tm4c123.o(HEAP)
    Stack_Mem                                0x20002bf8   Data         512  startup_tm4c123.o(STACK)
    HEAP                                     0x20002bf8   Section        0  startup_tm4c123.o(HEAP)
    STACK                                    0x20002bf8   Section      512  startup_tm4c123.o(STACK)
    __initial_sp                             0x20002df8   Data           0  startup_tm4c123.o(STACK)

    Global Symbols

    Symbol Name                              Value     Ov Type        Size  Object(Section)

    BuildAttributes$$THM_ISAv4$E$P$D$K$B$S$7EM$VFPi3$EXTD16$VFPS$VFMA$PE$A:L22UL41UL21$X:L11$S22US41US21$IEEE1$IW$~IW$USESV6$~STKCKD$USESV7$~SHL$OTIME$ROPI$EBA8$UX$STANDARDLIB$REQ8$PRES8$EABIv2 0x00000000   Number         0  anon$$obj.o ABSOLUTE
    __Vectors                                0x00000000   Data           4  startup_tm4c123.o(RESET)
    __ARM_exceptions_init                     - Undefined Weak Reference
    __alloca_initialize                       - Undefined Weak Reference
    __arm_preinit_                            - Undefined Weak Reference
    __arm_relocate_pie_                       - Undefined Weak Reference
    __cpp_initialize__aeabi_                  - Undefined Weak Reference
    __cxa_finalize                            - Undefined Weak Reference
    __rt_locale                               - Undefined Weak Reference
    __sigvec_lookup                           - Undefined Weak Reference
    _atexit_init                              - Undefined Weak Reference
    _call_atexit_fns                          - Undefined Weak Reference
    _clock_init                               - Undefined Weak Reference
    _fp_trap_init                             - Undefined Weak Reference
    _fp_trap_shutdown                         - Undefined Weak Reference
    _get_lc_collate                           - Undefined Weak Reference
    _get_lc_ctype                             - Undefined Weak Reference
    _get_lc_monetary                          - Undefined Weak Reference
    _get_lc_numeric                           - Undefined Weak Reference
    _get_lc_time                              - Undefined Weak Reference
    _getenv_init                              - Undefined Weak Reference
    _handle_redirection                       - Undefined Weak Reference
    _init_alloc                               - Undefined Weak Reference
    _init_user_alloc                          - Undefined Weak Reference
    _initio                                   - Undefined Weak Reference
    _rand_init                                - Undefined Weak Reference
    _signal_finish                            - Undefined Weak Reference
    _signal_init                              - Undefined Weak Reference
    _terminate_alloc                          - Undefined Weak Reference
    _terminate_user_alloc                     - Undefined Weak Reference
    _terminateio                              - Undefined Weak Reference
    __Vectors_End                            0x0000026c   Data           0  startup_tm4c123.o(RESET)
    __Vectors_Size                           0x0000026c   Number         0  startup_tm4c123.o ABSOLUTE
    __main                                   0x0000026d   Thumb Code     8  __main.o(!!!main)
    __scatterload                            0x00000275   Thumb Code     0  __scatter.o(!!!scatter)
    __scatterload_rt2                        0x00000275   Thumb Code    44  __scatter.o(!!!scatter)
    __scatterload_rt2_thumb_only             0x00000275   Thumb Code     0  __scatter.o(!!!scatter)
    __scatterload_null                       0x00000283   Thumb Code     0  __scatter.o(!!!scatter)
    __scatterload_copy                       0x000002a9   Thumb Code    26  __scatter_copy.o(!!handler_copy)
    __scatterload_zeroinit                   0x000002c5   Thumb Code    28  __scatter_zi.o(!!handler_zi)
    __rt_lib_init                            0x000002e1   Thumb Code     0  libinit.o(.ARM.Collect$$libinit$$00000000)
    __rt_lib_init_fp_1                       0x000002e3   Thumb Code     0  libinit2.o(.ARM.Collect$$libinit$$00000001)
    __rt_lib_init_alloca_1                   0x000002e7   Thumb Code     0  libinit2.o(.ARM.Collect$$libinit$$00000030)
    __rt_lib_init_argv_1                     0x000002e7   Thumb Code     0  libinit2.o(.ARM.Collect$$libinit$$0000002E)
    __rt_lib_init_atexit_1                   0x000002e7   Thumb Code     0  libinit2.o(.ARM.Collect$$libinit$$0000001D)
    __rt_lib_init_clock_1                    0x000002e7   Thumb Code     0  libinit2.o(.ARM.Collect$$libinit$$00000023)
    __rt_lib_init_cpp_1                      0x000002e7   Thumb Code     0  libinit2.o(.ARM.Collect$$libinit$$00000034)
    __rt_lib_init_exceptions_1               0x000002e7   Thumb Code     0  libinit2.o(.ARM.Collect$$libinit$$00000032)
    __rt_lib_init_fp_trap_1                  0x000002e7   Thumb Code     0  libinit2.o(.ARM.Collect$$libinit$$00000021)
    __rt_lib_init_getenv_1                   0x000002e7   Thumb Code     0  libinit2.o(.ARM.Collect$$libinit$$00000025)
    __rt_lib_init_heap_1                     0x000002e7   Thumb Code     0  libinit2.o(.ARM.Collect$$libinit$$0000000C)
    __rt_lib_init_lc_collate_1               0x000002e7   Thumb Code     0  libinit2.o(.ARM.Collect$$libinit$$00000013)
    __rt_lib_init_lc_ctype_1                 0x000002e7   Thumb Code     0  libinit2.o(.ARM.Collect$$libinit$$00000015)
    __rt_lib_init_lc_monetary_1              0x000002e7   Thumb Code     0  libinit2.o(.ARM.Collect$$libinit$$00000017)
    __rt_lib_init_lc_numeric_1               0x000002e7   Thumb Code     0  libinit2.o(.ARM.Collect$$libinit$$00000019)
    __rt_lib_init_lc_time_1                  0x000002e7   Thumb Code     0  libinit2.o(.ARM.Collect$$libinit$$0000001B)
    __rt_lib_init_preinit_1                  0x000002e7   Thumb Code     0  libinit2.o(.ARM.Collect$$libinit$$00000006)
    __rt_lib_init_rand_1                     0x000002e7   Thumb Code     0  libinit2.o(.ARM.Collect$$libinit$$00000010)
    __rt_lib_init_relocate_pie_1             0x000002e7   Thumb Code     0  libinit2.o(.ARM.Collect$$libinit$$00000004)
    __rt_lib_init_return                     0x000002e7   Thumb Code     0  libinit2.o(.ARM.Collect$$libinit$$00000035)
    __rt_lib_init_signal_1                   0x000002e7   Thumb Code     0  libinit2.o(.ARM.Collect$$libinit$$0000001F)
    __rt_lib_init_stdio_1                    0x000002e7   Thumb Code     0  libinit2.o(.ARM.Collect$$libinit$$00000027)
    __rt_lib_init_user_alloc_1               0x000002e7   Thumb Code     0  libinit2.o(.ARM.Collect$$libinit$$0000000E)
    __rt_lib_shutdown                        0x000002e9   Thumb Code     0  libshutdown.o(.ARM.Collect$$libshutdown$$00000000)
    __rt_lib_shutdown_cpp_1                  0x000002eb   Thumb Code     0  libshutdown2.o(.ARM.Collect$$libshutdown$$00000002)
    __rt_lib_shutdown_fp_trap_1              0x000002eb   Thumb Code     0  libshutdown2.o(.ARM.Collect$$libshutdown$$00000007)
    __rt_lib_shutdown_heap_1                 0x000002eb   Thumb Code     0  libshutdown2.o(.ARM.Collect$$libshutdown$$0000000F)
    __rt_lib_shutdown_return                 0x000002eb   Thumb Code     0  libshutdown2.o(.ARM.Collect$$libshutdown$$00000010)
    __rt_lib_shutdown_signal_1               0x000002eb   Thumb Code     0  libshutdown2.o(.ARM.Collect$$libshutdown$$0000000A)
    __rt_lib_shutdown_stdio_1                0x000002eb   Thumb Code     0  libshutdown2.o(.ARM.Collect$$libshutdown$$00000004)
    __rt_lib_shutdown_user_alloc_1           0x000002eb   Thumb Code     0  libshutdown2.o(.ARM.Collect$$libshutdown$$0000000C)
    __rt_entry                               0x000002ed   Thumb Code     0  __rtentry.o(.ARM.Collect$$rtentry$$00000000)
    __rt_entry_presh_1                       0x000002ed   Thumb Code     0  __rtentry2.o(.ARM.Collect$$rtentry$$00000002)
    __rt_entry_sh                            0x000002ed   Thumb Code     0  __rtentry4.o(.ARM.Collect$$rtentry$$00000004)
    __rt_entry_postsh_1                      0x000002f3   Thumb Code     0  __rtentry2.o(.ARM.Collect$$rtentry$$00000008)
    __rt_entry_li                            0x000002fb   Thumb Code     0  __rtentry2.o(.ARM.Collect$$rtentry$$0000000A)
    __rt_entry_main                          0x000002ff   Thumb Code     0  __rtentry2.o(.ARM.Collect$$rtentry$$0000000D)
    __rt_entry_postli_1                      0x000002ff   Thumb Code     0  __rtentry2.o(.ARM.Collect$$rtentry$$0000000C)
    __rt_exit                                0x00000307   Thumb Code     0  rtexit.o(.ARM.Collect$$rtexit$$00000000)
    __rt_exit_ls                             0x00000309   Thumb Code     0  rtexit2.o(.ARM.Collect$$rtexit$$00000003)
    __rt_exit_prels_1                        0x00000309   Thumb Code     0  rtexit2.o(.ARM.Collect$$rtexit$$00000002)
    __rt_exit_exit                           0x0000030d   Thumb Code     0  rtexit2.o(.ARM.Collect$$rtexit$$00000004)
    Reset_Handler                            0x00000315   Thumb Code     8  startup_tm4c123.o(.text)
    NMI_Handler                              0x0000031d   Thumb Code     2  startup_tm4c123.o(.text)
    HardFault_Handler                        0x0000031f   Thumb Code     2  startup_tm4c123.o(.text)
    MemManage_Handler                        0x00000321   Thumb Code     2  startup_tm4c123.o(.text)
    BusFault_Handler                         0x00000323   Thumb Code     2  startup_tm4c123.o(.text)
    UsageFault_Handler                       0x00000325   Thumb Code     2  startup_tm4c123.o(.text)
    DebugMon_Handler                         0x00000329   Thumb Code     2  startup_tm4c123.o(.text)
    GPIOA_Handler                            0x0000032f   Thumb Code     2  startup_tm4c123.o(.text)
    GPIOB_Handler                            0x00000331   Thumb Code     2  startup_tm4c123.o(.text)
    GPIOC_Handler                            0x00000333   Thumb Code     2  startup_tm4c123.o(.text)
    GPIOD_Handler                            0x00000335   Thumb Code     2  startup_tm4c123.o(.text)
    GPIOE_Handler                            0x00000337   Thumb Code     2  startup_tm4c123.o(.text)
    UART0_Handler                            0x00000339   Thumb Code     2  startup_tm4c123.o(.text)
    UART1_Handler                            0x0000033b   Thumb Code     2  startup_tm4c123.o(.text)
    SSI0_Handler                             0x0000033d   Thumb Code     2  startup_tm4c123.o(.text)
    I2C0_Handler                             0x0000033f   Thumb Code     2  startup_tm4c123.o(.text)
    PMW0_FAULT_Handler                       0x00000341   Thumb Code     2  startup_tm4c123.o(.text)
    PWM0_0_Handler                           0x00000343   Thumb Code     2  startup_tm4c123.o(.text)
    PWM0_1_Handler                           0x00000345   Thumb Code     2  startup_tm4c123.o(.text)
    PWM0_2_Handler                           0x00000347   Thumb Code     2  startup_tm4c123.o(.text)
    QEI0_Handler                             0x00000349   Thumb Code     2  startup_tm4c123.o(.text)
    ADC0SS0_Handler                          0x0000034b   Thumb Code     2  startup_tm4c123.o(.text)
    ADC0SS1_Handler                          0x0000034d   Thumb Code     2  startup_tm4c123.o(.text)
    ADC0SS2_Handler                          0x0000034f   Thumb Code     2  startup_tm4c123.o(.text)
    ADC0SS3_Handler                          0x00000351   Thumb Code     2  startup_tm4c123.o(.text)
    WDT0_Handler                             0x00000353   Thumb Code     2  startup_tm4c123.o(.text)
    TIMER0A_Handler                          0x00000355   Thumb Code     2  startup_tm4c123.o(.text)
    TIMER0B_Handler                          0x00000357   Thumb Code     2  startup_tm4c123.o(.text)
    TIMER1A_Handler                          0x00000359   Thumb Code     2  startup_tm4c123.o(.text)
    TIMER1B_Handler                          0x0000035b   Thumb Code     2  startup_tm4c123.o(.text)
    TIMER2A_Handler                          0x0000035d   Thumb Code     2  startup_tm4c123.o(.text)
    TIMER2B_Handler                          0x0000035f   Thumb Code     2  startup_tm4c123.o(.text)
    COMP0_Handler                            0x00000361   Thumb Code     2  startup_tm4c123.o(.text)
    COMP1_Handler                            0x00000363   Thumb Code     2  startup_tm4c123.o(.text)
    COMP2_Handler                            0x00000365   Thumb Code     2  startup_tm4c123.o(.text)
    SYSCTL_Handler                           0x00000367   Thumb Code     2  startup_tm4c123.o(.text)
    FLASH_Handler                            0x00000369   Thumb Code     2  startup_tm4c123.o(.text)
    GPIOF_Handler                            0x0000036b   Thumb Code     2  startup_tm4c123.o(.text)
    GPIOG_Handler                            0x0000036d   Thumb Code     2  startup_tm4c123.o(.text)
    GPIOH_Handler                            0x0000036f   Thumb Code     2  startup_tm4c123.o(.text)
    UART2_Handler                            0x00000371   Thumb Code     2  startup_tm4c123.o(.text)
    SSI1_Handler                             0x00000373   Thumb Code     2  startup_tm4c123.o(.text)
    TIMER3A_Handler                          0x00000375   Thumb Code     2  startup_tm4c123.o(.text)
    TIMER3B_Handler                          0x00000377   Thumb Code     2  startup_tm4c123.o(.text)
    I2C1_Handler                             0x00000379   Thumb Code     2  startup_tm4c123.o(.text)
    QEI1_Handler                             0x0000037b   Thumb Code     2  startup_tm4c123.o(.text)
    CAN0_Handler                             0x0000037d   Thumb Code     2  startup_tm4c123.o(.text)
    CAN1_Handler                             0x0000037f   Thumb Code     2  startup_tm4c123.o(.text)
    CAN2_Handler                             0x00000381   Thumb Code     2  startup_tm4c123.o(.text)
    HIB_Handler                              0x00000383   Thumb Code     2  startup_tm4c123.o(.text)
    USB0_Handler                             0x00000385   Thumb Code     2  startup_tm4c123.o(.text)
    PWM0_3_Handler                           0x00000387   Thumb Code     2  startup_tm4c123.o(.text)
    UDMA_Handler                             0x00000389   Thumb Code     2  startup_tm4c123.o(.text)
    UDMAERR_Handler                          0x0000038b   Thumb Code     2  startup_tm4c123.o(.text)
    ADC1SS0_Handler                          0x0000038d   Thumb Code     2  startup_tm4c123.o(.text)
    ADC1SS1_Handler                          0x0000038f   Thumb Code     2  startup_tm4c123.o(.text)
    ADC1SS2_Handler                          0x00000391   Thumb Code     2  startup_tm4c123.o(.text)
    ADC1SS3_Handler                          0x00000393   Thumb Code     2  startup_tm4c123.o(.text)
    GPIOJ_Handler                            0x00000395   Thumb Code     2  startup_tm4c123.o(.text)
    GPIOK_Handler                            0x00000397   Thumb Code     2  startup_tm4c123.o(.text)
    GPIOL_Handler                            0x00000399   Thumb Code     2  startup_tm4c123.o(.text)
    SSI2_Handler                             0x0000039b   Thumb Code     2  startup_tm4c123.o(.text)
    SSI3_Handler                             0x0000039d   Thumb Code     2  startup_tm4c123.o(.text)
    UART3_Handler                            0x0000039f   Thumb Code     2  startup_tm4c123.o(.text)
    UART4_Handler                            0x000003a1   Thumb Code     2  startup_tm4c123.o(.text)
    UART5_Handler                            0x000003a3   Thumb Code     2  startup_tm4c123.o(.text)
    UART6_Handler                            0x000003a5   Thumb Code     2  startup_tm4c123.o(.text)
    UART7_Handler                            0x000003a7   Thumb Code     2  startup_tm4c123.o(.text)
    I2C2_Handler                             0x000003a9   Thumb Code     2  startup_tm4c123.o(.text)
    I2C3_Handler                             0x000003ab   Thumb Code     2  startup_tm4c123.o(.text)
    TIMER4A_Handler                          0x000003ad   Thumb Code     2  startup_tm4c123.o(.text)
    TIMER4B_Handler                          0x000003af   Thumb Code     2  startup_tm4c123.o(.text)
    TIMER5A_Handler                          0x000003b1   Thumb Code     2  startup_tm4c123.o(.text)
    TIMER5B_Handler                          0x000003b3   Thumb Code     2  startup_tm4c123.o(.text)
    WTIMER0A_Handler                         0x000003b5   Thumb Code     2  startup_tm4c123.o(.text)
    WTIMER0B_Handler                         0x000003b7   Thumb Code     2  startup_tm4c123.o(.text)
    WTIMER1A_Handler                         0x000003b9   Thumb Code     2  startup_tm4c123.o(.text)
    WTIMER1B_Handler                         0x000003bb   Thumb Code     2  startup_tm4c123.o(.text)
    WTIMER2A_Handler                         0x000003bd   Thumb Code     2  startup_tm4c123.o(.text)
    WTIMER2B_Handler                         0x000003bf   Thumb Code     2  startup_tm4c123.o(.text)
    WTIMER3A_Handler                         0x000003c1   Thumb Code     2  startup_tm4c123.o(.text)
    WTIMER3B_Handler                         0x000003c3   Thumb Code     2  startup_tm4c123.o(.text)
    WTIMER4A_Handler                         0x000003c5   Thumb Code     2  startup_tm4c123.o(.text)
    WTIMER4B_Handler                         0x000003c7   Thumb Code     2  startup_tm4c123.o(.text)
    WTIMER5A_Handler                         0x000003c9   Thumb Code     2  startup_tm4c123.o(.text)
    WTIMER5B_Handler                         0x000003cb   Thumb Code     2  startup_tm4c123.o(.text)
    FPU_Handler                              0x000003cd   Thumb Code     2  startup_tm4c123.o(.text)
    I2C4_Handler                             0x000003cf   Thumb Code     2  startup_tm4c123.o(.text)
    I2C5_Handler                             0x000003d1   Thumb Code     2  startup_tm4c123.o(.text)
    GPIOM_Handler                            0x000003d3   Thumb Code     2  startup_tm4c123.o(.text)
    GPION_Handler                            0x000003d5   Thumb Code     2  startup_tm4c123.o(.text)
    QEI2_Handler                             0x000003d7   Thumb Code     2  startup_tm4c123.o(.text)
    GPIOP0_Handler                           0x000003d9   Thumb Code     2  startup_tm4c123.o(.text)
    GPIOP1_Handler                           0x000003db   Thumb Code     2  startup_tm4c123.o(.text)
    GPIOP2_Handler                           0x000003dd   Thumb Code     2  startup_tm4c123.o(.text)
    GPIOP3_Handler                           0x000003df   Thumb Code     2  startup_tm4c123.o(.text)
    GPIOP4_Handler                           0x000003e1   Thumb Code     2  startup_tm4c123.o(.text)
    GPIOP5_Handler                           0x000003e3   Thumb Code     2  startup_tm4c123.o(.text)
    GPIOP6_Handler                           0x000003e5   Thumb Code     2  startup_tm4c123.o(.text)
    GPIOP7_Handler                           0x000003e7   Thumb Code     2  startup_tm4c123.o(.text)
    GPIOQ0_Handler                           0x000003e9   Thumb Code     2  startup_tm4c123.o(.text)
    GPIOQ1_Handler                           0x000003eb   Thumb Code     2  startup_tm4c123.o(.text)
    GPIOQ2_Handler                           0x000003ed   Thumb Code     2  startup_tm4c123.o(.text)
    GPIOQ3_Handler                           0x000003ef   Thumb Code     2  startup_tm4c123.o(.text)
    GPIOQ4_Handler                           0x000003f1   Thumb Code     2  startup_tm4c123.o(.text)
    GPIOQ5_Handler                           0x000003f3   Thumb Code     2  startup_tm4c123.o(.text)
    GPIOQ6_Handler                           0x000003f5   Thumb Code     2  startup_tm4c123.o(.text)
    GPIOQ7_Handler                           0x000003f7   Thumb Code     2  startup_tm4c123.o(.text)
    GPIOR_Handler                            0x000003f9   Thumb Code     2  startup_tm4c123.o(.text)
    GPIOS_Handler                            0x000003fb   Thumb Code     2  startup_tm4c123.o(.text)
    PMW1_0_Handler                           0x000003fd   Thumb Code     2  startup_tm4c123.o(.text)
    PWM1_1_Handler                           0x000003ff   Thumb Code     2  startup_tm4c123.o(.text)
    PWM1_2_Handler                           0x00000401   Thumb Code     2  startup_tm4c123.o(.text)
    PWM1_3_Handler                           0x00000403   Thumb Code     2  startup_tm4c123.o(.text)
    PWM1_FAULT_Handler                       0x00000405   Thumb Code     2  startup_tm4c123.o(.text)
    __user_initial_stackheap                 0x00000409   Thumb Code     0  startup_tm4c123.o(.text)
    __aeabi_memcpy                           0x00000429   Thumb Code     0  rt_memcpy_v6.o(.text)
    __rt_memcpy                              0x00000429   Thumb Code   138  rt_memcpy_v6.o(.text)
    _memcpy_lastbytes                        0x0000048f   Thumb Code     0  rt_memcpy_v6.o(.text)
    __aeabi_memclr4                          0x000004b3   Thumb Code     0  rt_memclr_w.o(.text)
    __aeabi_memclr8                          0x000004b3   Thumb Code     0  rt_memclr_w.o(.text)
    __rt_memclr_w                            0x000004b3   Thumb Code     0  rt_memclr_w.o(.text)
    _memset_w                                0x000004b7   Thumb Code    74  rt_memclr_w.o(.text)
    __use_two_region_memory                  0x00000501   Thumb Code     2  heapauxi.o(.text)
    __rt_heap_escrow$2region                 0x00000503   Thumb Code     2  heapauxi.o(.text)
    __rt_heap_expand$2region                 0x00000505   Thumb Code     2  heapauxi.o(.text)
    __aeabi_memcpy4                          0x00000507   Thumb Code     0  rt_memcpy_w.o(.text)
    __aeabi_memcpy8                          0x00000507   Thumb Code     0  rt_memcpy_w.o(.text)
    __rt_memcpy_w                            0x00000507   Thumb Code   100  rt_memcpy_w.o(.text)
    _memcpy_lastbytes_aligned                0x0000054f   Thumb Code     0  rt_memcpy_w.o(.text)
    __user_setup_stackheap                   0x0000056b   Thumb Code    74  sys_stackheap_outer.o(.text)
    exit                                     0x000005b5   Thumb Code    18  exit.o(.text)
    __user_libspace                          0x000005c9   Thumb Code     8  libspace.o(.text)
    __user_perproc_libspace                  0x000005c9   Thumb Code     0  libspace.o(.text)
    _sys_exit                                0x000005d1   Thumb Code     8  sys_exit.o(.text)
    __I$use$semihosting                      0x000005dd   Thumb Code     0  use_no_semi.o(.text)
    __use_no_semihosting_swi                 0x000005dd   Thumb Code     2  use_no_semi.o(.text)
    __semihosting_library_function           0x000005df   Thumb Code     0  indicate_semi.o(.text)
    _fp_init                                 0x000005e1   Thumb Code    22  clib_os.o(.text.$Sub$$_fp_init)
    DIO_Init                                 0x000005f9   Thumb Code   768  dio.o(.text.DIO_Init)
    DIO_ReadPin                              0x000008f9   Thumb Code   170  dio.o(.text.DIO_ReadPin)
    DIO_WritePin                             0x000009a5   Thumb Code   196  dio.o(.text.DIO_WritePin)
    EventRecord2                             0x00000b01   Thumb Code    90  eventrecorder.o(.text.EventRecord2)
    EventRecorderEnable                      0x00000c5d   Thumb Code   146  eventrecorder.o(.text.EventRecorderEnable)
    EventRecorderInitialize                  0x00000cf1   Thumb Code   450  eventrecorder.o(.text.EventRecorderInitialize)
    EventRecorderStart                       0x00000eb5   Thumb Code    74  eventrecorder.o(.text.EventRecorderStart)
    EventRecorderTimerGetCount               0x00000f01   Thumb Code    12  eventrecorder.o(.text.EventRecorderTimerGetCount)
    EventRecorderTimerGetFreq                0x00000f0d   Thumb Code    12  eventrecorder.o(.text.EventRecorderTimerGetFreq)
    EventRecorderTimerSetup                  0x00000f19   Thumb Code    36  eventrecorder.o(.text.EventRecorderTimerSetup)
    EvrFreeRTOSHeap_Free                     0x00000f3d   Thumb Code    28  freertos_evr.o(.text.EvrFreeRTOSHeap_Free)
    EvrFreeRTOSHeap_Malloc                   0x00000f59   Thumb Code    24  freertos_evr.o(.text.EvrFreeRTOSHeap_Malloc)
    EvrFreeRTOSQueue_BlockingOnQueueReceive  0x00000f71   Thumb Code    26  freertos_evr.o(.text.EvrFreeRTOSQueue_BlockingOnQueueReceive)
    EvrFreeRTOSQueue_BlockingOnQueueSend     0x00000f8d   Thumb Code    26  freertos_evr.o(.text.EvrFreeRTOSQueue_BlockingOnQueueSend)
    EvrFreeRTOSQueue_CreateMutex             0x00000fa9   Thumb Code    26  freertos_evr.o(.text.EvrFreeRTOSQueue_CreateMutex)
    EvrFreeRTOSQueue_CreateMutexFailed       0x00000fc5   Thumb Code    16  freertos_evr.o(.text.EvrFreeRTOSQueue_CreateMutexFailed)
    EvrFreeRTOSQueue_QueueCreate             0x00000fd5   Thumb Code    26  freertos_evr.o(.text.EvrFreeRTOSQueue_QueueCreate)
    EvrFreeRTOSQueue_QueueCreateFailed       0x00000ff1   Thumb Code    22  freertos_evr.o(.text.EvrFreeRTOSQueue_QueueCreateFailed)
    EvrFreeRTOSQueue_QueueDelete             0x00001009   Thumb Code    26  freertos_evr.o(.text.EvrFreeRTOSQueue_QueueDelete)
    EvrFreeRTOSQueue_QueueReceive            0x00001025   Thumb Code    26  freertos_evr.o(.text.EvrFreeRTOSQueue_QueueReceive)
    EvrFreeRTOSQueue_QueueReceiveFailed      0x00001041   Thumb Code    22  freertos_evr.o(.text.EvrFreeRTOSQueue_QueueReceiveFailed)
    EvrFreeRTOSQueue_QueueSend               0x00001059   Thumb Code    26  freertos_evr.o(.text.EvrFreeRTOSQueue_QueueSend)
    EvrFreeRTOSQueue_QueueSendFailed         0x00001075   Thumb Code    22  freertos_evr.o(.text.EvrFreeRTOSQueue_QueueSendFailed)
    EvrFreeRTOSSetup                         0x0000108d   Thumb Code   142  freertos_evr.o(.text.EvrFreeRTOSSetup)
    EvrFreeRTOSTasks_MovedTaskToDelayedList  0x0000111d   Thumb Code    26  freertos_evr.o(.text.EvrFreeRTOSTasks_MovedTaskToDelayedList)
    EvrFreeRTOSTasks_MovedTaskToOverflowDelayedList 0x00001139   Thumb Code    26  freertos_evr.o(.text.EvrFreeRTOSTasks_MovedTaskToOverflowDelayedList)
    EvrFreeRTOSTasks_MovedTaskToReadyState   0x00001155   Thumb Code    26  freertos_evr.o(.text.EvrFreeRTOSTasks_MovedTaskToReadyState)
    EvrFreeRTOSTasks_PostMovedTaskToReadyState 0x00001171   Thumb Code    26  freertos_evr.o(.text.EvrFreeRTOSTasks_PostMovedTaskToReadyState)
    EvrFreeRTOSTasks_TaskIncrementTick       0x0000118d   Thumb Code    26  freertos_evr.o(.text.EvrFreeRTOSTasks_TaskIncrementTick)
    EvrFreeRTOSTasks_TaskPriorityDisinherit  0x000011a9   Thumb Code    28  freertos_evr.o(.text.EvrFreeRTOSTasks_TaskPriorityDisinherit)
    EvrFreeRTOSTasks_TaskPriorityInherit     0x000011c5   Thumb Code    28  freertos_evr.o(.text.EvrFreeRTOSTasks_TaskPriorityInherit)
    EvrFreeRTOSTasks_TaskSwitchedIn          0x000011e1   Thumb Code    28  freertos_evr.o(.text.EvrFreeRTOSTasks_TaskSwitchedIn)
    EvrFreeRTOSTasks_TaskSwitchedOut         0x000011fd   Thumb Code    26  freertos_evr.o(.text.EvrFreeRTOSTasks_TaskSwitchedOut)
    EvrFreeRTOSTasks_pvTaskIncrementMutexHeldCount 0x00001219   Thumb Code    20  freertos_evr.o(.text.EvrFreeRTOSTasks_pvTaskIncrementMutexHeldCount)
    EvrFreeRTOSTasks_pvTaskIncrementMutexHeldCount_Return 0x0000122d   Thumb Code    26  freertos_evr.o(.text.EvrFreeRTOSTasks_pvTaskIncrementMutexHeldCount_Return)
    EvrFreeRTOSTasks_vTaskInternalSetTimeOutState 0x00001249   Thumb Code    26  freertos_evr.o(.text.EvrFreeRTOSTasks_vTaskInternalSetTimeOutState)
    EvrFreeRTOSTasks_vTaskInternalSetTimeOutState_Return 0x00001265   Thumb Code    20  freertos_evr.o(.text.EvrFreeRTOSTasks_vTaskInternalSetTimeOutState_Return)
    EvrFreeRTOSTasks_vTaskMissedYield        0x00001279   Thumb Code    20  freertos_evr.o(.text.EvrFreeRTOSTasks_vTaskMissedYield)
    EvrFreeRTOSTasks_vTaskMissedYield_Return 0x0000128d   Thumb Code    20  freertos_evr.o(.text.EvrFreeRTOSTasks_vTaskMissedYield_Return)
    EvrFreeRTOSTasks_vTaskPlaceOnEventList   0x000012a1   Thumb Code    28  freertos_evr.o(.text.EvrFreeRTOSTasks_vTaskPlaceOnEventList)
    EvrFreeRTOSTasks_vTaskPlaceOnEventList_Return 0x000012bd   Thumb Code    20  freertos_evr.o(.text.EvrFreeRTOSTasks_vTaskPlaceOnEventList_Return)
    EvrFreeRTOSTasks_vTaskPriorityDisinheritAfterTimeout 0x000012d1   Thumb Code    28  freertos_evr.o(.text.EvrFreeRTOSTasks_vTaskPriorityDisinheritAfterTimeout)
    EvrFreeRTOSTasks_vTaskPriorityDisinheritAfterTimeout_Return 0x000012ed   Thumb Code    20  freertos_evr.o(.text.EvrFreeRTOSTasks_vTaskPriorityDisinheritAfterTimeout_Return)
    EvrFreeRTOSTasks_vTaskSuspendAll         0x00001301   Thumb Code    20  freertos_evr.o(.text.EvrFreeRTOSTasks_vTaskSuspendAll)
    EvrFreeRTOSTasks_vTaskSuspendAll_Return  0x00001315   Thumb Code    20  freertos_evr.o(.text.EvrFreeRTOSTasks_vTaskSuspendAll_Return)
    EvrFreeRTOSTasks_vTaskSwitchContext      0x00001329   Thumb Code    20  freertos_evr.o(.text.EvrFreeRTOSTasks_vTaskSwitchContext)
    EvrFreeRTOSTasks_vTaskSwitchContext_Return 0x0000133d   Thumb Code    20  freertos_evr.o(.text.EvrFreeRTOSTasks_vTaskSwitchContext_Return)
    EvrFreeRTOSTasks_xTaskCheckForTimeOut    0x00001351   Thumb Code    28  freertos_evr.o(.text.EvrFreeRTOSTasks_xTaskCheckForTimeOut)
    EvrFreeRTOSTasks_xTaskCheckForTimeOut_Return 0x0000136d   Thumb Code    26  freertos_evr.o(.text.EvrFreeRTOSTasks_xTaskCheckForTimeOut_Return)
    EvrFreeRTOSTasks_xTaskGetSchedulerState  0x00001389   Thumb Code    20  freertos_evr.o(.text.EvrFreeRTOSTasks_xTaskGetSchedulerState)
    EvrFreeRTOSTasks_xTaskGetSchedulerState_Return 0x0000139d   Thumb Code    26  freertos_evr.o(.text.EvrFreeRTOSTasks_xTaskGetSchedulerState_Return)
    EvrFreeRTOSTasks_xTaskIncrementTick      0x000013b9   Thumb Code    20  freertos_evr.o(.text.EvrFreeRTOSTasks_xTaskIncrementTick)
    EvrFreeRTOSTasks_xTaskIncrementTick_Return 0x000013cd   Thumb Code    26  freertos_evr.o(.text.EvrFreeRTOSTasks_xTaskIncrementTick_Return)
    EvrFreeRTOSTasks_xTaskPriorityDisinherit 0x000013e9   Thumb Code    26  freertos_evr.o(.text.EvrFreeRTOSTasks_xTaskPriorityDisinherit)
    EvrFreeRTOSTasks_xTaskPriorityDisinherit_Return 0x00001405   Thumb Code    26  freertos_evr.o(.text.EvrFreeRTOSTasks_xTaskPriorityDisinherit_Return)
    EvrFreeRTOSTasks_xTaskPriorityInherit    0x00001421   Thumb Code    26  freertos_evr.o(.text.EvrFreeRTOSTasks_xTaskPriorityInherit)
    EvrFreeRTOSTasks_xTaskPriorityInherit_Return 0x0000143d   Thumb Code    26  freertos_evr.o(.text.EvrFreeRTOSTasks_xTaskPriorityInherit_Return)
    EvrFreeRTOSTasks_xTaskRemoveFromEventList 0x00001459   Thumb Code    26  freertos_evr.o(.text.EvrFreeRTOSTasks_xTaskRemoveFromEventList)
    EvrFreeRTOSTasks_xTaskRemoveFromEventList_Return 0x00001475   Thumb Code    26  freertos_evr.o(.text.EvrFreeRTOSTasks_xTaskRemoveFromEventList_Return)
    EvrFreeRTOSTasks_xTaskResumeAll          0x00001491   Thumb Code    20  freertos_evr.o(.text.EvrFreeRTOSTasks_xTaskResumeAll)
    EvrFreeRTOSTasks_xTaskResumeAll_Return   0x000014a5   Thumb Code    26  freertos_evr.o(.text.EvrFreeRTOSTasks_xTaskResumeAll_Return)
    PendSV_Handler                           0x00001551   Thumb Code   100  port.o(.text.PendSV_Handler)
    SVC_Handler                              0x000015c1   Thumb Code    36  port.o(.text.SVC_Handler)
    SysTick_Handler                          0x000015e5   Thumb Code    30  cmsis_os2.o(.text.SysTick_Handler)
    SystemInit                               0x00001605   Thumb Code   268  system_tm4c123.o(.text.SystemInit)
    _mutex_acquire                           0x00001775   Thumb Code    40  clib_os.o(.text._mutex_acquire)
    _mutex_free                              0x0000179d   Thumb Code    84  clib_os.o(.text._mutex_free)
    _mutex_initialize                        0x000017f1   Thumb Code   168  clib_os.o(.text._mutex_initialize)
    _mutex_release                           0x00001899   Thumb Code    42  clib_os.o(.text._mutex_release)
    _platform_post_stackheap_init            0x000018c5   Thumb Code    10  clib_os.o(.text._platform_post_stackheap_init)
    delay_ms                                 0x000019bd   Thumb Code    48  main.o(.text.delay_ms)
    main                                     0x00001a0d   Thumb Code   156  main.o(.text.main)
    pvPortMalloc                             0x00002035   Thumb Code   446  heap_4.o(.text.pvPortMalloc)
    pvTaskIncrementMutexHeldCount            0x000021f5   Thumb Code    48  tasks.o(.text.pvTaskIncrementMutexHeldCount)
    uxListRemove                             0x00002225   Thumb Code    72  list.o(.text.uxListRemove)
    vApplicationStackOverflowHook            0x0000226d   Thumb Code    10  cmsis_os2.o(.text.vApplicationStackOverflowHook)
    vListInitialise                          0x00002279   Thumb Code    46  list.o(.text.vListInitialise)
    vListInsert                              0x000022a9   Thumb Code   106  list.o(.text.vListInsert)
    vPortEnterCritical                       0x00002315   Thumb Code    48  port.o(.text.vPortEnterCritical)
    vPortExitCritical                        0x00002345   Thumb Code    38  port.o(.text.vPortExitCritical)
    vPortFree                                0x0000236d   Thumb Code   128  heap_4.o(.text.vPortFree)
    vQueueDelete                             0x000023ed   Thumb Code    40  queue.o(.text.vQueueDelete)
    vTaskInternalSetTimeOutState             0x00002415   Thumb Code    48  tasks.o(.text.vTaskInternalSetTimeOutState)
    vTaskMissedYield                         0x00002445   Thumb Code    24  tasks.o(.text.vTaskMissedYield)
    vTaskPlaceOnEventList                    0x0000245d   Thumb Code    50  tasks.o(.text.vTaskPlaceOnEventList)
    vTaskPriorityDisinheritAfterTimeout      0x00002491   Thumb Code   346  tasks.o(.text.vTaskPriorityDisinheritAfterTimeout)
    vTaskSuspendAll                          0x000025ed   Thumb Code    26  tasks.o(.text.vTaskSuspendAll)
    vTaskSwitchContext                       0x00002609   Thumb Code   326  tasks.o(.text.vTaskSwitchContext)
    xPortSysTickHandler                      0x00002751   Thumb Code    62  port.o(.text.xPortSysTickHandler)
    xQueueCreateMutex                        0x00002791   Thumb Code    38  queue.o(.text.xQueueCreateMutex)
    xQueueCreateMutexStatic                  0x000027b9   Thumb Code    50  queue.o(.text.xQueueCreateMutexStatic)
    xQueueGenericCreate                      0x000027ed   Thumb Code   142  queue.o(.text.xQueueGenericCreate)
    xQueueGenericCreateStatic                0x0000287d   Thumb Code   108  queue.o(.text.xQueueGenericCreateStatic)
    xQueueGenericReset                       0x000028e9   Thumb Code   208  queue.o(.text.xQueueGenericReset)
    xQueueGenericSend                        0x000029b9   Thumb Code   386  queue.o(.text.xQueueGenericSend)
    xQueueSemaphoreTake                      0x00002b3d   Thumb Code   438  queue.o(.text.xQueueSemaphoreTake)
    xTaskCheckForTimeOut                     0x00002cf5   Thumb Code   210  tasks.o(.text.xTaskCheckForTimeOut)
    xTaskGetSchedulerState                   0x00002dc9   Thumb Code    68  tasks.o(.text.xTaskGetSchedulerState)
    xTaskIncrementTick                       0x00002e0d   Thumb Code   642  tasks.o(.text.xTaskIncrementTick)
    xTaskPriorityDisinherit                  0x00003091   Thumb Code   274  tasks.o(.text.xTaskPriorityDisinherit)
    xTaskPriorityInherit                     0x000031a5   Thumb Code   390  tasks.o(.text.xTaskPriorityInherit)
    xTaskRemoveFromEventList                 0x0000332d   Thumb Code   430  tasks.o(.text.xTaskRemoveFromEventList)
    xTaskResumeAll                           0x000034dd   Thumb Code   596  tasks.o(.text.xTaskResumeAll)
    $Super$$_fp_init                         0x00003731   Thumb Code    26  fpinit.o(x$fpl$fpinit)
    __fplib_config_fpu_vfp                   0x00003749   Thumb Code     0  fpinit.o(x$fpl$fpinit)
    __fplib_config_pureend_doubles           0x00003749   Thumb Code     0  fpinit.o(x$fpl$fpinit)
    EventRecorderInfo                        0x0000374c   Data          24  eventrecorder.o(.rodata.EventRecorderInfo)
    Region$$Table$$Base                      0x00003764   Number         0  anon$$obj.o(Region$$Table)
    Region$$Table$$Limit                     0x00003784   Number         0  anon$$obj.o(Region$$Table)
    SystemCoreClock                          0x20000000   Data           4  system_tm4c123.o(.data.SystemCoreClock)
    __libspace_start                         0x20000040   Data          96  libspace.o(.bss)
    __temporary_stack_top$libspace           0x200000a0   Data           0  libspace.o(.bss)
    pxCurrentTCB                             0x20000724   Data           4  tasks.o(.bss.pxCurrentTCB)



==============================================================================

Memory Map of the image

  Image Entry point : 0x00000315

  Load Region LR_1 (Base: 0x00000000, Size: 0x0000378c, Max: 0xffffffff, ABSOLUTE)

    Execution Region ER_RO (Exec base: 0x00000000, Load base: 0x00000000, Size: 0x00003784, Max: 0xffffffff, ABSOLUTE)

    Exec Addr    Load Addr    Size         Type   Attr      Idx    E Section Name        Object

    0x00000000   0x00000000   0x0000026c   Data   RO          368    RESET               startup_tm4c123.o
    0x0000026c   0x0000026c   0x00000008   Code   RO         2710  * !!!main             c_w.l(__main.o)
    0x00000274   0x00000274   0x00000034   Code   RO         2875    !!!scatter          c_w.l(__scatter.o)
    0x000002a8   0x000002a8   0x0000001a   Code   RO         2877    !!handler_copy      c_w.l(__scatter_copy.o)
    0x000002c2   0x000002c2   0x00000002   PAD
    0x000002c4   0x000002c4   0x0000001c   Code   RO         2879    !!handler_zi        c_w.l(__scatter_zi.o)
    0x000002e0   0x000002e0   0x00000002   Code   RO         2739    .ARM.Collect$$libinit$$00000000  c_w.l(libinit.o)
    0x000002e2   0x000002e2   0x00000004   Code   RO         2745    .ARM.Collect$$libinit$$00000001  c_w.l(libinit2.o)
    0x000002e6   0x000002e6   0x00000000   Code   RO         2748    .ARM.Collect$$libinit$$00000004  c_w.l(libinit2.o)
    0x000002e6   0x000002e6   0x00000000   Code   RO         2750    .ARM.Collect$$libinit$$00000006  c_w.l(libinit2.o)
    0x000002e6   0x000002e6   0x00000000   Code   RO         2753    .ARM.Collect$$libinit$$0000000C  c_w.l(libinit2.o)
    0x000002e6   0x000002e6   0x00000000   Code   RO         2755    .ARM.Collect$$libinit$$0000000E  c_w.l(libinit2.o)
    0x000002e6   0x000002e6   0x00000000   Code   RO         2757    .ARM.Collect$$libinit$$00000010  c_w.l(libinit2.o)
    0x000002e6   0x000002e6   0x00000000   Code   RO         2760    .ARM.Collect$$libinit$$00000013  c_w.l(libinit2.o)
    0x000002e6   0x000002e6   0x00000000   Code   RO         2762    .ARM.Collect$$libinit$$00000015  c_w.l(libinit2.o)
    0x000002e6   0x000002e6   0x00000000   Code   RO         2764    .ARM.Collect$$libinit$$00000017  c_w.l(libinit2.o)
    0x000002e6   0x000002e6   0x00000000   Code   RO         2766    .ARM.Collect$$libinit$$00000019  c_w.l(libinit2.o)
    0x000002e6   0x000002e6   0x00000000   Code   RO         2768    .ARM.Collect$$libinit$$0000001B  c_w.l(libinit2.o)
    0x000002e6   0x000002e6   0x00000000   Code   RO         2770    .ARM.Collect$$libinit$$0000001D  c_w.l(libinit2.o)
    0x000002e6   0x000002e6   0x00000000   Code   RO         2772    .ARM.Collect$$libinit$$0000001F  c_w.l(libinit2.o)
    0x000002e6   0x000002e6   0x00000000   Code   RO         2774    .ARM.Collect$$libinit$$00000021  c_w.l(libinit2.o)
    0x000002e6   0x000002e6   0x00000000   Code   RO         2776    .ARM.Collect$$libinit$$00000023  c_w.l(libinit2.o)
    0x000002e6   0x000002e6   0x00000000   Code   RO         2778    .ARM.Collect$$libinit$$00000025  c_w.l(libinit2.o)
    0x000002e6   0x000002e6   0x00000000   Code   RO         2780    .ARM.Collect$$libinit$$00000027  c_w.l(libinit2.o)
    0x000002e6   0x000002e6   0x00000000   Code   RO         2784    .ARM.Collect$$libinit$$0000002E  c_w.l(libinit2.o)
    0x000002e6   0x000002e6   0x00000000   Code   RO         2786    .ARM.Collect$$libinit$$00000030  c_w.l(libinit2.o)
    0x000002e6   0x000002e6   0x00000000   Code   RO         2788    .ARM.Collect$$libinit$$00000032  c_w.l(libinit2.o)
    0x000002e6   0x000002e6   0x00000000   Code   RO         2790    .ARM.Collect$$libinit$$00000034  c_w.l(libinit2.o)
    0x000002e6   0x000002e6   0x00000002   Code   RO         2791    .ARM.Collect$$libinit$$00000035  c_w.l(libinit2.o)
    0x000002e8   0x000002e8   0x00000002   Code   RO         2811    .ARM.Collect$$libshutdown$$00000000  c_w.l(libshutdown.o)
    0x000002ea   0x000002ea   0x00000000   Code   RO         2826    .ARM.Collect$$libshutdown$$00000002  c_w.l(libshutdown2.o)
    0x000002ea   0x000002ea   0x00000000   Code   RO         2828    .ARM.Collect$$libshutdown$$00000004  c_w.l(libshutdown2.o)
    0x000002ea   0x000002ea   0x00000000   Code   RO         2831    .ARM.Collect$$libshutdown$$00000007  c_w.l(libshutdown2.o)
    0x000002ea   0x000002ea   0x00000000   Code   RO         2834    .ARM.Collect$$libshutdown$$0000000A  c_w.l(libshutdown2.o)
    0x000002ea   0x000002ea   0x00000000   Code   RO         2836    .ARM.Collect$$libshutdown$$0000000C  c_w.l(libshutdown2.o)
    0x000002ea   0x000002ea   0x00000000   Code   RO         2839    .ARM.Collect$$libshutdown$$0000000F  c_w.l(libshutdown2.o)
    0x000002ea   0x000002ea   0x00000002   Code   RO         2840    .ARM.Collect$$libshutdown$$00000010  c_w.l(libshutdown2.o)
    0x000002ec   0x000002ec   0x00000000   Code   RO         2714    .ARM.Collect$$rtentry$$00000000  c_w.l(__rtentry.o)
    0x000002ec   0x000002ec   0x00000000   Code   RO         2718    .ARM.Collect$$rtentry$$00000002  c_w.l(__rtentry2.o)
    0x000002ec   0x000002ec   0x00000006   Code   RO         2730    .ARM.Collect$$rtentry$$00000004  c_w.l(__rtentry4.o)
    0x000002f2   0x000002f2   0x00000008   Code   RO         2719    .ARM.Collect$$rtentry$$00000008  c_w.l(__rtentry2.o)
    0x000002fa   0x000002fa   0x00000004   Code   RO         2721    .ARM.Collect$$rtentry$$0000000A  c_w.l(__rtentry2.o)
    0x000002fe   0x000002fe   0x00000000   Code   RO         2723    .ARM.Collect$$rtentry$$0000000C  c_w.l(__rtentry2.o)
    0x000002fe   0x000002fe   0x00000008   Code   RO         2724    .ARM.Collect$$rtentry$$0000000D  c_w.l(__rtentry2.o)
    0x00000306   0x00000306   0x00000002   Code   RO         2743    .ARM.Collect$$rtexit$$00000000  c_w.l(rtexit.o)
    0x00000308   0x00000308   0x00000000   Code   RO         2793    .ARM.Collect$$rtexit$$00000002  c_w.l(rtexit2.o)
    0x00000308   0x00000308   0x00000004   Code   RO         2794    .ARM.Collect$$rtexit$$00000003  c_w.l(rtexit2.o)
    0x0000030c   0x0000030c   0x00000006   Code   RO         2795    .ARM.Collect$$rtexit$$00000004  c_w.l(rtexit2.o)
    0x00000312   0x00000312   0x00000002   PAD
    0x00000314   0x00000314   0x00000114   Code   RO          369  * .text               startup_tm4c123.o
    0x00000428   0x00000428   0x0000008a   Code   RO         2698    .text               c_w.l(rt_memcpy_v6.o)
    0x000004b2   0x000004b2   0x0000004e   Code   RO         2704    .text               c_w.l(rt_memclr_w.o)
    0x00000500   0x00000500   0x00000006   Code   RO         2708    .text               c_w.l(heapauxi.o)
    0x00000506   0x00000506   0x00000064   Code   RO         2715    .text               c_w.l(rt_memcpy_w.o)
    0x0000056a   0x0000056a   0x0000004a   Code   RO         2732    .text               c_w.l(sys_stackheap_outer.o)
    0x000005b4   0x000005b4   0x00000012   Code   RO         2734    .text               c_w.l(exit.o)
    0x000005c6   0x000005c6   0x00000002   PAD
    0x000005c8   0x000005c8   0x00000008   Code   RO         2740    .text               c_w.l(libspace.o)
    0x000005d0   0x000005d0   0x0000000c   Code   RO         2801    .text               c_w.l(sys_exit.o)
    0x000005dc   0x000005dc   0x00000002   Code   RO         2816    .text               c_w.l(use_no_semi.o)
    0x000005de   0x000005de   0x00000000   Code   RO         2818    .text               c_w.l(indicate_semi.o)
    0x000005de   0x000005de   0x00000002   PAD
    0x000005e0   0x000005e0   0x00000016   Code   RO           45    .text.$Sub$$_fp_init  clib_os.o
    0x000005f6   0x000005f6   0x00000002   PAD
    0x000005f8   0x000005f8   0x00000300   Code   RO           14    .text.DIO_Init      dio.o
    0x000008f8   0x000008f8   0x000000aa   Code   RO           20    .text.DIO_ReadPin   dio.o
    0x000009a2   0x000009a2   0x00000002   PAD
    0x000009a4   0x000009a4   0x000000c4   Code   RO           16    .text.DIO_WritePin  dio.o
    0x00000a68   0x00000a68   0x0000003c   Code   RO          289    .text.EventCheckFilter  eventrecorder.o
    0x00000aa4   0x00000aa4   0x0000005a   Code   RO          275    .text.EventGetTS    eventrecorder.o
    0x00000afe   0x00000afe   0x00000002   PAD
    0x00000b00   0x00000b00   0x0000005a   Code   RO          293    .text.EventRecord2  eventrecorder.o
    0x00000b5a   0x00000b5a   0x00000002   PAD
    0x00000b5c   0x00000b5c   0x000000fe   Code   RO          277    .text.EventRecordItem  eventrecorder.o
    0x00000c5a   0x00000c5a   0x00000002   PAD
    0x00000c5c   0x00000c5c   0x00000092   Code   RO          273    .text.EventRecorderEnable  eventrecorder.o
    0x00000cee   0x00000cee   0x00000002   PAD
    0x00000cf0   0x00000cf0   0x000001c2   Code   RO          269    .text.EventRecorderInitialize  eventrecorder.o
    0x00000eb2   0x00000eb2   0x00000002   PAD
    0x00000eb4   0x00000eb4   0x0000004a   Code   RO          279    .text.EventRecorderStart  eventrecorder.o
    0x00000efe   0x00000efe   0x00000002   PAD
    0x00000f00   0x00000f00   0x0000000c   Code   RO          267    .text.EventRecorderTimerGetCount  eventrecorder.o
    0x00000f0c   0x00000f0c   0x0000000c   Code   RO          265    .text.EventRecorderTimerGetFreq  eventrecorder.o
    0x00000f18   0x00000f18   0x00000024   Code   RO          263    .text.EventRecorderTimerSetup  eventrecorder.o
    0x00000f3c   0x00000f3c   0x0000001c   Code   RO         1068    .text.EvrFreeRTOSHeap_Free  freertos_evr.o
    0x00000f58   0x00000f58   0x00000018   Code   RO         1066    .text.EvrFreeRTOSHeap_Malloc  freertos_evr.o
    0x00000f70   0x00000f70   0x0000001a   Code   RO          860    .text.EvrFreeRTOSQueue_BlockingOnQueueReceive  freertos_evr.o
    0x00000f8a   0x00000f8a   0x00000002   PAD
    0x00000f8c   0x00000f8c   0x0000001a   Code   RO          862    .text.EvrFreeRTOSQueue_BlockingOnQueueSend  freertos_evr.o
    0x00000fa6   0x00000fa6   0x00000002   PAD
    0x00000fa8   0x00000fa8   0x0000001a   Code   RO          816    .text.EvrFreeRTOSQueue_CreateMutex  freertos_evr.o
    0x00000fc2   0x00000fc2   0x00000002   PAD
    0x00000fc4   0x00000fc4   0x00000010   Code   RO          818    .text.EvrFreeRTOSQueue_CreateMutexFailed  freertos_evr.o
    0x00000fd4   0x00000fd4   0x0000001a   Code   RO          812    .text.EvrFreeRTOSQueue_QueueCreate  freertos_evr.o
    0x00000fee   0x00000fee   0x00000002   PAD
    0x00000ff0   0x00000ff0   0x00000016   Code   RO          814    .text.EvrFreeRTOSQueue_QueueCreateFailed  freertos_evr.o
    0x00001006   0x00001006   0x00000002   PAD
    0x00001008   0x00001008   0x0000001a   Code   RO          856    .text.EvrFreeRTOSQueue_QueueDelete  freertos_evr.o
    0x00001022   0x00001022   0x00000002   PAD
    0x00001024   0x00001024   0x0000001a   Code   RO          836    .text.EvrFreeRTOSQueue_QueueReceive  freertos_evr.o
    0x0000103e   0x0000103e   0x00000002   PAD
    0x00001040   0x00001040   0x00000016   Code   RO          844    .text.EvrFreeRTOSQueue_QueueReceiveFailed  freertos_evr.o
    0x00001056   0x00001056   0x00000002   PAD
    0x00001058   0x00001058   0x0000001a   Code   RO          832    .text.EvrFreeRTOSQueue_QueueSend  freertos_evr.o
    0x00001072   0x00001072   0x00000002   PAD
    0x00001074   0x00001074   0x00000016   Code   RO          834    .text.EvrFreeRTOSQueue_QueueSendFailed  freertos_evr.o
    0x0000108a   0x0000108a   0x00000002   PAD
    0x0000108c   0x0000108c   0x0000008e   Code   RO          390    .text.EvrFreeRTOSSetup  freertos_evr.o
    0x0000111a   0x0000111a   0x00000002   PAD
    0x0000111c   0x0000111c   0x0000001a   Code   RO          444    .text.EvrFreeRTOSTasks_MovedTaskToDelayedList  freertos_evr.o
    0x00001136   0x00001136   0x00000002   PAD
    0x00001138   0x00001138   0x0000001a   Code   RO          446    .text.EvrFreeRTOSTasks_MovedTaskToOverflowDelayedList  freertos_evr.o
    0x00001152   0x00001152   0x00000002   PAD
    0x00001154   0x00001154   0x0000001a   Code   RO          422    .text.EvrFreeRTOSTasks_MovedTaskToReadyState  freertos_evr.o
    0x0000116e   0x0000116e   0x00000002   PAD
    0x00001170   0x00001170   0x0000001a   Code   RO          424    .text.EvrFreeRTOSTasks_PostMovedTaskToReadyState  freertos_evr.o
    0x0000118a   0x0000118a   0x00000002   PAD
    0x0000118c   0x0000118c   0x0000001a   Code   RO          410    .text.EvrFreeRTOSTasks_TaskIncrementTick  freertos_evr.o
    0x000011a6   0x000011a6   0x00000002   PAD
    0x000011a8   0x000011a8   0x0000001c   Code   RO          420    .text.EvrFreeRTOSTasks_TaskPriorityDisinherit  freertos_evr.o
    0x000011c4   0x000011c4   0x0000001c   Code   RO          418    .text.EvrFreeRTOSTasks_TaskPriorityInherit  freertos_evr.o
    0x000011e0   0x000011e0   0x0000001c   Code   RO          416    .text.EvrFreeRTOSTasks_TaskSwitchedIn  freertos_evr.o
    0x000011fc   0x000011fc   0x0000001a   Code   RO          414    .text.EvrFreeRTOSTasks_TaskSwitchedOut  freertos_evr.o
    0x00001216   0x00001216   0x00000002   PAD
    0x00001218   0x00001218   0x00000014   Code   RO          760    .text.EvrFreeRTOSTasks_pvTaskIncrementMutexHeldCount  freertos_evr.o
    0x0000122c   0x0000122c   0x0000001a   Code   RO          762    .text.EvrFreeRTOSTasks_pvTaskIncrementMutexHeldCount_Return  freertos_evr.o
    0x00001246   0x00001246   0x00000002   PAD
    0x00001248   0x00001248   0x0000001a   Code   RO          656    .text.EvrFreeRTOSTasks_vTaskInternalSetTimeOutState  freertos_evr.o
    0x00001262   0x00001262   0x00000002   PAD
    0x00001264   0x00001264   0x00000014   Code   RO          658    .text.EvrFreeRTOSTasks_vTaskInternalSetTimeOutState_Return  freertos_evr.o
    0x00001278   0x00001278   0x00000014   Code   RO          664    .text.EvrFreeRTOSTasks_vTaskMissedYield  freertos_evr.o
    0x0000128c   0x0000128c   0x00000014   Code   RO          666    .text.EvrFreeRTOSTasks_vTaskMissedYield_Return  freertos_evr.o
    0x000012a0   0x000012a0   0x0000001c   Code   RO          632    .text.EvrFreeRTOSTasks_vTaskPlaceOnEventList  freertos_evr.o
    0x000012bc   0x000012bc   0x00000014   Code   RO          634    .text.EvrFreeRTOSTasks_vTaskPlaceOnEventList_Return  freertos_evr.o
    0x000012d0   0x000012d0   0x0000001c   Code   RO          724    .text.EvrFreeRTOSTasks_vTaskPriorityDisinheritAfterTimeout  freertos_evr.o
    0x000012ec   0x000012ec   0x00000014   Code   RO          726    .text.EvrFreeRTOSTasks_vTaskPriorityDisinheritAfterTimeout_Return  freertos_evr.o
    0x00001300   0x00001300   0x00000014   Code   RO          552    .text.EvrFreeRTOSTasks_vTaskSuspendAll  freertos_evr.o
    0x00001314   0x00001314   0x00000014   Code   RO          554    .text.EvrFreeRTOSTasks_vTaskSuspendAll_Return  freertos_evr.o
    0x00001328   0x00001328   0x00000014   Code   RO          628    .text.EvrFreeRTOSTasks_vTaskSwitchContext  freertos_evr.o
    0x0000133c   0x0000133c   0x00000014   Code   RO          630    .text.EvrFreeRTOSTasks_vTaskSwitchContext_Return  freertos_evr.o
    0x00001350   0x00001350   0x0000001c   Code   RO          660    .text.EvrFreeRTOSTasks_xTaskCheckForTimeOut  freertos_evr.o
    0x0000136c   0x0000136c   0x0000001a   Code   RO          662    .text.EvrFreeRTOSTasks_xTaskCheckForTimeOut_Return  freertos_evr.o
    0x00001386   0x00001386   0x00000002   PAD
    0x00001388   0x00001388   0x00000014   Code   RO          712    .text.EvrFreeRTOSTasks_xTaskGetSchedulerState  freertos_evr.o
    0x0000139c   0x0000139c   0x0000001a   Code   RO          714    .text.EvrFreeRTOSTasks_xTaskGetSchedulerState_Return  freertos_evr.o
    0x000013b6   0x000013b6   0x00000002   PAD
    0x000013b8   0x000013b8   0x00000014   Code   RO          608    .text.EvrFreeRTOSTasks_xTaskIncrementTick  freertos_evr.o
    0x000013cc   0x000013cc   0x0000001a   Code   RO          610    .text.EvrFreeRTOSTasks_xTaskIncrementTick_Return  freertos_evr.o
    0x000013e6   0x000013e6   0x00000002   PAD
    0x000013e8   0x000013e8   0x0000001a   Code   RO          720    .text.EvrFreeRTOSTasks_xTaskPriorityDisinherit  freertos_evr.o
    0x00001402   0x00001402   0x00000002   PAD
    0x00001404   0x00001404   0x0000001a   Code   RO          722    .text.EvrFreeRTOSTasks_xTaskPriorityDisinherit_Return  freertos_evr.o
    0x0000141e   0x0000141e   0x00000002   PAD
    0x00001420   0x00001420   0x0000001a   Code   RO          716    .text.EvrFreeRTOSTasks_xTaskPriorityInherit  freertos_evr.o
    0x0000143a   0x0000143a   0x00000002   PAD
    0x0000143c   0x0000143c   0x0000001a   Code   RO          718    .text.EvrFreeRTOSTasks_xTaskPriorityInherit_Return  freertos_evr.o
    0x00001456   0x00001456   0x00000002   PAD
    0x00001458   0x00001458   0x0000001a   Code   RO          644    .text.EvrFreeRTOSTasks_xTaskRemoveFromEventList  freertos_evr.o
    0x00001472   0x00001472   0x00000002   PAD
    0x00001474   0x00001474   0x0000001a   Code   RO          646    .text.EvrFreeRTOSTasks_xTaskRemoveFromEventList_Return  freertos_evr.o
    0x0000148e   0x0000148e   0x00000002   PAD
    0x00001490   0x00001490   0x00000014   Code   RO          556    .text.EvrFreeRTOSTasks_xTaskResumeAll  freertos_evr.o
    0x000014a4   0x000014a4   0x0000001a   Code   RO          558    .text.EvrFreeRTOSTasks_xTaskResumeAll_Return  freertos_evr.o
    0x000014be   0x000014be   0x00000002   PAD
    0x000014c0   0x000014c0   0x00000012   Code   RO          307    .text.GetRecordIndex  eventrecorder.o
    0x000014d2   0x000014d2   0x00000002   PAD
    0x000014d4   0x000014d4   0x00000012   Code   RO          315    .text.IncrementRecordsDumped  eventrecorder.o
    0x000014e6   0x000014e6   0x00000002   PAD
    0x000014e8   0x000014e8   0x00000012   Code   RO          313    .text.IncrementRecordsWritten  eventrecorder.o
    0x000014fa   0x000014fa   0x00000002   PAD
    0x000014fc   0x000014fc   0x00000036   Code   RO          309    .text.LockRecord    eventrecorder.o
    0x00001532   0x00001532   0x00000002   PAD
    0x00001534   0x00001534   0x00000012   Code   RO          297    .text.LockTS_Overflow  eventrecorder.o
    0x00001546   0x00001546   0x0000000a   PAD
    0x00001550   0x00001550   0x00000064   Code   RO         1154    .text.PendSV_Handler  port.o
    0x000015b4   0x000015b4   0x0000000c   PAD
    0x000015c0   0x000015c0   0x00000024   Code   RO         1138    .text.SVC_Handler   port.o
    0x000015e4   0x000015e4   0x0000001e   Code   RO           72    .text.SysTick_Handler  cmsis_os2.o
    0x00001602   0x00001602   0x00000002   PAD
    0x00001604   0x00001604   0x0000010c   Code   RO          380    .text.SystemInit    system_tm4c123.o
    0x00001710   0x00001710   0x00000032   Code   RO          311    .text.UnlockRecord  eventrecorder.o
    0x00001742   0x00001742   0x00000002   PAD
    0x00001744   0x00001744   0x00000012   Code   RO          299    .text.UnlockTS_Overflow  eventrecorder.o
    0x00001756   0x00001756   0x00000002   PAD
    0x00001758   0x00001758   0x0000001a   Code   RO          301    .text.UpdateTS      eventrecorder.o
    0x00001772   0x00001772   0x00000002   PAD
    0x00001774   0x00001774   0x00000028   Code   RO           53    .text._mutex_acquire  clib_os.o
    0x0000179c   0x0000179c   0x00000054   Code   RO           59    .text._mutex_free   clib_os.o
    0x000017f0   0x000017f0   0x000000a8   Code   RO           51    .text._mutex_initialize  clib_os.o
    0x00001898   0x00001898   0x0000002a   Code   RO           57    .text._mutex_release  clib_os.o
    0x000018c2   0x000018c2   0x00000002   PAD
    0x000018c4   0x000018c4   0x0000000a   Code   RO           43    .text._platform_post_stackheap_init  clib_os.o
    0x000018ce   0x000018ce   0x00000002   PAD
    0x000018d0   0x000018d0   0x00000020   Code   RO          317    .text.atomic_inc32  eventrecorder.o
    0x000018f0   0x000018f0   0x00000020   Code   RO          305    .text.atomic_wr32   eventrecorder.o
    0x00001910   0x00001910   0x00000028   Code   RO          303    .text.atomic_wr8    eventrecorder.o
    0x00001938   0x00001938   0x00000082   Code   RO          271    .text.crc16_ccitt   eventrecorder.o
    0x000019ba   0x000019ba   0x00000002   PAD
    0x000019bc   0x000019bc   0x00000030   Code   RO            2    .text.delay_ms      main.o
    0x000019ec   0x000019ec   0x00000020   Code   RO           55    .text.is_thread_mode  clib_os.o
    0x00001a0c   0x00001a0c   0x0000009c   Code   RO            4    .text.main          main.o
    0x00001aa8   0x00001aa8   0x00000020   Code   RO           49    .text.os_kernel_is_active  clib_os.o
    0x00001ac8   0x00001ac8   0x00000122   Code   RO         1307    .text.prvAddCurrentTaskToDelayedList  tasks.o
    0x00001bea   0x00001bea   0x00000002   PAD
    0x00001bec   0x00001bec   0x000000cc   Code   RO         1232    .text.prvCopyDataToQueue  queue.o
    0x00001cb8   0x00001cb8   0x00000026   Code   RO         1248    .text.prvGetDisinheritPriorityAfterTimeout  queue.o
    0x00001cde   0x00001cde   0x00000002   PAD
    0x00001ce0   0x00001ce0   0x000000aa   Code   RO         1168    .text.prvHeapInit   heap_4.o
    0x00001d8a   0x00001d8a   0x00000002   PAD
    0x00001d8c   0x00001d8c   0x0000003a   Code   RO         1212    .text.prvInitialiseMutex  queue.o
    0x00001dc6   0x00001dc6   0x00000002   PAD
    0x00001dc8   0x00001dc8   0x0000004e   Code   RO         1204    .text.prvInitialiseNewQueue  queue.o
    0x00001e16   0x00001e16   0x00000002   PAD
    0x00001e18   0x00001e18   0x000000d8   Code   RO         1172    .text.prvInsertBlockIntoFreeList  heap_4.o
    0x00001ef0   0x00001ef0   0x00000028   Code   RO         1246    .text.prvIsQueueEmpty  queue.o
    0x00001f18   0x00001f18   0x0000002e   Code   RO         1234    .text.prvIsQueueFull  queue.o
    0x00001f46   0x00001f46   0x00000002   PAD
    0x00001f48   0x00001f48   0x0000003c   Code   RO         1299    .text.prvResetNextTaskUnblockTime  tasks.o
    0x00001f84   0x00001f84   0x000000ae   Code   RO         1236    .text.prvUnlockQueue  queue.o
    0x00002032   0x00002032   0x00000002   PAD
    0x00002034   0x00002034   0x000001be   Code   RO         1166    .text.pvPortMalloc  heap_4.o
    0x000021f2   0x000021f2   0x00000002   PAD
    0x000021f4   0x000021f4   0x00000030   Code   RO         1405    .text.pvTaskIncrementMutexHeldCount  tasks.o
    0x00002224   0x00002224   0x00000048   Code   RO         1125    .text.uxListRemove  list.o
    0x0000226c   0x0000226c   0x0000000a   Code   RO          226    .text.vApplicationStackOverflowHook  cmsis_os2.o
    0x00002276   0x00002276   0x00000002   PAD
    0x00002278   0x00002278   0x0000002e   Code   RO         1117    .text.vListInitialise  list.o
    0x000022a6   0x000022a6   0x00000002   PAD
    0x000022a8   0x000022a8   0x0000006a   Code   RO         1123    .text.vListInsert   list.o
    0x00002312   0x00002312   0x00000002   PAD
    0x00002314   0x00002314   0x00000030   Code   RO         1150    .text.vPortEnterCritical  port.o
    0x00002344   0x00002344   0x00000026   Code   RO         1152    .text.vPortExitCritical  port.o
    0x0000236a   0x0000236a   0x00000002   PAD
    0x0000236c   0x0000236c   0x00000080   Code   RO         1170    .text.vPortFree     heap_4.o
    0x000023ec   0x000023ec   0x00000028   Code   RO         1262    .text.vQueueDelete  queue.o
    0x00002414   0x00002414   0x00000030   Code   RO         1375    .text.vTaskInternalSetTimeOutState  tasks.o
    0x00002444   0x00002444   0x00000018   Code   RO         1379    .text.vTaskMissedYield  tasks.o
    0x0000245c   0x0000245c   0x00000032   Code   RO         1363    .text.vTaskPlaceOnEventList  tasks.o
    0x0000248e   0x0000248e   0x00000002   PAD
    0x00002490   0x00002490   0x0000015a   Code   RO         1401    .text.vTaskPriorityDisinheritAfterTimeout  tasks.o
    0x000025ea   0x000025ea   0x00000002   PAD
    0x000025ec   0x000025ec   0x0000001a   Code   RO         1305    .text.vTaskSuspendAll  tasks.o
    0x00002606   0x00002606   0x00000002   PAD
    0x00002608   0x00002608   0x00000146   Code   RO         1327    .text.vTaskSwitchContext  tasks.o
    0x0000274e   0x0000274e   0x00000002   PAD
    0x00002750   0x00002750   0x0000003e   Code   RO         1156    .text.xPortSysTickHandler  port.o
    0x0000278e   0x0000278e   0x00000002   PAD
    0x00002790   0x00002790   0x00000026   Code   RO         1210    .text.xQueueCreateMutex  queue.o
    0x000027b6   0x000027b6   0x00000002   PAD
    0x000027b8   0x000027b8   0x00000032   Code   RO         1214    .text.xQueueCreateMutexStatic  queue.o
    0x000027ea   0x000027ea   0x00000002   PAD
    0x000027ec   0x000027ec   0x0000008e   Code   RO         1208    .text.xQueueGenericCreate  queue.o
    0x0000287a   0x0000287a   0x00000002   PAD
    0x0000287c   0x0000287c   0x0000006c   Code   RO         1202    .text.xQueueGenericCreateStatic  queue.o
    0x000028e8   0x000028e8   0x000000d0   Code   RO         1200    .text.xQueueGenericReset  queue.o
    0x000029b8   0x000029b8   0x00000182   Code   RO         1222    .text.xQueueGenericSend  queue.o
    0x00002b3a   0x00002b3a   0x00000002   PAD
    0x00002b3c   0x00002b3c   0x000001b6   Code   RO         1226    .text.xQueueSemaphoreTake  queue.o
    0x00002cf2   0x00002cf2   0x00000002   PAD
    0x00002cf4   0x00002cf4   0x000000d2   Code   RO         1377    .text.xTaskCheckForTimeOut  tasks.o
    0x00002dc6   0x00002dc6   0x00000002   PAD
    0x00002dc8   0x00002dc8   0x00000044   Code   RO         1395    .text.xTaskGetSchedulerState  tasks.o
    0x00002e0c   0x00002e0c   0x00000282   Code   RO         1343    .text.xTaskIncrementTick  tasks.o
    0x0000308e   0x0000308e   0x00000002   PAD
    0x00003090   0x00003090   0x00000112   Code   RO         1399    .text.xTaskPriorityDisinherit  tasks.o
    0x000031a2   0x000031a2   0x00000002   PAD
    0x000031a4   0x000031a4   0x00000186   Code   RO         1397    .text.xTaskPriorityInherit  tasks.o
    0x0000332a   0x0000332a   0x00000002   PAD
    0x0000332c   0x0000332c   0x000001ae   Code   RO         1369    .text.xTaskRemoveFromEventList  tasks.o
    0x000034da   0x000034da   0x00000002   PAD
    0x000034dc   0x000034dc   0x00000254   Code   RO         1309    .text.xTaskResumeAll  tasks.o
    0x00003730   0x00003730   0x0000001a   Code   RO         2712    x$fpl$fpinit        fz_wm.l(fpinit.o)
    0x0000374a   0x0000374a   0x00000002   PAD
    0x0000374c   0x0000374c   0x00000018   Data   RO          322    .rodata.EventRecorderInfo  eventrecorder.o
    0x00003764   0x00003764   0x00000020   Data   RO         2874    Region$$Table       anon$$obj.o


    Execution Region ER_RW (Exec base: 0x20000000, Load base: 0x00003784, Size: 0x00000008, Max: 0xffffffff, ABSOLUTE)

    Exec Addr    Load Addr    Size         Type   Attr      Idx    E Section Name        Object

    0x20000000   0x00003784   0x00000004   Data   RW          382    .data.SystemCoreClock  system_tm4c123.o
    0x20000004   0x00003788   0x00000004   Data   RW         1158    .data.uxCriticalNesting  port.o


    Execution Region ER_ZI (Exec base: 0x20000040, Load base: 0x0000378c, Size: 0x00002db8, Max: 0xffffffff, ABSOLUTE)

    Exec Addr    Load Addr    Size         Type   Attr      Idx    E Section Name        Object

    0x20000040        -       0x00000060   Zero   RW         2741    .bss                c_w.l(libspace.o)
    0x200000a0        -       0x00000001   Zero   RW         1070    .bss.EvrFreeRTOSSetup.init  freertos_evr.o
    0x200000a1        -       0x00000001   Zero   RW          323    .bss.TS_OverflowLock  eventrecorder.o
    0x200000a2   0x0000378c   0x00000002   PAD
    0x200000a4        -       0x00000190   Zero   RW           64    .bss.clib_mutex_cb  clib_os.o
    0x20000234        -       0x00000014   Zero   RW           63    .bss.clib_mutex_id  clib_os.o
    0x20000248   0x0000378c   0x00000038   PAD
    0x20000280        -       0x000004a4   Zero   RW          321    .bss.noinit         eventrecorder.o
    0x20000724        -       0x00000004   Zero   RW         1433    .bss.pxCurrentTCB   tasks.o
    0x20000728        -       0x00000004   Zero   RW         1440    .bss.pxDelayedTaskList  tasks.o
    0x2000072c        -       0x00000004   Zero   RW         1186    .bss.pxEnd          heap_4.o
    0x20000730        -       0x00000004   Zero   RW         1441    .bss.pxOverflowDelayedTaskList  tasks.o
    0x20000734        -       0x00000460   Zero   RW         1444    .bss.pxReadyTasksLists  tasks.o
    0x20000b94        -       0x00002000   Zero   RW         1192    .bss.ucHeap         heap_4.o
    0x20002b94        -       0x00000004   Zero   RW         1438    .bss.uxCurrentNumberOfTasks  tasks.o
    0x20002b98        -       0x00000004   Zero   RW         1446    .bss.uxSchedulerSuspended  tasks.o
    0x20002b9c        -       0x00000004   Zero   RW         1445    .bss.uxTopReadyPriority  tasks.o
    0x20002ba0        -       0x00000004   Zero   RW         1187    .bss.xFreeBytesRemaining  heap_4.o
    0x20002ba4        -       0x00000004   Zero   RW         1189    .bss.xMinimumEverFreeBytesRemaining  heap_4.o
    0x20002ba8        -       0x00000004   Zero   RW         1448    .bss.xNextTaskUnblockTime  tasks.o
    0x20002bac        -       0x00000004   Zero   RW         1452    .bss.xNumOfOverflows  tasks.o
    0x20002bb0        -       0x00000004   Zero   RW         1190    .bss.xNumberOfSuccessfulAllocations  heap_4.o
    0x20002bb4        -       0x00000004   Zero   RW         1191    .bss.xNumberOfSuccessfulFrees  heap_4.o
    0x20002bb8        -       0x00000004   Zero   RW         1451    .bss.xPendedTicks   tasks.o
    0x20002bbc        -       0x00000014   Zero   RW         1442    .bss.xPendingReadyList  tasks.o
    0x20002bd0        -       0x00000004   Zero   RW         1435    .bss.xSchedulerRunning  tasks.o
    0x20002bd4        -       0x00000008   Zero   RW         1188    .bss.xStart         heap_4.o
    0x20002bdc        -       0x00000014   Zero   RW         1443    .bss.xSuspendedTaskList  tasks.o
    0x20002bf0        -       0x00000004   Zero   RW         1439    .bss.xTickCount     tasks.o
    0x20002bf4        -       0x00000004   Zero   RW         1447    .bss.xYieldPendings  tasks.o
    0x20002bf8        -       0x00000000   Zero   RW          367    HEAP                startup_tm4c123.o
    0x20002bf8        -       0x00000200   Zero   RW          366    STACK               startup_tm4c123.o


==============================================================================

Image component sizes


      Code (inc. data)   RO Data    RW Data    ZI Data      Debug   Object Name

       430          0          0          0        420       4309   clib_os.o
        40          0          0          0          0      29876   cmsis_os2.o
      1134          0          0          0          0       6871   dio.o
      1678          0         24          0       1189       8888   eventrecorder.o
      1354          0          0          0          1      52509   freertos_evr.o
       960          0          0          0       8220       4525   heap_4.o
       224          0          0          0          0       2336   list.o
       204          0          0          0          0       1046   main.o
       284          8          0          4          0       2943   port.o
      2048          0          0          0          0      14875   queue.o
       276         24        620          0        512       5484   startup_tm4c123.o
       268          0          0          4          0       6794   system_tm4c123.o
      3828          0          0          0       1208      28401   tasks.o

    ----------------------------------------------------------------------
     12900         44        676          8      11608     168857   Object Totals
         0          0         32          0          0          0   (incl. Generated)
       172         12          0          0         58          0   (incl. Padding)

    ----------------------------------------------------------------------

      Code (inc. data)   RO Data    RW Data    ZI Data      Debug   Library Member Name

         8          0          0          0          0         68   __main.o
         0          0          0          0          0          0   __rtentry.o
        20          0          0          0          0          0   __rtentry2.o
         6          0          0          0          0          0   __rtentry4.o
        52          8          0          0          0          0   __scatter.o
        26          0          0          0          0          0   __scatter_copy.o
        28          0          0          0          0          0   __scatter_zi.o
        18          0          0          0          0         80   exit.o
         6          0          0          0          0        152   heapauxi.o
         0          0          0          0          0          0   indicate_semi.o
         2          0          0          0          0          0   libinit.o
         6          0          0          0          0          0   libinit2.o
         2          0          0          0          0          0   libshutdown.o
         2          0          0          0          0          0   libshutdown2.o
         8          4          0          0         96         68   libspace.o
        78          0          0          0          0         80   rt_memclr_w.o
       138          0          0          0          0         68   rt_memcpy_v6.o
       100          0          0          0          0         80   rt_memcpy_w.o
         2          0          0          0          0          0   rtexit.o
        10          0          0          0          0          0   rtexit2.o
        12          4          0          0          0         68   sys_exit.o
        74          0          0          0          0         80   sys_stackheap_outer.o
         2          0          0          0          0         68   use_no_semi.o
        26          0          0          0          0        116   fpinit.o

    ----------------------------------------------------------------------
       636         16          0          0         96        928   Library Totals
        10          0          0          0          0          0   (incl. Padding)

    ----------------------------------------------------------------------

      Code (inc. data)   RO Data    RW Data    ZI Data      Debug   Library Name

       600         16          0          0         96        812   c_w.l
        26          0          0          0          0        116   fz_wm.l

    ----------------------------------------------------------------------
       636         16          0          0         96        928   Library Totals

    ----------------------------------------------------------------------

==============================================================================


      Code (inc. data)   RO Data    RW Data    ZI Data      Debug   

     13536         60        676          8      11704     169253   Grand Totals
     13536         60        676          8      11704     169253   ELF Image Totals
     13536         60        676          8          0          0   ROM Totals

==============================================================================

    Total RO  Size (Code + RO Data)                14212 (  13.88kB)
    Total RW  Size (RW Data + ZI Data)             11712 (  11.44kB)
    Total ROM Size (Code + RO Data + RW Data)      14220 (  13.89kB)

==============================================================================

