Component: Arm Compiler for Embedded 6.19 Tool: armlink [5e73cb00]

==============================================================================

Section Cross References

    main.o(.ARM.exidx.text.delay_ms) refers to main.o(.text.delay_ms) for [Anonymous Symbol]
    main.o(.text.vSoftwareInterruptHandler) refers to main.o(.bss.xBinarySemaphore) for xBinarySemaphore
    main.o(.text.vSoftwareInterruptHandler) refers to queue.o(.text.xQueueGiveFromISR) for xQueueGiveFromISR
    main.o(.text.vSoftwareInterruptHandler) refers to main.o(.text.__NVIC_ClearPendingIRQ) for __NVIC_ClearPendingIRQ
    main.o(.ARM.exidx.text.vSoftwareInterruptHandler) refers to main.o(.text.vSoftwareInterruptHandler) for [Anonymous Symbol]
    main.o(.ARM.exidx.text.__NVIC_ClearPendingIRQ) refers to main.o(.text.__NVIC_ClearPendingIRQ) for [Anonymous Symbol]
    main.o(.text.AlertLCD) refers to main.o(.bss.xBinarySemaphore) for xBinarySemaphore
    main.o(.text.AlertLCD) refers to queue.o(.text.xQueueSemaphoreTake) for xQueueSemaphoreTake
    main.o(.text.AlertLCD) refers to main.o(.bss.lcdDisplay) for lcdDisplay
    main.o(.text.AlertLCD) refers to display.o(.text.Alert_Display) for Alert_Display
    main.o(.text.AlertLCD) refers to main.o(.text.delay_ms) for delay_ms
    main.o(.ARM.exidx.text.AlertLCD) refers to main.o(.text.AlertLCD) for [Anonymous Symbol]
    main.o(.text.GearLCD) refers to pushbutton.o(.text.PushButton_Read) for PushButton_Read
    main.o(.text.GearLCD) refers to main.o(.bss.lcdDisplay) for lcdDisplay
    main.o(.text.GearLCD) refers to display.o(.text.D_Display) for D_Display
    main.o(.text.GearLCD) refers to main.o(.text.delay_ms) for delay_ms
    main.o(.text.GearLCD) refers to display.o(.text.R_Display) for R_Display
    main.o(.text.GearLCD) refers to tasks_1.o(.text.vTaskDelay) for vTaskDelay
    main.o(.text.GearLCD) refers to main.o(.text.__NVIC_SetPendingIRQ) for __NVIC_SetPendingIRQ
    main.o(.ARM.exidx.text.GearLCD) refers to main.o(.text.GearLCD) for [Anonymous Symbol]
    main.o(.ARM.exidx.text.__NVIC_SetPendingIRQ) refers to main.o(.text.__NVIC_SetPendingIRQ) for [Anonymous Symbol]
    main.o(.text.main) refers to main.o(.text.prvSetupSoftwareInterrupt) for prvSetupSoftwareInterrupt
    main.o(.text.main) refers to sysctl.o(i.SysCtlClockSet) for SysCtlClockSet
    main.o(.text.main) refers to sysctl.o(i.SysCtlPeripheralEnable) for SysCtlPeripheralEnable
    main.o(.text.main) refers to sysctl.o(i.SysCtlPeripheralReady) for SysCtlPeripheralReady
    main.o(.text.main) refers to gpio.o(i.GPIOPinTypeGPIOOutput) for GPIOPinTypeGPIOOutput
    main.o(.text.main) refers to main.o(.bss.lcdDisplay) for lcdDisplay
    main.o(.text.main) refers to lcd.o(.text.LCDI2CInit) for LCDI2CInit
    main.o(.text.main) refers to ultrasonic.o(.text.ultrasonic_Init) for ultrasonic_Init
    main.o(.text.main) refers to pushbutton.o(.text.PushButton_Init) for PushButton_Init
    main.o(.text.main) refers to potentiometer.o(.text.potentiometer_Init) for potentiometer_Init
    main.o(.text.main) refers to doors.o(.text.DOOR_Init) for DOOR_Init
    main.o(.text.main) refers to lock.o(.text.Lock_Init) for Lock_Init
    main.o(.text.main) refers to iginitionswitch.o(.text.IgnitionSwitch_Init) for IgnitionSwitch_Init
    main.o(.text.main) refers to queue.o(.text.xQueueGenericCreate) for xQueueGenericCreate
    main.o(.text.main) refers to main.o(.bss.xBinarySemaphore) for xBinarySemaphore
    main.o(.text.main) refers to queue.o(.text.xQueueGenericSend) for xQueueGenericSend
    main.o(.text.main) refers to main.o(.bss.xDisplay) for xDisplay
    main.o(.text.main) refers to main.o(.text.GearLCD) for GearLCD
    main.o(.text.main) refers to main.o(.rodata.str1.1) for .L.str
    main.o(.text.main) refers to tasks_1.o(.text.xTaskCreate) for xTaskCreate
    main.o(.text.main) refers to main.o(.bss.xAlert) for xAlert
    main.o(.text.main) refers to main.o(.text.AlertLCD) for AlertLCD
    main.o(.text.main) refers to tasks_1.o(.text.vTaskStartScheduler) for vTaskStartScheduler
    main.o(.ARM.exidx.text.main) refers to main.o(.text.main) for [Anonymous Symbol]
    main.o(.text.prvSetupSoftwareInterrupt) refers to main.o(.text.__NVIC_SetPriority) for __NVIC_SetPriority
    main.o(.text.prvSetupSoftwareInterrupt) refers to main.o(.text.__NVIC_EnableIRQ) for __NVIC_EnableIRQ
    main.o(.ARM.exidx.text.prvSetupSoftwareInterrupt) refers to main.o(.text.prvSetupSoftwareInterrupt) for [Anonymous Symbol]
    main.o(.ARM.exidx.text.__NVIC_SetPriority) refers to main.o(.text.__NVIC_SetPriority) for [Anonymous Symbol]
    main.o(.ARM.exidx.text.__NVIC_EnableIRQ) refers to main.o(.text.__NVIC_EnableIRQ) for [Anonymous Symbol]
    adc0.o(.ARM.exidx.text.ADC0_Init) refers to adc0.o(.text.ADC0_Init) for [Anonymous Symbol]
    adc0.o(.ARM.exidx.text.ADC0_ReadValue) refers to adc0.o(.text.ADC0_ReadValue) for [Anonymous Symbol]
    adc1.o(.ARM.exidx.text.ADC1_Init) refers to adc1.o(.text.ADC1_Init) for [Anonymous Symbol]
[...]
    EvrFreeRTOSQueue_QueueSend               0x0000208d   Thumb Code    26  freertos_evr.o(.text.EvrFreeRTOSQueue_QueueSend)
    EvrFreeRTOSQueue_QueueSendFailed         0x000020a9   Thumb Code    22  freertos_evr.o(.text.EvrFreeRTOSQueue_QueueSendFailed)
    EvrFreeRTOSQueue_QueueSendFromIsr        0x000020c1   Thumb Code    26  freertos_evr.o(.text.EvrFreeRTOSQueue_QueueSendFromIsr)
    EvrFreeRTOSQueue_QueueSendFromIsrFailed  0x000020dd   Thumb Code    22  freertos_evr.o(.text.EvrFreeRTOSQueue_QueueSendFromIsrFailed)
    EvrFreeRTOSSetup                         0x000020f5   Thumb Code   142  freertos_evr.o(.text.EvrFreeRTOSSetup)
    EvrFreeRTOSTasks_MovedTaskToDelayedList  0x00002185   Thumb Code    26  freertos_evr.o(.text.EvrFreeRTOSTasks_MovedTaskToDelayedList)
    EvrFreeRTOSTasks_MovedTaskToOverflowDelayedList 0x000021a1   Thumb Code    26  freertos_evr.o(.text.EvrFreeRTOSTasks_MovedTaskToOverflowDelayedList)
    EvrFreeRTOSTasks_MovedTaskToReadyState   0x000021bd   Thumb Code    26  freertos_evr.o(.text.EvrFreeRTOSTasks_MovedTaskToReadyState)
    EvrFreeRTOSTasks_PostMovedTaskToReadyState 0x000021d9   Thumb Code    26  freertos_evr.o(.text.EvrFreeRTOSTasks_PostMovedTaskToReadyState)
    EvrFreeRTOSTasks_TaskCreate              0x000021f5   Thumb Code    22  freertos_evr.o(.text.EvrFreeRTOSTasks_TaskCreate)
    EvrFreeRTOSTasks_TaskDelay               0x0000220d   Thumb Code    26  freertos_evr.o(.text.EvrFreeRTOSTasks_TaskDelay)
    EvrFreeRTOSTasks_TaskDelayUntil          0x00002229   Thumb Code    26  freertos_evr.o(.text.EvrFreeRTOSTasks_TaskDelayUntil)
    EvrFreeRTOSTasks_TaskIncrementTick       0x00002245   Thumb Code    26  freertos_evr.o(.text.EvrFreeRTOSTasks_TaskIncrementTick)
    EvrFreeRTOSTasks_TaskPriorityDisinherit  0x00002261   Thumb Code    28  freertos_evr.o(.text.EvrFreeRTOSTasks_TaskPriorityDisinherit)
    EvrFreeRTOSTasks_TaskPriorityInherit     0x0000227d   Thumb Code    28  freertos_evr.o(.text.EvrFreeRTOSTasks_TaskPriorityInherit)
    EvrFreeRTOSTasks_TaskSwitchedIn          0x00002299   Thumb Code    28  freertos_evr.o(.text.EvrFreeRTOSTasks_TaskSwitchedIn)
    EvrFreeRTOSTasks_TaskSwitchedOut         0x000022b5   Thumb Code    26  freertos_evr.o(.text.EvrFreeRTOSTasks_TaskSwitchedOut)
    EvrFreeRTOSTasks_pvTaskIncrementMutexHeldCount 0x000022d1   Thumb Code    20  freertos_evr.o(.text.EvrFreeRTOSTasks_pvTaskIncrementMutexHeldCount)
    EvrFreeRTOSTasks_pvTaskIncrementMutexHeldCount_Return 0x000022e5   Thumb Code    26  freertos_evr.o(.text.EvrFreeRTOSTasks_pvTaskIncrementMutexHeldCount_Return)
    EvrFreeRTOSTasks_uxTaskGetNumberOfTasks  0x00002301   Thumb Code    20  freertos_evr.o(.text.EvrFreeRTOSTasks_uxTaskGetNumberOfTasks)
    EvrFreeRTOSTasks_uxTaskGetNumberOfTasks_Return 0x00002315   Thumb Code    26  freertos_evr.o(.text.EvrFreeRTOSTasks_uxTaskGetNumberOfTasks_Return)
    EvrFreeRTOSTasks_vTaskDelay              0x00002331   Thumb Code    26  freertos_evr.o(.text.EvrFreeRTOSTasks_vTaskDelay)
    EvrFreeRTOSTasks_vTaskDelay_Return       0x0000234d   Thumb Code    20  freertos_evr.o(.text.EvrFreeRTOSTasks_vTaskDelay_Return)
    EvrFreeRTOSTasks_vTaskInternalSetTimeOutState 0x00002361   Thumb Code    26  freertos_evr.o(.text.EvrFreeRTOSTasks_vTaskInternalSetTimeOutState)
    EvrFreeRTOSTasks_vTaskInternalSetTimeOutState_Return 0x0000237d   Thumb Code    20  freertos_evr.o(.text.EvrFreeRTOSTasks_vTaskInternalSetTimeOutState_Return)
    EvrFreeRTOSTasks_vTaskMissedYield        0x00002391   Thumb Code    20  freertos_evr.o(.text.EvrFreeRTOSTasks_vTaskMissedYield)
    EvrFreeRTOSTasks_vTaskMissedYield_Return 0x000023a5   Thumb Code    20  freertos_evr.o(.text.EvrFreeRTOSTasks_vTaskMissedYield_Return)
    EvrFreeRTOSTasks_vTaskPlaceOnEventList   0x000023b9   Thumb Code    28  freertos_evr.o(.text.EvrFreeRTOSTasks_vTaskPlaceOnEventList)
    EvrFreeRTOSTasks_vTaskPlaceOnEventListRestricted 0x000023d5   Thumb Code    40  freertos_evr.o(.text.EvrFreeRTOSTasks_vTaskPlaceOnEventListRestricted)
    EvrFreeRTOSTasks_vTaskPlaceOnEventListRestricted_Return 0x000023fd   Thumb Code    20  freertos_evr.o(.text.EvrFreeRTOSTasks_vTaskPlaceOnEventListRestricted_Return)
    EvrFreeRTOSTasks_vTaskPlaceOnEventList_Return 0x00002411   Thumb Code    20  freertos_evr.o(.text.EvrFreeRTOSTasks_vTaskPlaceOnEventList_Return)
    EvrFreeRTOSTasks_vTaskPriorityDisinheritAfterTimeout 0x00002425   Thumb Code    28  freertos_evr.o(.text.EvrFreeRTOSTasks_vTaskPriorityDisinheritAfterTimeout)
    EvrFreeRTOSTasks_vTaskPriorityDisinheritAfterTimeout_Return 0x00002441   Thumb Code    20  freertos_evr.o(.text.EvrFreeRTOSTasks_vTaskPriorityDisinheritAfterTimeout_Return)
    EvrFreeRTOSTasks_vTaskStartScheduler     0x00002455   Thumb Code    20  freertos_evr.o(.text.EvrFreeRTOSTasks_vTaskStartScheduler)
    EvrFreeRTOSTasks_vTaskStartScheduler_Return 0x00002469   Thumb Code    20  freertos_evr.o(.text.EvrFreeRTOSTasks_vTaskStartScheduler_Return)
    EvrFreeRTOSTasks_vTaskSuspendAll         0x0000247d   Thumb Code    20  freertos_evr.o(.text.EvrFreeRTOSTasks_vTaskSuspendAll)
    EvrFreeRTOSTasks_vTaskSuspendAll_Return  0x00002491   Thumb Code    20  freertos_evr.o(.text.EvrFreeRTOSTasks_vTaskSuspendAll_Return)
    EvrFreeRTOSTasks_vTaskSwitchContext      0x000024a5   Thumb Code    20  freertos_evr.o(.text.EvrFreeRTOSTasks_vTaskSwitchContext)
    EvrFreeRTOSTasks_vTaskSwitchContext_Return 0x000024b9   Thumb Code    20  freertos_evr.o(.text.EvrFreeRTOSTasks_vTaskSwitchContext_Return)
    EvrFreeRTOSTasks_xTaskCheckForTimeOut    0x000024cd   Thumb Code    28  freertos_evr.o(.text.EvrFreeRTOSTasks_xTaskCheckForTimeOut)
    EvrFreeRTOSTasks_xTaskCheckForTimeOut_Return 0x000024e9   Thumb Code    26  freertos_evr.o(.text.EvrFreeRTOSTasks_xTaskCheckForTimeOut_Return)
    EvrFreeRTOSTasks_xTaskCreate             0x00002505   Thumb Code    66  freertos_evr.o(.text.EvrFreeRTOSTasks_xTaskCreate)
    EvrFreeRTOSTasks_xTaskCreateStatic       0x00002549   Thumb Code    80  freertos_evr.o(.text.EvrFreeRTOSTasks_xTaskCreateStatic)
    EvrFreeRTOSTasks_xTaskCreateStatic_Return 0x00002599   Thumb Code    26  freertos_evr.o(.text.EvrFreeRTOSTasks_xTaskCreateStatic_Return)
    EvrFreeRTOSTasks_xTaskCreate_Return      0x000025b5   Thumb Code    26  freertos_evr.o(.text.EvrFreeRTOSTasks_xTaskCreate_Return)
    EvrFreeRTOSTasks_xTaskGetSchedulerState  0x000025d1   Thumb Code    20  freertos_evr.o(.text.EvrFreeRTOSTasks_xTaskGetSchedulerState)
    EvrFreeRTOSTasks_xTaskGetSchedulerState_Return 0x000025e5   Thumb Code    26  freertos_evr.o(.text.EvrFreeRTOSTasks_xTaskGetSchedulerState_Return)
    EvrFreeRTOSTasks_xTaskGetTickCount       0x00002601   Thumb Code    20  freertos_evr.o(.text.EvrFreeRTOSTasks_xTaskGetTickCount)
    EvrFreeRTOSTasks_xTaskGetTickCount_Return 0x00002615   Thumb Code    26  freertos_evr.o(.text.EvrFreeRTOSTasks_xTaskGetTickCount_Return)
    EvrFreeRTOSTasks_xTaskIncrementTick      0x00002631   Thumb Code    20  freertos_evr.o(.text.EvrFreeRTOSTasks_xTaskIncrementTick)
    EvrFreeRTOSTasks_xTaskIncrementTick_Return 0x00002645   Thumb Code    26  freertos_evr.o(.text.EvrFreeRTOSTasks_xTaskIncrementTick_Return)
    EvrFreeRTOSTasks_xTaskPriorityDisinherit 0x00002661   Thumb Code    26  freertos_evr.o(.text.EvrFreeRTOSTasks_xTaskPriorityDisinherit)
    EvrFreeRTOSTasks_xTaskPriorityDisinherit_Return 0x0000267d   Thumb Code    26  freertos_evr.o(.text.EvrFreeRTOSTasks_xTaskPriorityDisinherit_Return)
    EvrFreeRTOSTasks_xTaskPriorityInherit    0x00002699   Thumb Code    26  freertos_evr.o(.text.EvrFreeRTOSTasks_xTaskPriorityInherit)
    EvrFreeRTOSTasks_xTaskPriorityInherit_Return 0x000026b5   Thumb Code    26  freertos_evr.o(.text.EvrFreeRTOSTasks_xTaskPriorityInherit_Return)
    EvrFreeRTOSTasks_xTaskRemoveFromEventList 0x000026d1   Thumb Code    26  freertos_evr.o(.text.EvrFreeRTOSTasks_xTaskRemoveFromEventList)
    EvrFreeRTOSTasks_xTaskRemoveFromEventList_Return 0x000026ed   Thumb Code    26  freertos_evr.o(.text.EvrFreeRTOSTasks_xTaskRemoveFromEventList_Return)
    EvrFreeRTOSTasks_xTaskResumeAll          0x00002709   Thumb Code    20  freertos_evr.o(.text.EvrFreeRTOSTasks_xTaskResumeAll)
    EvrFreeRTOSTasks_xTaskResumeAll_Return   0x0000271d   Thumb Code    26  freertos_evr.o(.text.EvrFreeRTOSTasks_xTaskResumeAll_Return)
    EvrFreeRTOSTimers_TimerCommandReceived   0x00002739   Thumb Code    40  freertos_evr.o(.text.EvrFreeRTOSTimers_TimerCommandReceived)
    EvrFreeRTOSTimers_TimerExpired           0x00002761   Thumb Code    26  freertos_evr.o(.text.EvrFreeRTOSTimers_TimerExpired)
    EvrFreeRTOSTimers_xTimerCreateTimerTask  0x0000277d   Thumb Code    20  freertos_evr.o(.text.EvrFreeRTOSTimers_xTimerCreateTimerTask)
    EvrFreeRTOSTimers_xTimerCreateTimerTask_Return 0x00002791   Thumb Code    26  freertos_evr.o(.text.EvrFreeRTOSTimers_xTimerCreateTimerTask_Return)
    GearLCD                                  0x000027ad   Thumb Code   104  main.o(.text.GearLCD)
    I2CSendByte                              0x0000283d   Thumb Code    70  i2c.o(.text.I2CSendByte)
    I2C_Init                                 0x00002885   Thumb Code   124  i2c.o(.text.I2C_Init)
    IgnitionSwitch_Init                      0x00002901   Thumb Code    70  iginitionswitch.o(.text.IgnitionSwitch_Init)
    LCDI2CInit                               0x00002971   Thumb Code    72  lcd.o(.text.LCDI2CInit)
    Lock_Init                                0x00002a05   Thumb Code    70  lock.o(.text.Lock_Init)
    PendSV_Handler                           0x00002a51   Thumb Code   100  port.o(.text.PendSV_Handler)
    PortA_Init                               0x00002ab5   Thumb Code   118  ultrasonic.o(.text.PortA_Init)
    PushButton_Init                          0x00002b2d   Thumb Code    70  pushbutton.o(.text.PushButton_Init)
    PushButton_Read                          0x00002b75   Thumb Code    24  pushbutton.o(.text.PushButton_Read)
    R_Display                                0x00002b8d   Thumb Code   110  display.o(.text.R_Display)
    SVC_Handler                              0x00002c01   Thumb Code    36  port.o(.text.SVC_Handler)
    SysTick_Handler                          0x00002c25   Thumb Code    30  cmsis_os2.o(.text.SysTick_Handler)
    SystemInit                               0x00002c45   Thumb Code   268  system_tm4c123.o(.text.SystemInit)
    Timer0A_Init                             0x00002d51   Thumb Code    80  timer0.o(.text.Timer0A_Init)
    Timer0B_Init                             0x00002da1   Thumb Code    80  timer0.o(.text.Timer0B_Init)
    Timer1_Init                              0x00002df1   Thumb Code   238  timer1.o(.text.Timer1_Init)
    UART5_Handler                            0x00002ee1   Thumb Code    60  uart5.o(.text.UART5_Handler)
    _mutex_acquire                           0x00003055   Thumb Code    40  clib_os.o(.text._mutex_acquire)
    _mutex_free                              0x0000307d   Thumb Code    84  clib_os.o(.text._mutex_free)
    _mutex_initialize                        0x000030d1   Thumb Code   168  clib_os.o(.text._mutex_initialize)
    _mutex_release                           0x00003179   Thumb Code    42  clib_os.o(.text._mutex_release)
    _platform_post_stackheap_init            0x000031a5   Thumb Code    10  clib_os.o(.text._platform_post_stackheap_init)
    begin                                    0x0000323d   Thumb Code   156  lcd.o(.text.begin)
    clear                                    0x000032d9   Thumb Code    18  lcd.o(.text.clear)
    command                                  0x000032ed   Thumb Code    26  lcd.o(.text.command)
    configDisplay                            0x00003309   Thumb Code    32  lcd.o(.text.configDisplay)
    delay_ms                                 0x000033ad   Thumb Code    48  main.o(.text.delay_ms)
    expanderWrite                            0x000033dd   Thumb Code    30  lcd.o(.text.expanderWrite)
    home                                     0x000033fd   Thumb Code    18  lcd.o(.text.home)
    main                                     0x00003431   Thumb Code   282  main.o(.text.main)
    potentiometer_Init                       0x0000356d   Thumb Code     8  potentiometer.o(.text.potentiometer_Init)
    print                                    0x00003575   Thumb Code    34  lcd.o(.text.print)
    pulseEnable                              0x000045e1   Thumb Code    56  lcd.o(.text.pulseEnable)
    pvPortMalloc                             0x00004619   Thumb Code   446  heap_4.o(.text.pvPortMalloc)
    pvTaskIncrementMutexHeldCount            0x000047d9   Thumb Code    48  tasks_1.o(.text.pvTaskIncrementMutexHeldCount)
    pxPortInitialiseStack                    0x00004809   Thumb Code    94  port.o(.text.pxPortInitialiseStack)
    send                                     0x00004869   Thumb Code    72  lcd.o(.text.send)
    setCursor                                0x000048b1   Thumb Code    80  lcd.o(.text.setCursor)
    timer0A_delayMs                          0x00004901   Thumb Code   102  timer0.o(.text.timer0A_delayMs)
    ultrasonic_Init                          0x00004969   Thumb Code    12  ultrasonic.o(.text.ultrasonic_Init)
    uxListRemove                             0x00004975   Thumb Code    72  list.o(.text.uxListRemove)
    uxTaskGetNumberOfTasks                   0x000049bd   Thumb Code    32  tasks_1.o(.text.uxTaskGetNumberOfTasks)
    vApplicationGetIdleTaskMemory            0x000049dd   Thumb Code    42  tasks_1.o(.text.vApplicationGetIdleTaskMemory)
    vApplicationGetTimerTaskMemory           0x00004a09   Thumb Code    42  tasks_1.o(.text.vApplicationGetTimerTaskMemory)
    vApplicationStackOverflowHook            0x00004a35   Thumb Code    10  cmsis_os2.o(.text.vApplicationStackOverflowHook)
    vListInitialise                          0x00004a41   Thumb Code    46  list.o(.text.vListInitialise)
    vListInitialiseItem                      0x00004a71   Thumb Code    14  list.o(.text.vListInitialiseItem)
    vListInsert                              0x00004a81   Thumb Code   106  list.o(.text.vListInsert)
    vPortEnterCritical                       0x00004b01   Thumb Code    48  port.o(.text.vPortEnterCritical)
    vPortExitCritical                        0x00004b31   Thumb Code    38  port.o(.text.vPortExitCritical)
    vPortFree                                0x00004b59   Thumb Code   128  heap_4.o(.text.vPortFree)
    vPortSetupTimerInterrupt                 0x00004bd9   Thumb Code    68  port.o(.text.vPortSetupTimerInterrupt)
    vQueueDelete                             0x00004c1d   Thumb Code    40  queue.o(.text.vQueueDelete)
    vQueueWaitForMessageRestricted           0x00004c45   Thumb Code   100  queue.o(.text.vQueueWaitForMessageRestricted)
    vSoftwareInterruptHandler                0x00004ca9   Thumb Code    70  main.o(.text.vSoftwareInterruptHandler)
    vTaskDelay                               0x00004cf1   Thumb Code    90  tasks_1.o(.text.vTaskDelay)
    vTaskInternalSetTimeOutState             0x00004d4d   Thumb Code    48  tasks_1.o(.text.vTaskInternalSetTimeOutState)
    vTaskMissedYield                         0x00004d7d   Thumb Code    24  tasks_1.o(.text.vTaskMissedYield)
    vTaskPlaceOnEventList                    0x00004d95   Thumb Code    50  tasks_1.o(.text.vTaskPlaceOnEventList)
    vTaskPlaceOnEventListRestricted          0x00004dc9   Thumb Code   132  tasks_1.o(.text.vTaskPlaceOnEventListRestricted)
    vTaskPriorityDisinheritAfterTimeout      0x00004e4d   Thumb Code   346  tasks_1.o(.text.vTaskPriorityDisinheritAfterTimeout)
    vTaskStartScheduler                      0x00004fa9   Thumb Code   146  tasks_1.o(.text.vTaskStartScheduler)
    vTaskSuspendAll                          0x0000503d   Thumb Code    26  tasks_1.o(.text.vTaskSuspendAll)
    vTaskSwitchContext                       0x00005059   Thumb Code   326  tasks_1.o(.text.vTaskSwitchContext)
    write                                    0x000051a1   Thumb Code    30  lcd.o(.text.write)
    write4bits                               0x000051c1   Thumb Code    34  lcd.o(.text.write4bits)
    write_string                             0x000051e5   Thumb Code    62  lcd.o(.text.write_string)
    xPortStartScheduler                      0x00005225   Thumb Code   108  port.o(.text.xPortStartScheduler)
    xPortSysTickHandler                      0x00005291   Thumb Code    62  port.o(.text.xPortSysTickHandler)
    xQueueCreateMutex                        0x000052d1   Thumb Code    38  queue.o(.text.xQueueCreateMutex)
    xQueueCreateMutexStatic                  0x000052f9   Thumb Code    50  queue.o(.text.xQueueCreateMutexStatic)
    xQueueGenericCreate                      0x0000532d   Thumb Code   142  queue.o(.text.xQueueGenericCreate)
    xQueueGenericCreateStatic                0x000053bd   Thumb Code   108  queue.o(.text.xQueueGenericCreateStatic)
    xQueueGenericReset                       0x00005429   Thumb Code   208  queue.o(.text.xQueueGenericReset)
    xQueueGenericSend                        0x000054f9   Thumb Code   386  queue.o(.text.xQueueGenericSend)
    xQueueGiveFromISR                        0x0000567d   Thumb Code   210  queue.o(.text.xQueueGiveFromISR)
    xQueueReceive                            0x00005751   Thumb Code   362  queue.o(.text.xQueueReceive)
    xQueueSemaphoreTake                      0x000058bd   Thumb Code   438  queue.o(.text.xQueueSemaphoreTake)
    xTaskCheckForTimeOut                     0x00005a75   Thumb Code   210  tasks_1.o(.text.xTaskCheckForTimeOut)
    xTaskCreate                              0x00005b49   Thumb Code   116  tasks_1.o(.text.xTaskCreate)
    xTaskCreateStatic                        0x00005bbd   Thumb Code   132  tasks_1.o(.text.xTaskCreateStatic)
    xTaskGetSchedulerState                   0x00005c41   Thumb Code    68  tasks_1.o(.text.xTaskGetSchedulerState)
    xTaskGetTickCount                        0x00005c85   Thumb Code    32  tasks_1.o(.text.xTaskGetTickCount)
    xTaskIncrementTick                       0x00005ca5   Thumb Code   642  tasks_1.o(.text.xTaskIncrementTick)
    xTaskPriorityDisinherit                  0x00005f29   Thumb Code   274  tasks_1.o(.text.xTaskPriorityDisinherit)
    xTaskPriorityInherit                     0x0000603d   Thumb Code   390  tasks_1.o(.text.xTaskPriorityInherit)
    xTaskRemoveFromEventList                 0x000061c5   Thumb Code   430  tasks_1.o(.text.xTaskRemoveFromEventList)
    xTaskResumeAll                           0x00006375   Thumb Code   596  tasks_1.o(.text.xTaskResumeAll)
    xTimerCreateTimerTask                    0x000065c9   Thumb Code   130  timers.o(.text.xTimerCreateTimerTask)
    _btod_d2e                                0x0000664b   Thumb Code    62  btod.o(CL$$btod_d2e)
    _d2e_denorm_low                          0x00006689   Thumb Code    70  btod.o(CL$$btod_d2e_denorm_low)
    _d2e_norm_op1                            0x000066cf   Thumb Code    96  btod.o(CL$$btod_d2e_norm_op1)
    __btod_div_common                        0x00006731   Thumb Code   696  btod.o(CL$$btod_div_common)
    _e2e                                     0x00006a69   Thumb Code   220  btod.o(CL$$btod_e2e)
    _btod_ediv                               0x00006b45   Thumb Code    42  btod.o(CL$$btod_ediv)
    _btod_emul                               0x00006b6f   Thumb Code    42  btod.o(CL$$btod_emul)
    __btod_mult_common                       0x00006b99   Thumb Code   580  btod.o(CL$$btod_mult_common)
    GPIODirModeSet                           0x00006ddd   Thumb Code    40  gpio.o(i.GPIODirModeSet)
    GPIOPadConfigSet                         0x00006e05   Thumb Code   354  gpio.o(i.GPIOPadConfigSet)
    GPIOPinConfigure                         0x00006f75   Thumb Code    60  gpio.o(i.GPIOPinConfigure)
    GPIOPinRead                              0x00006fb9   Thumb Code     6  gpio.o(i.GPIOPinRead)
    GPIOPinTypeGPIOInput                     0x00006fbf   Thumb Code    28  gpio.o(i.GPIOPinTypeGPIOInput)
    GPIOPinTypeGPIOOutput                    0x00006fdb   Thumb Code    28  gpio.o(i.GPIOPinTypeGPIOOutput)
    GPIOPinTypeI2C                           0x00006ff7   Thumb Code    28  gpio.o(i.GPIOPinTypeI2C)
    GPIOPinTypeI2CSCL                        0x00007013   Thumb Code    28  gpio.o(i.GPIOPinTypeI2CSCL)
    I2CMasterBusy                            0x0000702f   Thumb Code    12  i2c.o(i.I2CMasterBusy)
    I2CMasterControl                         0x0000703b   Thumb Code     4  i2c.o(i.I2CMasterControl)
    I2CMasterDataPut                         0x0000703f   Thumb Code     4  i2c.o(i.I2CMasterDataPut)
    I2CMasterInitExpClk                      0x00007045   Thumb Code    72  i2c.o(i.I2CMasterInitExpClk)
    I2CMasterSlaveAddrSet                    0x00007099   Thumb Code     8  i2c.o(i.I2CMasterSlaveAddrSet)
    SysCtlClockGet                           0x000070a1   Thumb Code   304  sysctl.o(i.SysCtlClockGet)
    SysCtlClockSet                           0x000071f5   Thumb Code   270  sysctl.o(i.SysCtlClockSet)
    SysCtlPeripheralEnable                   0x00007315   Thumb Code    36  sysctl.o(i.SysCtlPeripheralEnable)
    SysCtlPeripheralReady                    0x0000733d   Thumb Code    40  sysctl.o(i.SysCtlPeripheralReady)
    SysCtlPeripheralReset                    0x00007369   Thumb Code    56  sysctl.o(i.SysCtlPeripheralReset)
    TimerValueGet                            0x000073a5   Thumb Code    10  timer.o(i.TimerValueGet)
    __ARM_fpclassify                         0x000073af   Thumb Code    48  fpclassify.o(i.__ARM_fpclassify)
    _is_digit                                0x000073df   Thumb Code    14  __printf_wp.o(i._is_digit)
    _get_lc_numeric                          0x000073ed   Thumb Code    44  lc_numeric_c.o(locale$$code)
    _get_lc_ctype                            0x00007419   Thumb Code    44  lc_ctype_c.o(locale$$code)
    $Super$$_fp_init                         0x00007445   Thumb Code    26  fpinit.o(x$fpl$fpinit)
    __fplib_config_fpu_vfp                   0x0000745d   Thumb Code     0  fpinit.o(x$fpl$fpinit)
    __fplib_config_pureend_doubles           0x0000745d   Thumb Code     0  fpinit.o(x$fpl$fpinit)
    _printf_fp_dec                           0x0000745f   Thumb Code     4  printf1.o(x$fpl$printf1)
    _printf_fp_hex                           0x00007463   Thumb Code     4  printf2.o(x$fpl$printf2)
    __I$use$fp                               0x00007466   Number         0  usenofp.o(x$fpl$usenofp)
    EventRecorderInfo                        0x000079e0   Data          24  eventrecorder.o(.rodata.EventRecorderInfo)
    Region$$Table$$Base                      0x00007a68   Number         0  anon$$obj.o(Region$$Table)
    Region$$Table$$Limit                     0x00007a88   Number         0  anon$$obj.o(Region$$Table)
    __ctype                                  0x00007ab1   Data           0  lc_ctype_c.o(locale$$data)
    SystemCoreClock                          0x20000000   Data           4  system_tm4c123.o(.data.SystemCoreClock)
    __libspace_start                         0x20000040   Data          96  libspace.o(.bss)
    __temporary_stack_top$libspace           0x200000a0   Data           0  libspace.o(.bss)
    UART5_ReceivedByte                       0x200000a2   Data           1  uart5.o(.bss.UART5_ReceivedByte)
    lcdDisplay                               0x20000248   Data           8  main.o(.bss.lcdDisplay)
    pxCurrentTCB                             0x200007c8   Data           4  tasks_1.o(.bss.pxCurrentTCB)
    xAlert                                   0x20003074   Data           4  main.o(.bss.xAlert)
    xBinarySemaphore                         0x20003078   Data           4  main.o(.bss.xBinarySemaphore)
    xDisplay                                 0x200030a4   Data           4  main.o(.bss.xDisplay)



==============================================================================

Memory Map of the image

  Image Entry point : 0x000003c9

  Load Region LR_1 (Base: 0x00000000, Size: 0x00007bbc, Max: 0xffffffff, ABSOLUTE)

    Execution Region ER_RO (Exec base: 0x00000000, Load base: 0x00000000, Size: 0x00007bb4, Max: 0xffffffff, ABSOLUTE)

    Exec Addr    Load Addr    Size         Type   Attr      Idx    E Section Name        Object

    0x00000000   0x00000000   0x0000026c   Data   RO          624    RESET               startup_tm4c123.o
    0x0000026c   0x0000026c   0x00000008   Code   RO         3214  * !!!main             c_w.l(__main.o)
    0x00000274   0x00000274   0x00000034   Code   RO         3583    !!!scatter          c_w.l(__scatter.o)
    0x000002a8   0x000002a8   0x0000001a   Code   RO         3585    !!handler_copy      c_w.l(__scatter_copy.o)
    0x000002c2   0x000002c2   0x00000002   PAD
    0x000002c4   0x000002c4   0x0000001c   Code   RO         3587    !!handler_zi        c_w.l(__scatter_zi.o)
    0x000002e0   0x000002e0   0x00000000   Code   RO         3320    .ARM.Collect$$_printf_percent$$00000000  c_w.l(_printf_percent.o)
    0x000002e0   0x000002e0   0x00000006   Code   RO         3309    .ARM.Collect$$_printf_percent$$00000001  c_w.l(_printf_n.o)
    0x000002e6   0x000002e6   0x00000006   Code   RO         3311    .ARM.Collect$$_printf_percent$$00000002  c_w.l(_printf_p.o)
    0x000002ec   0x000002ec   0x00000006   Code   RO         3316    .ARM.Collect$$_printf_percent$$00000003  c_w.l(_printf_f.o)
    0x000002f2   0x000002f2   0x00000006   Code   RO         3317    .ARM.Collect$$_printf_percent$$00000004  c_w.l(_printf_e.o)
    0x000002f8   0x000002f8   0x00000006   Code   RO         3318    .ARM.Collect$$_printf_percent$$00000005  c_w.l(_printf_g.o)
    0x000002fe   0x000002fe   0x00000006   Code   RO         3319    .ARM.Collect$$_printf_percent$$00000006  c_w.l(_printf_a.o)
    0x00000304   0x00000304   0x0000000a   Code   RO         3324    .ARM.Collect$$_printf_percent$$00000007  c_w.l(_printf_ll.o)
    0x0000030e   0x0000030e   0x00000006   Code   RO         3313    .ARM.Collect$$_printf_percent$$00000008  c_w.l(_printf_i.o)
    0x00000314   0x00000314   0x00000006   Code   RO         3314    .ARM.Collect$$_printf_percent$$00000009  c_w.l(_printf_d.o)
    0x0000031a   0x0000031a   0x00000006   Code   RO         3315    .ARM.Collect$$_printf_percent$$0000000A  c_w.l(_printf_u.o)
    0x00000320   0x00000320   0x00000006   Code   RO         3312    .ARM.Collect$$_printf_percent$$0000000B  c_w.l(_printf_o.o)
    0x00000326   0x00000326   0x00000006   Code   RO         3310    .ARM.Collect$$_printf_percent$$0000000C  c_w.l(_printf_x.o)
    0x0000032c   0x0000032c   0x00000006   Code   RO         3321    .ARM.Collect$$_printf_percent$$0000000D  c_w.l(_printf_lli.o)
    0x00000332   0x00000332   0x00000006   Code   RO         3322    .ARM.Collect$$_printf_percent$$0000000E  c_w.l(_printf_lld.o)
    0x00000338   0x00000338   0x00000006   Code   RO         3323    .ARM.Collect$$_printf_percent$$0000000F  c_w.l(_printf_llu.o)
    0x0000033e   0x0000033e   0x00000006   Code   RO         3328    .ARM.Collect$$_printf_percent$$00000010  c_w.l(_printf_llo.o)
    0x00000344   0x00000344   0x00000006   Code   RO         3329    .ARM.Collect$$_printf_percent$$00000011  c_w.l(_printf_llx.o)
    0x0000034a   0x0000034a   0x0000000a   Code   RO         3325    .ARM.Collect$$_printf_percent$$00000012  c_w.l(_printf_l.o)
    0x00000354   0x00000354   0x00000006   Code   RO         3307    .ARM.Collect$$_printf_percent$$00000013  c_w.l(_printf_c.o)
    0x0000035a   0x0000035a   0x00000006   Code   RO         3308    .ARM.Collect$$_printf_percent$$00000014  c_w.l(_printf_s.o)
    0x00000360   0x00000360   0x00000006   Code   RO         3326    .ARM.Collect$$_printf_percent$$00000015  c_w.l(_printf_lc.o)
    0x00000366   0x00000366   0x00000006   Code   RO         3327    .ARM.Collect$$_printf_percent$$00000016  c_w.l(_printf_ls.o)
    0x0000036c   0x0000036c   0x00000004   Code   RO         3381    .ARM.Collect$$_printf_percent$$00000017  c_w.l(_printf_percent_end.o)
    0x00000370   0x00000370   0x00000002   Code   RO         3436    .ARM.Collect$$libinit$$00000000  c_w.l(libinit.o)
    0x00000372   0x00000372   0x00000004   Code   RO         3457    .ARM.Collect$$libinit$$00000001  c_w.l(libinit2.o)
    0x00000376   0x00000376   0x00000000   Code   RO         3460    .ARM.Collect$$libinit$$00000004  c_w.l(libinit2.o)
    0x00000376   0x00000376   0x00000000   Code   RO         3462    .ARM.Collect$$libinit$$00000006  c_w.l(libinit2.o)
    0x00000376   0x00000376   0x00000000   Code   RO         3465    .ARM.Collect$$libinit$$0000000C  c_w.l(libinit2.o)
    0x00000376   0x00000376   0x00000000   Code   RO         3467    .ARM.Collect$$libinit$$0000000E  c_w.l(libinit2.o)
    0x00000376   0x00000376   0x00000000   Code   RO         3469    .ARM.Collect$$libinit$$00000010  c_w.l(libinit2.o)
    0x00000376   0x00000376   0x00000006   Code   RO         3470    .ARM.Collect$$libinit$$00000011  c_w.l(libinit2.o)
    0x0000037c   0x0000037c   0x00000000   Code   RO         3472    .ARM.Collect$$libinit$$00000013  c_w.l(libinit2.o)
    0x0000037c   0x0000037c   0x0000000c   Code   RO         3473    .ARM.Collect$$libinit$$00000014  c_w.l(libinit2.o)
    0x00000388   0x00000388   0x00000000   Code   RO         3474    .ARM.Collect$$libinit$$00000015  c_w.l(libinit2.o)
    0x00000388   0x00000388   0x00000000   Code   RO         3476    .ARM.Collect$$libinit$$00000017  c_w.l(libinit2.o)
    0x00000388   0x00000388   0x0000000a   Code   RO         3477    .ARM.Collect$$libinit$$00000018  c_w.l(libinit2.o)
    0x00000392   0x00000392   0x00000000   Code   RO         3478    .ARM.Collect$$libinit$$00000019  c_w.l(libinit2.o)
    0x00000392   0x00000392   0x00000000   Code   RO         3480    .ARM.Collect$$libinit$$0000001B  c_w.l(libinit2.o)
    0x00000392   0x00000392   0x00000000   Code   RO         3482    .ARM.Collect$$libinit$$0000001D  c_w.l(libinit2.o)
    0x00000392   0x00000392   0x00000000   Code   RO         3484    .ARM.Collect$$libinit$$0000001F  c_w.l(libinit2.o)
    0x00000392   0x00000392   0x00000000   Code   RO         3486    .ARM.Collect$$libinit$$00000021  c_w.l(libinit2.o)
    0x00000392   0x00000392   0x00000000   Code   RO         3488    .ARM.Collect$$libinit$$00000023  c_w.l(libinit2.o)
    0x00000392   0x00000392   0x00000000   Code   RO         3490    .ARM.Collect$$libinit$$00000025  c_w.l(libinit2.o)
    0x00000392   0x00000392   0x00000000   Code   RO         3492    .ARM.Collect$$libinit$$00000027  c_w.l(libinit2.o)
    0x00000392   0x00000392   0x00000000   Code   RO         3496    .ARM.Collect$$libinit$$0000002E  c_w.l(libinit2.o)
    0x00000392   0x00000392   0x00000000   Code   RO         3498    .ARM.Collect$$libinit$$00000030  c_w.l(libinit2.o)
    0x00000392   0x00000392   0x00000000   Code   RO         3500    .ARM.Collect$$libinit$$00000032  c_w.l(libinit2.o)
    0x00000392   0x00000392   0x00000000   Code   RO         3502    .ARM.Collect$$libinit$$00000034  c_w.l(libinit2.o)
    0x00000392   0x00000392   0x00000002   Code   RO         3503    .ARM.Collect$$libinit$$00000035  c_w.l(libinit2.o)
    0x00000394   0x00000394   0x00000002   Code   RO         3538    .ARM.Collect$$libshutdown$$00000000  c_w.l(libshutdown.o)
    0x00000396   0x00000396   0x00000000   Code   RO         3566    .ARM.Collect$$libshutdown$$00000002  c_w.l(libshutdown2.o)
    0x00000396   0x00000396   0x00000000   Code   RO         3568    .ARM.Collect$$libshutdown$$00000004  c_w.l(libshutdown2.o)
    0x00000396   0x00000396   0x00000000   Code   RO         3571    .ARM.Collect$$libshutdown$$00000007  c_w.l(libshutdown2.o)
    0x00000396   0x00000396   0x00000000   Code   RO         3574    .ARM.Collect$$libshutdown$$0000000A  c_w.l(libshutdown2.o)
    0x00000396   0x00000396   0x00000000   Code   RO         3576    .ARM.Collect$$libshutdown$$0000000C  c_w.l(libshutdown2.o)
    0x00000396   0x00000396   0x00000000   Code   RO         3579    .ARM.Collect$$libshutdown$$0000000F  c_w.l(libshutdown2.o)
    0x00000396   0x00000396   0x00000002   Code   RO         3580    .ARM.Collect$$libshutdown$$00000010  c_w.l(libshutdown2.o)
    0x00000398   0x00000398   0x00000000   Code   RO         3232    .ARM.Collect$$rtentry$$00000000  c_w.l(__rtentry.o)
    0x00000398   0x00000398   0x00000000   Code   RO         3348    .ARM.Collect$$rtentry$$00000002  c_w.l(__rtentry2.o)
    0x00000398   0x00000398   0x00000006   Code   RO         3360    .ARM.Collect$$rtentry$$00000004  c_w.l(__rtentry4.o)
    0x0000039e   0x0000039e   0x00000008   Code   RO         3349    .ARM.Collect$$rtentry$$00000008  c_w.l(__rtentry2.o)
    0x000003a6   0x000003a6   0x00000004   Code   RO         3351    .ARM.Collect$$rtentry$$0000000A  c_w.l(__rtentry2.o)
    0x000003aa   0x000003aa   0x00000000   Code   RO         3353    .ARM.Collect$$rtentry$$0000000C  c_w.l(__rtentry2.o)
    0x000003aa   0x000003aa   0x00000008   Code   RO         3354    .ARM.Collect$$rtentry$$0000000D  c_w.l(__rtentry2.o)
    0x000003b2   0x000003b2   0x00000002   Code   RO         3444    .ARM.Collect$$rtexit$$00000000  c_w.l(rtexit.o)
    0x000003b4   0x000003b4   0x00000000   Code   RO         3509    .ARM.Collect$$rtexit$$00000002  c_w.l(rtexit2.o)
    0x000003b4   0x000003b4   0x00000004   Code   RO         3510    .ARM.Collect$$rtexit$$00000003  c_w.l(rtexit2.o)
    0x000003b8   0x000003b8   0x00000006   Code   RO         3511    .ARM.Collect$$rtexit$$00000004  c_w.l(rtexit2.o)
    0x000003be   0x000003be   0x00000002   PAD
    0x000003c0   0x000003c0   0x00000006   Code   RO         2478    .emb_text           driverlib.lib(sysctl.o)
    0x000003c6   0x000003c6   0x00000002   PAD
    0x000003c8   0x000003c8   0x00000114   Code   RO          625  * .text               startup_tm4c123.o
    0x000004dc   0x000004dc   0x0000002c   Code   RO         3198    .text               c_w.l(sprintf.o)
    0x00000508   0x00000508   0x0000003e   Code   RO         3200    .text               c_w.l(strlen.o)
    0x00000546   0x00000546   0x0000008a   Code   RO         3202    .text               c_w.l(rt_memcpy_v6.o)
    0x000005d0   0x000005d0   0x00000010   Code   RO         3204    .text               c_w.l(aeabi_memset4.o)
    0x000005e0   0x000005e0   0x00000044   Code   RO         3206    .text               c_w.l(rt_memclr.o)
    0x00000624   0x00000624   0x0000004e   Code   RO         3208    .text               c_w.l(rt_memclr_w.o)
    0x00000672   0x00000672   0x00000006   PAD
    0x00000678   0x00000678   0x0000007c   Code   RO         3210    .text               c_w.l(strcmpv7em.o)
    0x000006f4   0x000006f4   0x00000006   Code   RO         3212    .text               c_w.l(heapauxi.o)
    0x000006fa   0x000006fa   0x0000004e   Code   RO         3241    .text               c_w.l(_printf_pad.o)
    0x00000748   0x00000748   0x00000024   Code   RO         3243    .text               c_w.l(_printf_truncate.o)
    0x0000076c   0x0000076c   0x00000052   Code   RO         3245    .text               c_w.l(_printf_str.o)
    0x000007be   0x000007be   0x00000002   PAD
    0x000007c0   0x000007c0   0x00000078   Code   RO         3247    .text               c_w.l(_printf_dec.o)
    0x00000838   0x00000838   0x00000028   Code   RO         3249    .text               c_w.l(_printf_charcount.o)
    0x00000860   0x00000860   0x00000030   Code   RO         3251    .text               c_w.l(_printf_char_common.o)
    0x00000890   0x00000890   0x0000000a   Code   RO         3253    .text               c_w.l(_sputc.o)
    0x0000089a   0x0000089a   0x00000002   PAD
    0x0000089c   0x0000089c   0x000000bc   Code   RO         3255    .text               c_w.l(_printf_wctomb.o)
    0x00000958   0x00000958   0x0000007c   Code   RO         3258    .text               c_w.l(_printf_longlong_dec.o)
    0x000009d4   0x000009d4   0x00000070   Code   RO         3264    .text               c_w.l(_printf_oct_int_ll.o)
    0x00000a44   0x00000a44   0x00000094   Code   RO         3284    .text               c_w.l(_printf_hex_int_ll_ptr.o)
    0x00000ad8   0x00000ad8   0x00000188   Code   RO         3304    .text               c_w.l(__printf_flags_ss_wp.o)
    0x00000c60   0x00000c60   0x00000064   Code   RO         3330    .text               c_w.l(rt_memcpy_w.o)
    0x00000cc4   0x00000cc4   0x0000008a   Code   RO         3364    .text               c_w.l(lludiv10.o)
    0x00000d4e   0x00000d4e   0x000000b2   Code   RO         3366    .text               c_w.l(_printf_intcommon.o)
    0x00000e00   0x00000e00   0x0000041c   Code   RO         3368    .text               c_w.l(_printf_fp_dec.o)
    0x0000121c   0x0000121c   0x000002fc   Code   RO         3372    .text               c_w.l(_printf_fp_hex.o)
    0x00001518   0x00001518   0x0000002c   Code   RO         3377    .text               c_w.l(_printf_char.o)
    0x00001544   0x00001544   0x0000002c   Code   RO         3379    .text               c_w.l(_printf_wchar.o)
    0x00001570   0x00001570   0x00000048   Code   RO         3382    .text               c_w.l(_c16rtomb.o)
    0x000015b8   0x000015b8   0x0000004a   Code   RO         3384    .text               c_w.l(sys_stackheap_outer.o)
    0x00001602   0x00001602   0x00000002   PAD
    0x00001604   0x00001604   0x00000010   Code   RO         3386    .text               c_w.l(rt_ctype_table.o)
    0x00001614   0x00001614   0x0000000a   Code   RO         3393    .text               c_w.l(rt_locale_twolibspace.o)
    0x0000161e   0x0000161e   0x00000002   PAD
    0x00001620   0x00001620   0x00000080   Code   RO         3395    .text               c_w.l(_printf_fp_infnan.o)
    0x000016a0   0x000016a0   0x000000e4   Code   RO         3397    .text               c_w.l(bigflt0.o)
    0x00001784   0x00001784   0x00000012   Code   RO         3427    .text               c_w.l(exit.o)
    0x00001796   0x00001796   0x00000002   PAD
    0x00001798   0x00001798   0x00000008   Code   RO         3441    .text               c_w.l(libspace.o)
    0x000017a0   0x000017a0   0x0000000c   Code   RO         3504    .text               c_w.l(sys_exit.o)
    0x000017ac   0x000017ac   0x00000002   Code   RO         3527    .text               c_w.l(use_no_semi.o)
    0x000017ae   0x000017ae   0x00000000   Code   RO         3529    .text               c_w.l(indicate_semi.o)
    0x000017ae   0x000017ae   0x00000002   PAD
    0x000017b0   0x000017b0   0x00000016   Code   RO          301    .text.$Sub$$_fp_init  clib_os.o
    0x000017c6   0x000017c6   0x00000002   PAD
    0x000017c8   0x000017c8   0x000000d4   Code   RO           46    .text.ADC1_Init     adc1.o
    0x0000189c   0x0000189c   0x00000044   Code   RO            8    .text.AlertLCD      main.o
    0x000018e0   0x000018e0   0x0000005a   Code   RO          265    .text.Alert_Display  display.o
    0x0000193a   0x0000193a   0x00000002   PAD
    0x0000193c   0x0000193c   0x00000046   Code   RO          144    .text.DOOR_Init     doors.o
    0x00001982   0x00001982   0x00000002   PAD
    0x00001984   0x00001984   0x00000080   Code   RO          261    .text.D_Display     display.o
    0x00001a04   0x00001a04   0x0000003c   Code   RO          545    .text.EventCheckFilter  eventrecorder.o
    0x00001a40   0x00001a40   0x0000005a   Code   RO          531    .text.EventGetTS    eventrecorder.o
    0x00001a9a   0x00001a9a   0x00000002   PAD
    0x00001a9c   0x00001a9c   0x0000005a   Code   RO          549    .text.EventRecord2  eventrecorder.o
    0x00001af6   0x00001af6   0x00000002   PAD
    0x00001af8   0x00001af8   0x00000096   Code   RO          551    .text.EventRecord4  eventrecorder.o
    0x00001b8e   0x00001b8e   0x00000002   PAD
    0x00001b90   0x00001b90   0x000000fe   Code   RO          533    .text.EventRecordItem  eventrecorder.o
    0x00001c8e   0x00001c8e   0x00000002   PAD
    0x00001c90   0x00001c90   0x00000092   Code   RO          529    .text.EventRecorderEnable  eventrecorder.o
    0x00001d22   0x00001d22   0x00000002   PAD
    0x00001d24   0x00001d24   0x000001c2   Code   RO          525    .text.EventRecorderInitialize  eventrecorder.o
    0x00001ee6   0x00001ee6   0x00000002   PAD
    0x00001ee8   0x00001ee8   0x0000004a   Code   RO          535    .text.EventRecorderStart  eventrecorder.o
    0x00001f32   0x00001f32   0x00000002   PAD
    0x00001f34   0x00001f34   0x0000000c   Code   RO          523    .text.EventRecorderTimerGetCount  eventrecorder.o
    0x00001f40   0x00001f40   0x0000000c   Code   RO          521    .text.EventRecorderTimerGetFreq  eventrecorder.o
    0x00001f4c   0x00001f4c   0x00000024   Code   RO          519    .text.EventRecorderTimerSetup  eventrecorder.o
    0x00001f70   0x00001f70   0x0000001c   Code   RO         1324    .text.EvrFreeRTOSHeap_Free  freertos_evr.o
    0x00001f8c   0x00001f8c   0x00000018   Code   RO         1322    .text.EvrFreeRTOSHeap_Malloc  freertos_evr.o
    0x00001fa4   0x00001fa4   0x0000001a   Code   RO         1116    .text.EvrFreeRTOSQueue_BlockingOnQueueReceive  freertos_evr.o
    0x00001fbe   0x00001fbe   0x00000002   PAD
    0x00001fc0   0x00001fc0   0x0000001a   Code   RO         1118    .text.EvrFreeRTOSQueue_BlockingOnQueueSend  freertos_evr.o
    0x00001fda   0x00001fda   0x00000002   PAD
    0x00001fdc   0x00001fdc   0x0000001a   Code   RO         1072    .text.EvrFreeRTOSQueue_CreateMutex  freertos_evr.o
    0x00001ff6   0x00001ff6   0x00000002   PAD
    0x00001ff8   0x00001ff8   0x00000010   Code   RO         1074    .text.EvrFreeRTOSQueue_CreateMutexFailed  freertos_evr.o
    0x00002008   0x00002008   0x0000001a   Code   RO         1068    .text.EvrFreeRTOSQueue_QueueCreate  freertos_evr.o
    0x00002022   0x00002022   0x00000002   PAD
    0x00002024   0x00002024   0x00000016   Code   RO         1070    .text.EvrFreeRTOSQueue_QueueCreateFailed  freertos_evr.o
    0x0000203a   0x0000203a   0x00000002   PAD
    0x0000203c   0x0000203c   0x0000001a   Code   RO         1112    .text.EvrFreeRTOSQueue_QueueDelete  freertos_evr.o
    0x00002056   0x00002056   0x00000002   PAD
    0x00002058   0x00002058   0x0000001a   Code   RO         1092    .text.EvrFreeRTOSQueue_QueueReceive  freertos_evr.o
    0x00002072   0x00002072   0x00000002   PAD
    0x00002074   0x00002074   0x00000016   Code   RO         1100    .text.EvrFreeRTOSQueue_QueueReceiveFailed  freertos_evr.o
    0x0000208a   0x0000208a   0x00000002   PAD
    0x0000208c   0x0000208c   0x0000001a   Code   RO         1088    .text.EvrFreeRTOSQueue_QueueSend  freertos_evr.o
    0x000020a6   0x000020a6   0x00000002   PAD
    0x000020a8   0x000020a8   0x00000016   Code   RO         1090    .text.EvrFreeRTOSQueue_QueueSendFailed  freertos_evr.o
    0x000020be   0x000020be   0x00000002   PAD
    0x000020c0   0x000020c0   0x0000001a   Code   RO         1102    .text.EvrFreeRTOSQueue_QueueSendFromIsr  freertos_evr.o
    0x000020da   0x000020da   0x00000002   PAD
    0x000020dc   0x000020dc   0x00000016   Code   RO         1104    .text.EvrFreeRTOSQueue_QueueSendFromIsrFailed  freertos_evr.o
    0x000020f2   0x000020f2   0x00000002   PAD
    0x000020f4   0x000020f4   0x0000008e   Code   RO          646    .text.EvrFreeRTOSSetup  freertos_evr.o
    0x00002182   0x00002182   0x00000002   PAD
    0x00002184   0x00002184   0x0000001a   Code   RO          700    .text.EvrFreeRTOSTasks_MovedTaskToDelayedList  freertos_evr.o
    0x0000219e   0x0000219e   0x00000002   PAD
    0x000021a0   0x000021a0   0x0000001a   Code   RO          702    .text.EvrFreeRTOSTasks_MovedTaskToOverflowDelayedList  freertos_evr.o
    0x000021ba   0x000021ba   0x00000002   PAD
    0x000021bc   0x000021bc   0x0000001a   Code   RO          678    .text.EvrFreeRTOSTasks_MovedTaskToReadyState  freertos_evr.o
    0x000021d6   0x000021d6   0x00000002   PAD
    0x000021d8   0x000021d8   0x0000001a   Code   RO          680    .text.EvrFreeRTOSTasks_PostMovedTaskToReadyState  freertos_evr.o
    0x000021f2   0x000021f2   0x00000002   PAD
    0x000021f4   0x000021f4   0x00000016   Code   RO          648    .text.EvrFreeRTOSTasks_TaskCreate  freertos_evr.o
    0x0000220a   0x0000220a   0x00000002   PAD
    0x0000220c   0x0000220c   0x0000001a   Code   RO          656    .text.EvrFreeRTOSTasks_TaskDelay  freertos_evr.o
    0x00002226   0x00002226   0x00000002   PAD
    0x00002228   0x00002228   0x0000001a   Code   RO          654    .text.EvrFreeRTOSTasks_TaskDelayUntil  freertos_evr.o
    0x00002242   0x00002242   0x00000002   PAD
    0x00002244   0x00002244   0x0000001a   Code   RO          666    .text.EvrFreeRTOSTasks_TaskIncrementTick  freertos_evr.o
    0x0000225e   0x0000225e   0x00000002   PAD
    0x00002260   0x00002260   0x0000001c   Code   RO          676    .text.EvrFreeRTOSTasks_TaskPriorityDisinherit  freertos_evr.o
    0x0000227c   0x0000227c   0x0000001c   Code   RO          674    .text.EvrFreeRTOSTasks_TaskPriorityInherit  freertos_evr.o
    0x00002298   0x00002298   0x0000001c   Code   RO          672    .text.EvrFreeRTOSTasks_TaskSwitchedIn  freertos_evr.o
    0x000022b4   0x000022b4   0x0000001a   Code   RO          670    .text.EvrFreeRTOSTasks_TaskSwitchedOut  freertos_evr.o
    0x000022ce   0x000022ce   0x00000002   PAD
    0x000022d0   0x000022d0   0x00000014   Code   RO         1016    .text.EvrFreeRTOSTasks_pvTaskIncrementMutexHeldCount  freertos_evr.o
    0x000022e4   0x000022e4   0x0000001a   Code   RO         1018    .text.EvrFreeRTOSTasks_pvTaskIncrementMutexHeldCount_Return  freertos_evr.o
    0x000022fe   0x000022fe   0x00000002   PAD
    0x00002300   0x00002300   0x00000014   Code   RO          824    .text.EvrFreeRTOSTasks_uxTaskGetNumberOfTasks  freertos_evr.o
    0x00002314   0x00002314   0x0000001a   Code   RO          826    .text.EvrFreeRTOSTasks_uxTaskGetNumberOfTasks_Return  freertos_evr.o
    0x0000232e   0x0000232e   0x00000002   PAD
    0x00002330   0x00002330   0x0000001a   Code   RO          744    .text.EvrFreeRTOSTasks_vTaskDelay  freertos_evr.o
    0x0000234a   0x0000234a   0x00000002   PAD
    0x0000234c   0x0000234c   0x00000014   Code   RO          746    .text.EvrFreeRTOSTasks_vTaskDelay_Return  freertos_evr.o
    0x00002360   0x00002360   0x0000001a   Code   RO          912    .text.EvrFreeRTOSTasks_vTaskInternalSetTimeOutState  freertos_evr.o
    0x0000237a   0x0000237a   0x00000002   PAD
    0x0000237c   0x0000237c   0x00000014   Code   RO          914    .text.EvrFreeRTOSTasks_vTaskInternalSetTimeOutState_Return  freertos_evr.o
    0x00002390   0x00002390   0x00000014   Code   RO          920    .text.EvrFreeRTOSTasks_vTaskMissedYield  freertos_evr.o
    0x000023a4   0x000023a4   0x00000014   Code   RO          922    .text.EvrFreeRTOSTasks_vTaskMissedYield_Return  freertos_evr.o
    0x000023b8   0x000023b8   0x0000001c   Code   RO          888    .text.EvrFreeRTOSTasks_vTaskPlaceOnEventList  freertos_evr.o
    0x000023d4   0x000023d4   0x00000028   Code   RO          896    .text.EvrFreeRTOSTasks_vTaskPlaceOnEventListRestricted  freertos_evr.o
    0x000023fc   0x000023fc   0x00000014   Code   RO          898    .text.EvrFreeRTOSTasks_vTaskPlaceOnEventListRestricted_Return  freertos_evr.o
    0x00002410   0x00002410   0x00000014   Code   RO          890    .text.EvrFreeRTOSTasks_vTaskPlaceOnEventList_Return  freertos_evr.o
    0x00002424   0x00002424   0x0000001c   Code   RO          980    .text.EvrFreeRTOSTasks_vTaskPriorityDisinheritAfterTimeout  freertos_evr.o
    0x00002440   0x00002440   0x00000014   Code   RO          982    .text.EvrFreeRTOSTasks_vTaskPriorityDisinheritAfterTimeout_Return  freertos_evr.o
    0x00002454   0x00002454   0x00000014   Code   RO          800    .text.EvrFreeRTOSTasks_vTaskStartScheduler  freertos_evr.o
    0x00002468   0x00002468   0x00000014   Code   RO          802    .text.EvrFreeRTOSTasks_vTaskStartScheduler_Return  freertos_evr.o
    0x0000247c   0x0000247c   0x00000014   Code   RO          808    .text.EvrFreeRTOSTasks_vTaskSuspendAll  freertos_evr.o
    0x00002490   0x00002490   0x00000014   Code   RO          810    .text.EvrFreeRTOSTasks_vTaskSuspendAll_Return  freertos_evr.o
    0x000024a4   0x000024a4   0x00000014   Code   RO          884    .text.EvrFreeRTOSTasks_vTaskSwitchContext  freertos_evr.o
    0x000024b8   0x000024b8   0x00000014   Code   RO          886    .text.EvrFreeRTOSTasks_vTaskSwitchContext_Return  freertos_evr.o
    0x000024cc   0x000024cc   0x0000001c   Code   RO          916    .text.EvrFreeRTOSTasks_xTaskCheckForTimeOut  freertos_evr.o
    0x000024e8   0x000024e8   0x0000001a   Code   RO          918    .text.EvrFreeRTOSTasks_xTaskCheckForTimeOut_Return  freertos_evr.o
    0x00002502   0x00002502   0x00000002   PAD
    0x00002504   0x00002504   0x00000042   Code   RO          728    .text.EvrFreeRTOSTasks_xTaskCreate  freertos_evr.o
    0x00002546   0x00002546   0x00000002   PAD
    0x00002548   0x00002548   0x00000050   Code   RO          704    .text.EvrFreeRTOSTasks_xTaskCreateStatic  freertos_evr.o
    0x00002598   0x00002598   0x0000001a   Code   RO          706    .text.EvrFreeRTOSTasks_xTaskCreateStatic_Return  freertos_evr.o
    0x000025b2   0x000025b2   0x00000002   PAD
    0x000025b4   0x000025b4   0x0000001a   Code   RO          730    .text.EvrFreeRTOSTasks_xTaskCreate_Return  freertos_evr.o
    0x000025ce   0x000025ce   0x00000002   PAD
    0x000025d0   0x000025d0   0x00000014   Code   RO          968    .text.EvrFreeRTOSTasks_xTaskGetSchedulerState  freertos_evr.o
    0x000025e4   0x000025e4   0x0000001a   Code   RO          970    .text.EvrFreeRTOSTasks_xTaskGetSchedulerState_Return  freertos_evr.o
    0x000025fe   0x000025fe   0x00000002   PAD
    0x00002600   0x00002600   0x00000014   Code   RO          816    .text.EvrFreeRTOSTasks_xTaskGetTickCount  freertos_evr.o
    0x00002614   0x00002614   0x0000001a   Code   RO          818    .text.EvrFreeRTOSTasks_xTaskGetTickCount_Return  freertos_evr.o
    0x0000262e   0x0000262e   0x00000002   PAD
    0x00002630   0x00002630   0x00000014   Code   RO          864    .text.EvrFreeRTOSTasks_xTaskIncrementTick  freertos_evr.o
    0x00002644   0x00002644   0x0000001a   Code   RO          866    .text.EvrFreeRTOSTasks_xTaskIncrementTick_Return  freertos_evr.o
    0x0000265e   0x0000265e   0x00000002   PAD
    0x00002660   0x00002660   0x0000001a   Code   RO          976    .text.EvrFreeRTOSTasks_xTaskPriorityDisinherit  freertos_evr.o
    0x0000267a   0x0000267a   0x00000002   PAD
    0x0000267c   0x0000267c   0x0000001a   Code   RO          978    .text.EvrFreeRTOSTasks_xTaskPriorityDisinherit_Return  freertos_evr.o
    0x00002696   0x00002696   0x00000002   PAD
    0x00002698   0x00002698   0x0000001a   Code   RO          972    .text.EvrFreeRTOSTasks_xTaskPriorityInherit  freertos_evr.o
    0x000026b2   0x000026b2   0x00000002   PAD
    0x000026b4   0x000026b4   0x0000001a   Code   RO          974    .text.EvrFreeRTOSTasks_xTaskPriorityInherit_Return  freertos_evr.o
    0x000026ce   0x000026ce   0x00000002   PAD
    0x000026d0   0x000026d0   0x0000001a   Code   RO          900    .text.EvrFreeRTOSTasks_xTaskRemoveFromEventList  freertos_evr.o
    0x000026ea   0x000026ea   0x00000002   PAD
    0x000026ec   0x000026ec   0x0000001a   Code   RO          902    .text.EvrFreeRTOSTasks_xTaskRemoveFromEventList_Return  freertos_evr.o
    0x00002706   0x00002706   0x00000002   PAD
    0x00002708   0x00002708   0x00000014   Code   RO          812    .text.EvrFreeRTOSTasks_xTaskResumeAll  freertos_evr.o
    0x0000271c   0x0000271c   0x0000001a   Code   RO          814    .text.EvrFreeRTOSTasks_xTaskResumeAll_Return  freertos_evr.o
    0x00002736   0x00002736   0x00000002   PAD
    0x00002738   0x00002738   0x00000028   Code   RO         1126    .text.EvrFreeRTOSTimers_TimerCommandReceived  freertos_evr.o
    0x00002760   0x00002760   0x0000001a   Code   RO         1128    .text.EvrFreeRTOSTimers_TimerExpired  freertos_evr.o
    0x0000277a   0x0000277a   0x00000002   PAD
    0x0000277c   0x0000277c   0x00000014   Code   RO         1134    .text.EvrFreeRTOSTimers_xTimerCreateTimerTask  freertos_evr.o
    0x00002790   0x00002790   0x0000001a   Code   RO         1136    .text.EvrFreeRTOSTimers_xTimerCreateTimerTask_Return  freertos_evr.o
    0x000027aa   0x000027aa   0x00000002   PAD
    0x000027ac   0x000027ac   0x00000068   Code   RO           10    .text.GearLCD       main.o
    0x00002814   0x00002814   0x00000012   Code   RO          547    .text.GetContext    eventrecorder.o
    0x00002826   0x00002826   0x00000002   PAD
    0x00002828   0x00002828   0x00000012   Code   RO          563    .text.GetRecordIndex  eventrecorder.o
    0x0000283a   0x0000283a   0x00000002   PAD
    0x0000283c   0x0000283c   0x00000046   Code   RO           59    .text.I2CSendByte   i2c.o
    0x00002882   0x00002882   0x00000002   PAD
    0x00002884   0x00002884   0x0000007c   Code   RO           57    .text.I2C_Init      i2c.o
    0x00002900   0x00002900   0x00000046   Code   RO          156    .text.IgnitionSwitch_Init  iginitionswitch.o
    0x00002946   0x00002946   0x00000002   PAD
    0x00002948   0x00002948   0x00000012   Code   RO          571    .text.IncrementRecordsDumped  eventrecorder.o
    0x0000295a   0x0000295a   0x00000002   PAD
    0x0000295c   0x0000295c   0x00000012   Code   RO          569    .text.IncrementRecordsWritten  eventrecorder.o
    0x0000296e   0x0000296e   0x00000002   PAD
    0x00002970   0x00002970   0x00000048   Code   RO          173    .text.LCDI2CInit    lcd.o
    0x000029b8   0x000029b8   0x00000036   Code   RO          565    .text.LockRecord    eventrecorder.o
    0x000029ee   0x000029ee   0x00000002   PAD
    0x000029f0   0x000029f0   0x00000012   Code   RO          553    .text.LockTS_Overflow  eventrecorder.o
    0x00002a02   0x00002a02   0x00000002   PAD
    0x00002a04   0x00002a04   0x00000046   Code   RO          215    .text.Lock_Init     lock.o
    0x00002a4a   0x00002a4a   0x00000006   PAD
    0x00002a50   0x00002a50   0x00000064   Code   RO         1410    .text.PendSV_Handler  port.o
    0x00002ab4   0x00002ab4   0x00000076   Code   RO          237    .text.PortA_Init    ultrasonic.o
    0x00002b2a   0x00002b2a   0x00000002   PAD
    0x00002b2c   0x00002b2c   0x00000046   Code   RO          250    .text.PushButton_Init  pushbutton.o
    0x00002b72   0x00002b72   0x00000002   PAD
    0x00002b74   0x00002b74   0x00000018   Code   RO          252    .text.PushButton_Read  pushbutton.o
    0x00002b8c   0x00002b8c   0x0000006e   Code   RO          263    .text.R_Display     display.o
    0x00002bfa   0x00002bfa   0x00000006   PAD
    0x00002c00   0x00002c00   0x00000024   Code   RO         1394    .text.SVC_Handler   port.o
    0x00002c24   0x00002c24   0x0000001e   Code   RO          328    .text.SysTick_Handler  cmsis_os2.o
    0x00002c42   0x00002c42   0x00000002   PAD
    0x00002c44   0x00002c44   0x0000010c   Code   RO          636    .text.SystemInit    system_tm4c123.o
    0x00002d50   0x00002d50   0x00000050   Code   RO           68    .text.Timer0A_Init  timer0.o
    0x00002da0   0x00002da0   0x00000050   Code   RO           72    .text.Timer0B_Init  timer0.o
    0x00002df0   0x00002df0   0x000000ee   Code   RO           83    .text.Timer1_Init   timer1.o
    0x00002ede   0x00002ede   0x00000002   PAD
    0x00002ee0   0x00002ee0   0x0000003c   Code   RO          120    .text.UART5_Handler  uart5.o
    0x00002f1c   0x00002f1c   0x00000032   Code   RO          567    .text.UnlockRecord  eventrecorder.o
    0x00002f4e   0x00002f4e   0x00000002   PAD
    0x00002f50   0x00002f50   0x00000012   Code   RO          555    .text.UnlockTS_Overflow  eventrecorder.o
    0x00002f62   0x00002f62   0x00000002   PAD
    0x00002f64   0x00002f64   0x0000001a   Code   RO          557    .text.UpdateTS      eventrecorder.o
    0x00002f7e   0x00002f7e   0x00000002   PAD
    0x00002f80   0x00002f80   0x00000030   Code   RO            6    .text.__NVIC_ClearPendingIRQ  main.o
    0x00002fb0   0x00002fb0   0x00000030   Code   RO           20    .text.__NVIC_EnableIRQ  main.o
    0x00002fe0   0x00002fe0   0x00000030   Code   RO           12    .text.__NVIC_SetPendingIRQ  main.o
    0x00003010   0x00003010   0x00000042   Code   RO           18    .text.__NVIC_SetPriority  main.o
    0x00003052   0x00003052   0x00000002   PAD
    0x00003054   0x00003054   0x00000028   Code   RO          309    .text._mutex_acquire  clib_os.o
    0x0000307c   0x0000307c   0x00000054   Code   RO          315    .text._mutex_free   clib_os.o
    0x000030d0   0x000030d0   0x000000a8   Code   RO          307    .text._mutex_initialize  clib_os.o
    0x00003178   0x00003178   0x0000002a   Code   RO          313    .text._mutex_release  clib_os.o
    0x000031a2   0x000031a2   0x00000002   PAD
    0x000031a4   0x000031a4   0x0000000a   Code   RO          299    .text._platform_post_stackheap_init  clib_os.o
    0x000031ae   0x000031ae   0x00000002   PAD
    0x000031b0   0x000031b0   0x00000020   Code   RO          573    .text.atomic_inc32  eventrecorder.o
    0x000031d0   0x000031d0   0x00000024   Code   RO          575    .text.atomic_inc8   eventrecorder.o
    0x000031f4   0x000031f4   0x00000020   Code   RO          561    .text.atomic_wr32   eventrecorder.o
    0x00003214   0x00003214   0x00000028   Code   RO          559    .text.atomic_wr8    eventrecorder.o
    0x0000323c   0x0000323c   0x0000009c   Code   RO          175    .text.begin         lcd.o
    0x000032d8   0x000032d8   0x00000012   Code   RO          185    .text.clear         lcd.o
    0x000032ea   0x000032ea   0x00000002   PAD
    0x000032ec   0x000032ec   0x0000001a   Code   RO          181    .text.command       lcd.o
    0x00003306   0x00003306   0x00000002   PAD
    0x00003308   0x00003308   0x00000020   Code   RO          183    .text.configDisplay  lcd.o
    0x00003328   0x00003328   0x00000082   Code   RO          527    .text.crc16_ccitt   eventrecorder.o
    0x000033aa   0x000033aa   0x00000002   PAD
    0x000033ac   0x000033ac   0x00000030   Code   RO            2    .text.delay_ms      main.o
    0x000033dc   0x000033dc   0x0000001e   Code   RO          177    .text.expanderWrite  lcd.o
    0x000033fa   0x000033fa   0x00000002   PAD
    0x000033fc   0x000033fc   0x00000012   Code   RO          187    .text.home          lcd.o
    0x0000340e   0x0000340e   0x00000002   PAD
    0x00003410   0x00003410   0x00000020   Code   RO          311    .text.is_thread_mode  clib_os.o
    0x00003430   0x00003430   0x0000011a   Code   RO           14    .text.main          main.o
    0x0000354a   0x0000354a   0x00000002   PAD
    0x0000354c   0x0000354c   0x00000020   Code   RO          305    .text.os_kernel_is_active  clib_os.o
    0x0000356c   0x0000356c   0x00000008   Code   RO          226    .text.potentiometer_Init  potentiometer.o
    0x00003574   0x00003574   0x00000022   Code   RO          203    .text.print         lcd.o
    0x00003596   0x00003596   0x00000002   PAD
    0x00003598   0x00003598   0x00000122   Code   RO         1563    .text.prvAddCurrentTaskToDelayedList  tasks_1.o
    0x000036ba   0x000036ba   0x00000002   PAD
    0x000036bc   0x000036bc   0x00000182   Code   RO         1547    .text.prvAddNewTaskToReadyList  tasks_1.o
    0x0000383e   0x0000383e   0x00000002   PAD
    0x00003840   0x00003840   0x0000007e   Code   RO         1725    .text.prvCheckForValidListAndQueue  timers.o
    0x000038be   0x000038be   0x00000002   PAD
    0x000038c0   0x000038c0   0x0000005a   Code   RO         1597    .text.prvCheckTasksWaitingTermination  tasks_1.o
    0x0000391a   0x0000391a   0x00000002   PAD
    0x0000391c   0x0000391c   0x00000042   Code   RO         1500    .text.prvCopyDataFromQueue  queue.o
    0x0000395e   0x0000395e   0x00000002   PAD
    0x00003960   0x00003960   0x000000cc   Code   RO         1488    .text.prvCopyDataToQueue  queue.o
    0x00003a2c   0x00003a2c   0x000000c8   Code   RO         1593    .text.prvCreateIdleTasks  tasks_1.o
    0x00003af4   0x00003af4   0x00000078   Code   RO         1545    .text.prvCreateStaticTask  tasks_1.o
    0x00003b6c   0x00003b6c   0x0000008e   Code   RO         1551    .text.prvCreateTask  tasks_1.o
    0x00003bfa   0x00003bfa   0x00000002   PAD
    0x00003bfc   0x00003bfc   0x0000003c   Code   RO         1557    .text.prvDeleteTCB  tasks_1.o
    0x00003c38   0x00003c38   0x00000026   Code   RO         1504    .text.prvGetDisinheritPriorityAfterTimeout  queue.o
    0x00003c5e   0x00003c5e   0x00000002   PAD
    0x00003c60   0x00003c60   0x00000040   Code   RO         1771    .text.prvGetNextExpireTime  timers.o
    0x00003ca0   0x00003ca0   0x000000aa   Code   RO         1424    .text.prvHeapInit   heap_4.o
    0x00003d4a   0x00003d4a   0x00000002   PAD
    0x00003d4c   0x00003d4c   0x00000038   Code   RO         1687    .text.prvIdleTask   tasks_1.o
    0x00003d84   0x00003d84   0x0000003a   Code   RO         1468    .text.prvInitialiseMutex  queue.o
    0x00003dbe   0x00003dbe   0x00000002   PAD
    0x00003dc0   0x00003dc0   0x0000004e   Code   RO         1460    .text.prvInitialiseNewQueue  queue.o
    0x00003e0e   0x00003e0e   0x00000002   PAD
    0x00003e10   0x00003e10   0x000000e6   Code   RO         1683    .text.prvInitialiseNewTask  tasks_1.o
    0x00003ef6   0x00003ef6   0x00000002   PAD
    0x00003ef8   0x00003ef8   0x0000008e   Code   RO         1685    .text.prvInitialiseTaskLists  tasks_1.o
    0x00003f86   0x00003f86   0x00000002   PAD
    0x00003f88   0x00003f88   0x000000d8   Code   RO         1428    .text.prvInsertBlockIntoFreeList  heap_4.o
    0x00004060   0x00004060   0x00000086   Code   RO         1785    .text.prvInsertTimerInActiveList  timers.o
    0x000040e6   0x000040e6   0x00000002   PAD
    0x000040e8   0x000040e8   0x00000028   Code   RO         1502    .text.prvIsQueueEmpty  queue.o
    0x00004110   0x00004110   0x0000002e   Code   RO         1490    .text.prvIsQueueFull  queue.o
    0x0000413e   0x0000413e   0x00000002   PAD
    0x00004140   0x00004140   0x00000028   Code   RO         1402    .text.prvPortStartFirstTask  port.o
    0x00004168   0x00004168   0x0000005a   Code   RO         1779    .text.prvProcessExpiredTimer  timers.o
    0x000041c2   0x000041c2   0x00000002   PAD
    0x000041c4   0x000041c4   0x0000015e   Code   RO         1775    .text.prvProcessReceivedCommands  timers.o
    0x00004322   0x00004322   0x00000002   PAD
    0x00004324   0x00004324   0x0000009a   Code   RO         1773    .text.prvProcessTimerOrBlockTask  timers.o
    0x000043be   0x000043be   0x00000002   PAD
    0x000043c0   0x000043c0   0x0000003a   Code   RO         1783    .text.prvReloadTimer  timers.o
    0x000043fa   0x000043fa   0x00000002   PAD
    0x000043fc   0x000043fc   0x0000003c   Code   RO         1555    .text.prvResetNextTaskUnblockTime  tasks_1.o
    0x00004438   0x00004438   0x00000044   Code   RO         1777    .text.prvSampleTimeNow  timers.o
    0x0000447c   0x0000447c   0x00000018   Code   RO           16    .text.prvSetupSoftwareInterrupt  main.o
    0x00004494   0x00004494   0x00000052   Code   RO         1781    .text.prvSwitchTimerLists  timers.o
    0x000044e6   0x000044e6   0x00000002   PAD
    0x000044e8   0x000044e8   0x00000026   Code   RO         1392    .text.prvTaskExitError  port.o
    0x0000450e   0x0000450e   0x00000002   PAD
    0x00004510   0x00004510   0x0000001e   Code   RO         1727    .text.prvTimerTask  timers.o
    0x0000452e   0x0000452e   0x00000002   PAD
    0x00004530   0x00004530   0x000000ae   Code   RO         1492    .text.prvUnlockQueue  queue.o
    0x000045de   0x000045de   0x00000002   PAD
    0x000045e0   0x000045e0   0x00000038   Code   RO          205    .text.pulseEnable   lcd.o
    0x00004618   0x00004618   0x000001be   Code   RO         1422    .text.pvPortMalloc  heap_4.o
    0x000047d6   0x000047d6   0x00000002   PAD
    0x000047d8   0x000047d8   0x00000030   Code   RO         1661    .text.pvTaskIncrementMutexHeldCount  tasks_1.o
    0x00004808   0x00004808   0x0000005e   Code   RO         1390    .text.pxPortInitialiseStack  port.o
    0x00004866   0x00004866   0x00000002   PAD
    0x00004868   0x00004868   0x00000048   Code   RO          169    .text.send          lcd.o
    0x000048b0   0x000048b0   0x00000050   Code   RO          189    .text.setCursor     lcd.o
    0x00004900   0x00004900   0x00000066   Code   RO           70    .text.timer0A_delayMs  timer0.o
    0x00004966   0x00004966   0x00000002   PAD
    0x00004968   0x00004968   0x0000000c   Code   RO          239    .text.ultrasonic_Init  ultrasonic.o
    0x00004974   0x00004974   0x00000048   Code   RO         1381    .text.uxListRemove  list.o
    0x000049bc   0x000049bc   0x00000020   Code   RO         1605    .text.uxTaskGetNumberOfTasks  tasks_1.o
    0x000049dc   0x000049dc   0x0000002a   Code   RO         1677    .text.vApplicationGetIdleTaskMemory  tasks_1.o
    0x00004a06   0x00004a06   0x00000002   PAD
    0x00004a08   0x00004a08   0x0000002a   Code   RO         1679    .text.vApplicationGetTimerTaskMemory  tasks_1.o
    0x00004a32   0x00004a32   0x00000002   PAD
    0x00004a34   0x00004a34   0x0000000a   Code   RO          482    .text.vApplicationStackOverflowHook  cmsis_os2.o
    0x00004a3e   0x00004a3e   0x00000002   PAD
    0x00004a40   0x00004a40   0x0000002e   Code   RO         1373    .text.vListInitialise  list.o
    0x00004a6e   0x00004a6e   0x00000002   PAD
    0x00004a70   0x00004a70   0x0000000e   Code   RO         1375    .text.vListInitialiseItem  list.o
    0x00004a7e   0x00004a7e   0x00000002   PAD
    0x00004a80   0x00004a80   0x0000006a   Code   RO         1379    .text.vListInsert   list.o
    0x00004aea   0x00004aea   0x00000002   PAD
    0x00004aec   0x00004aec   0x00000014   Code   RO         1400    .text.vPortEnableVFP  port.o
    0x00004b00   0x00004b00   0x00000030   Code   RO         1406    .text.vPortEnterCritical  port.o
    0x00004b30   0x00004b30   0x00000026   Code   RO         1408    .text.vPortExitCritical  port.o
    0x00004b56   0x00004b56   0x00000002   PAD
    0x00004b58   0x00004b58   0x00000080   Code   RO         1426    .text.vPortFree     heap_4.o
    0x00004bd8   0x00004bd8   0x00000044   Code   RO         1398    .text.vPortSetupTimerInterrupt  port.o
    0x00004c1c   0x00004c1c   0x00000028   Code   RO         1518    .text.vQueueDelete  queue.o
    0x00004c44   0x00004c44   0x00000064   Code   RO         1534    .text.vQueueWaitForMessageRestricted  queue.o
    0x00004ca8   0x00004ca8   0x00000046   Code   RO            4    .text.vSoftwareInterruptHandler  main.o
    0x00004cee   0x00004cee   0x00000002   PAD
    0x00004cf0   0x00004cf0   0x0000005a   Code   RO         1567    .text.vTaskDelay    tasks_1.o
    0x00004d4a   0x00004d4a   0x00000002   PAD
    0x00004d4c   0x00004d4c   0x00000030   Code   RO         1631    .text.vTaskInternalSetTimeOutState  tasks_1.o
    0x00004d7c   0x00004d7c   0x00000018   Code   RO         1635    .text.vTaskMissedYield  tasks_1.o
    0x00004d94   0x00004d94   0x00000032   Code   RO         1619    .text.vTaskPlaceOnEventList  tasks_1.o
    0x00004dc6   0x00004dc6   0x00000002   PAD
    0x00004dc8   0x00004dc8   0x00000084   Code   RO         1623    .text.vTaskPlaceOnEventListRestricted  tasks_1.o
    0x00004e4c   0x00004e4c   0x0000015a   Code   RO         1657    .text.vTaskPriorityDisinheritAfterTimeout  tasks_1.o
    0x00004fa6   0x00004fa6   0x00000002   PAD
    0x00004fa8   0x00004fa8   0x00000092   Code   RO         1591    .text.vTaskStartScheduler  tasks_1.o
    0x0000503a   0x0000503a   0x00000002   PAD
    0x0000503c   0x0000503c   0x0000001a   Code   RO         1561    .text.vTaskSuspendAll  tasks_1.o
    0x00005056   0x00005056   0x00000002   PAD
    0x00005058   0x00005058   0x00000146   Code   RO         1583    .text.vTaskSwitchContext  tasks_1.o
    0x0000519e   0x0000519e   0x00000002   PAD
    0x000051a0   0x000051a0   0x0000001e   Code   RO          167    .text.write         lcd.o
    0x000051be   0x000051be   0x00000002   PAD
    0x000051c0   0x000051c0   0x00000022   Code   RO          179    .text.write4bits    lcd.o
    0x000051e2   0x000051e2   0x00000002   PAD
    0x000051e4   0x000051e4   0x0000003e   Code   RO          171    .text.write_string  lcd.o
    0x00005222   0x00005222   0x00000002   PAD
    0x00005224   0x00005224   0x0000006c   Code   RO         1396    .text.xPortStartScheduler  port.o
    0x00005290   0x00005290   0x0000003e   Code   RO         1412    .text.xPortSysTickHandler  port.o
    0x000052ce   0x000052ce   0x00000002   PAD
    0x000052d0   0x000052d0   0x00000026   Code   RO         1466    .text.xQueueCreateMutex  queue.o
    0x000052f6   0x000052f6   0x00000002   PAD
    0x000052f8   0x000052f8   0x00000032   Code   RO         1470    .text.xQueueCreateMutexStatic  queue.o
    0x0000532a   0x0000532a   0x00000002   PAD
    0x0000532c   0x0000532c   0x0000008e   Code   RO         1464    .text.xQueueGenericCreate  queue.o
    0x000053ba   0x000053ba   0x00000002   PAD
    0x000053bc   0x000053bc   0x0000006c   Code   RO         1458    .text.xQueueGenericCreateStatic  queue.o
    0x00005428   0x00005428   0x000000d0   Code   RO         1456    .text.xQueueGenericReset  queue.o
    0x000054f8   0x000054f8   0x00000182   Code   RO         1478    .text.xQueueGenericSend  queue.o
    0x0000567a   0x0000567a   0x00000002   PAD
    0x0000567c   0x0000567c   0x000000d2   Code   RO         1496    .text.xQueueGiveFromISR  queue.o
    0x0000574e   0x0000574e   0x00000002   PAD
    0x00005750   0x00005750   0x0000016a   Code   RO         1498    .text.xQueueReceive  queue.o
    0x000058ba   0x000058ba   0x00000002   PAD
    0x000058bc   0x000058bc   0x000001b6   Code   RO         1482    .text.xQueueSemaphoreTake  queue.o
    0x00005a72   0x00005a72   0x00000002   PAD
    0x00005a74   0x00005a74   0x000000d2   Code   RO         1633    .text.xTaskCheckForTimeOut  tasks_1.o
    0x00005b46   0x00005b46   0x00000002   PAD
    0x00005b48   0x00005b48   0x00000074   Code   RO         1549    .text.xTaskCreate   tasks_1.o
    0x00005bbc   0x00005bbc   0x00000084   Code   RO         1543    .text.xTaskCreateStatic  tasks_1.o
    0x00005c40   0x00005c40   0x00000044   Code   RO         1651    .text.xTaskGetSchedulerState  tasks_1.o
    0x00005c84   0x00005c84   0x00000020   Code   RO         1601    .text.xTaskGetTickCount  tasks_1.o
    0x00005ca4   0x00005ca4   0x00000282   Code   RO         1599    .text.xTaskIncrementTick  tasks_1.o
    0x00005f26   0x00005f26   0x00000002   PAD
    0x00005f28   0x00005f28   0x00000112   Code   RO         1655    .text.xTaskPriorityDisinherit  tasks_1.o
    0x0000603a   0x0000603a   0x00000002   PAD
    0x0000603c   0x0000603c   0x00000186   Code   RO         1653    .text.xTaskPriorityInherit  tasks_1.o
    0x000061c2   0x000061c2   0x00000002   PAD
    0x000061c4   0x000061c4   0x000001ae   Code   RO         1625    .text.xTaskRemoveFromEventList  tasks_1.o
    0x00006372   0x00006372   0x00000002   PAD
    0x00006374   0x00006374   0x00000254   Code   RO         1565    .text.xTaskResumeAll  tasks_1.o
    0x000065c8   0x000065c8   0x00000082   Code   RO         1723    .text.xTimerCreateTimerTask  timers.o
    0x0000664a   0x0000664a   0x0000003e   Code   RO         3400    CL$$btod_d2e        c_w.l(btod.o)
    0x00006688   0x00006688   0x00000046   Code   RO         3402    CL$$btod_d2e_denorm_low  c_w.l(btod.o)
    0x000066ce   0x000066ce   0x00000060   Code   RO         3401    CL$$btod_d2e_norm_op1  c_w.l(btod.o)
    0x0000672e   0x0000672e   0x00000002   PAD
    0x00006730   0x00006730   0x00000338   Code   RO         3410    CL$$btod_div_common  c_w.l(btod.o)
    0x00006a68   0x00006a68   0x000000dc   Code   RO         3407    CL$$btod_e2e        c_w.l(btod.o)
    0x00006b44   0x00006b44   0x0000002a   Code   RO         3404    CL$$btod_ediv       c_w.l(btod.o)
    0x00006b6e   0x00006b6e   0x0000002a   Code   RO         3403    CL$$btod_emul       c_w.l(btod.o)
    0x00006b98   0x00006b98   0x00000244   Code   RO         3409    CL$$btod_mult_common  c_w.l(btod.o)
    0x00006ddc   0x00006ddc   0x00000028   Code   RO         1808    i.GPIODirModeSet    driverlib.lib(gpio.o)
    0x00006e04   0x00006e04   0x00000170   Code   RO         1820    i.GPIOPadConfigSet  driverlib.lib(gpio.o)
    0x00006f74   0x00006f74   0x00000044   Code   RO         1821    i.GPIOPinConfigure  driverlib.lib(gpio.o)
    0x00006fb8   0x00006fb8   0x00000006   Code   RO         1822    i.GPIOPinRead       driverlib.lib(gpio.o)
    0x00006fbe   0x00006fbe   0x0000001c   Code   RO         1831    i.GPIOPinTypeGPIOInput  driverlib.lib(gpio.o)
    0x00006fda   0x00006fda   0x0000001c   Code   RO         1832    i.GPIOPinTypeGPIOOutput  driverlib.lib(gpio.o)
    0x00006ff6   0x00006ff6   0x0000001c   Code   RO         1835    i.GPIOPinTypeI2C    driverlib.lib(gpio.o)
    0x00007012   0x00007012   0x0000001c   Code   RO         1836    i.GPIOPinTypeI2CSCL  driverlib.lib(gpio.o)
    0x0000702e   0x0000702e   0x0000000c   Code   RO         2152    i.I2CMasterBusy     driverlib.lib(i2c.o)
    0x0000703a   0x0000703a   0x00000004   Code   RO         2153    i.I2CMasterControl  driverlib.lib(i2c.o)
    0x0000703e   0x0000703e   0x00000004   Code   RO         2155    i.I2CMasterDataPut  driverlib.lib(i2c.o)
    0x00007042   0x00007042   0x00000002   PAD
    0x00007044   0x00007044   0x00000054   Code   RO         2160    i.I2CMasterInitExpClk  driverlib.lib(i2c.o)
    0x00007098   0x00007098   0x00000008   Code   RO         2170    i.I2CMasterSlaveAddrSet  driverlib.lib(i2c.o)
    0x000070a0   0x000070a0   0x00000154   Code   RO         2481    i.SysCtlClockGet    driverlib.lib(sysctl.o)
    0x000071f4   0x000071f4   0x00000120   Code   RO         2483    i.SysCtlClockSet    driverlib.lib(sysctl.o)
    0x00007314   0x00007314   0x00000028   Code   RO         2512    i.SysCtlPeripheralEnable  driverlib.lib(sysctl.o)
    0x0000733c   0x0000733c   0x0000002c   Code   RO         2516    i.SysCtlPeripheralReady  driverlib.lib(sysctl.o)
    0x00007368   0x00007368   0x0000003c   Code   RO         2517    i.SysCtlPeripheralReset  driverlib.lib(sysctl.o)
    0x000073a4   0x000073a4   0x0000000a   Code   RO         2868    i.TimerValueGet     driverlib.lib(timer.o)
    0x000073ae   0x000073ae   0x00000030   Code   RO         3439    i.__ARM_fpclassify  m_wm.l(fpclassify.o)
    0x000073de   0x000073de   0x0000000e   Code   RO         3297    i._is_digit         c_w.l(__printf_wp.o)
    0x000073ec   0x000073ec   0x0000002c   Code   RO         3425    locale$$code        c_w.l(lc_numeric_c.o)
    0x00007418   0x00007418   0x0000002c   Code   RO         3451    locale$$code        c_w.l(lc_ctype_c.o)
    0x00007444   0x00007444   0x0000001a   Code   RO         3230    x$fpl$fpinit        fz_wm.l(fpinit.o)
    0x0000745e   0x0000745e   0x00000004   Code   RO         3338    x$fpl$printf1       fz_wm.l(printf1.o)
    0x00007462   0x00007462   0x00000004   Code   RO         3340    x$fpl$printf2       fz_wm.l(printf2.o)
    0x00007466   0x00007466   0x00000000   Code   RO         3346    x$fpl$usenofp       fz_wm.l(usenofp.o)
    0x00007466   0x00007466   0x00000002   PAD
    0x00007468   0x00007468   0x00000228   Data   RO         1853    .constdata          driverlib.lib(gpio.o)
    0x00007690   0x00007690   0x00000254   Data   RO         2534    .constdata          driverlib.lib(sysctl.o)
    0x000078e4   0x000078e4   0x00000008   Data   RO         3256    .constdata          c_w.l(_printf_wctomb.o)
    0x000078ec   0x000078ec   0x00000028   Data   RO         3285    .constdata          c_w.l(_printf_hex_int_ll_ptr.o)
    0x00007914   0x00007914   0x00000011   Data   RO         3305    .constdata          c_w.l(__printf_flags_ss_wp.o)
    0x00007925   0x00007925   0x00000026   Data   RO         3373    .constdata          c_w.l(_printf_fp_hex.o)
    0x0000794b   0x0000794b   0x00000001   PAD
    0x0000794c   0x0000794c   0x00000094   Data   RO         3398    .constdata          c_w.l(bigflt0.o)
    0x000079e0   0x000079e0   0x00000018   Data   RO          578    .rodata.EventRecorderInfo  eventrecorder.o
    0x000079f8   0x000079f8   0x00000013   Data   RO           26    .rodata.str1.1      main.o
    0x00007a0b   0x00007a0b   0x00000049   Data   RO          271    .rodata.str1.1      display.o
    0x00007a54   0x00007a54   0x00000005   Data   RO         1715    .rodata.str1.1      tasks_1.o
    0x00007a59   0x00007a59   0x00000008   Data   RO         1788    .rodata.str1.1      timers.o
    0x00007a61   0x00007a61   0x00000003   PAD
    0x00007a64   0x00007a64   0x00000004   Data   RO         1706    .rodata.uxTopUsedPriority  tasks_1.o
    0x00007a68   0x00007a68   0x00000020   Data   RO         3582    Region$$Table       anon$$obj.o
    0x00007a88   0x00007a88   0x0000001c   Data   RO         3424    locale$$data        c_w.l(lc_numeric_c.o)
    0x00007aa4   0x00007aa4   0x00000110   Data   RO         3450    locale$$data        c_w.l(lc_ctype_c.o)


    Execution Region ER_RW (Exec base: 0x20000000, Load base: 0x00007bb4, Size: 0x00000008, Max: 0xffffffff, ABSOLUTE)

    Exec Addr    Load Addr    Size         Type   Attr      Idx    E Section Name        Object

    0x20000000   0x00007bb4   0x00000004   Data   RW          638    .data.SystemCoreClock  system_tm4c123.o
    0x20000004   0x00007bb8   0x00000004   Data   RW         1414    .data.uxCriticalNesting  port.o


    Execution Region ER_ZI (Exec base: 0x20000040, Load base: 0x00007bbc, Size: 0x000032e0, Max: 0xffffffff, ABSOLUTE)

    Exec Addr    Load Addr    Size         Type   Attr      Idx    E Section Name        Object

    0x20000040        -       0x00000060   Zero   RW         3442    .bss                c_w.l(libspace.o)
    0x200000a0        -       0x00000001   Zero   RW         1326    .bss.EvrFreeRTOSSetup.init  freertos_evr.o
    0x200000a1        -       0x00000001   Zero   RW          579    .bss.TS_OverflowLock  eventrecorder.o
    0x200000a2        -       0x00000001   Zero   RW          122    .bss.UART5_ReceivedByte  uart5.o
    0x200000a3   0x00007bbc   0x00000001   PAD
    0x200000a4        -       0x00000190   Zero   RW          320    .bss.clib_mutex_cb  clib_os.o
    0x20000234        -       0x00000014   Zero   RW          319    .bss.clib_mutex_id  clib_os.o
    0x20000248        -       0x00000008   Zero   RW           25    .bss.lcdDisplay     main.o
    0x20000250   0x00007bbc   0x00000030   PAD
    0x20000280        -       0x000004a4   Zero   RW          577    .bss.noinit         eventrecorder.o
    0x20000724        -       0x00000050   Zero   RW         1796    .bss.prvCheckForValidListAndQueue.ucStaticTimerQueueStorage  timers.o
    0x20000774        -       0x00000050   Zero   RW         1795    .bss.prvCheckForValidListAndQueue.xStaticTimerQueue  timers.o
    0x200007c4        -       0x00000004   Zero   RW         1792    .bss.prvSampleTimeNow.xLastTime  timers.o
    0x200007c8        -       0x00000004   Zero   RW         1689    .bss.pxCurrentTCB   tasks_1.o
    0x200007cc        -       0x00000004   Zero   RW         1790    .bss.pxCurrentTimerList  timers.o
    0x200007d0        -       0x00000004   Zero   RW         1696    .bss.pxDelayedTaskList  tasks_1.o
    0x200007d4        -       0x00000004   Zero   RW         1442    .bss.pxEnd          heap_4.o
    0x200007d8        -       0x00000004   Zero   RW         1697    .bss.pxOverflowDelayedTaskList  tasks_1.o
    0x200007dc        -       0x00000004   Zero   RW         1791    .bss.pxOverflowTimerList  timers.o
    0x200007e0        -       0x00000460   Zero   RW         1700    .bss.pxReadyTasksLists  tasks_1.o
    0x20000c40        -       0x00002000   Zero   RW         1448    .bss.ucHeap         heap_4.o
    0x20002c40        -       0x00000004   Zero   RW         1694    .bss.uxCurrentNumberOfTasks  tasks_1.o
    0x20002c44        -       0x00000004   Zero   RW         1693    .bss.uxDeletedTasksWaitingCleanUp  tasks_1.o
    0x20002c48        -       0x00000004   Zero   RW         1702    .bss.uxSchedulerSuspended  tasks_1.o
    0x20002c4c        -       0x00000004   Zero   RW         1690    .bss.uxTaskNumber   tasks_1.o
    0x20002c50        -       0x00000004   Zero   RW         1701    .bss.uxTopReadyPriority  tasks_1.o
    0x20002c54        -       0x00000200   Zero   RW         1710    .bss.vApplicationGetIdleTaskMemory.uxIdleTaskStack  tasks_1.o
    0x20002e54        -       0x0000005c   Zero   RW         1709    .bss.vApplicationGetIdleTaskMemory.xIdleTaskTCB  tasks_1.o
    0x20002eb0        -       0x00000140   Zero   RW         1712    .bss.vApplicationGetTimerTaskMemory.uxTimerTaskStack  tasks_1.o
    0x20002ff0        -       0x0000005c   Zero   RW         1711    .bss.vApplicationGetTimerTaskMemory.xTimerTaskTCB  tasks_1.o
    0x2000304c        -       0x00000014   Zero   RW         1793    .bss.xActiveTimerList1  timers.o
    0x20003060        -       0x00000014   Zero   RW         1794    .bss.xActiveTimerList2  timers.o
    0x20003074        -       0x00000004   Zero   RW           23    .bss.xAlert         main.o
    0x20003078        -       0x00000004   Zero   RW           24    .bss.xBinarySemaphore  main.o
    0x2000307c        -       0x00000014   Zero   RW         1713    .bss.xDelayedTaskList1  tasks_1.o
    0x20003090        -       0x00000014   Zero   RW         1714    .bss.xDelayedTaskList2  tasks_1.o
    0x200030a4        -       0x00000004   Zero   RW           22    .bss.xDisplay       main.o
    0x200030a8        -       0x00000004   Zero   RW         1443    .bss.xFreeBytesRemaining  heap_4.o
    0x200030ac        -       0x00000004   Zero   RW         1705    .bss.xIdleTaskHandles  tasks_1.o
    0x200030b0        -       0x00000004   Zero   RW         1445    .bss.xMinimumEverFreeBytesRemaining  heap_4.o
    0x200030b4        -       0x00000004   Zero   RW         1704    .bss.xNextTaskUnblockTime  tasks_1.o
    0x200030b8        -       0x00000004   Zero   RW         1708    .bss.xNumOfOverflows  tasks_1.o
    0x200030bc        -       0x00000004   Zero   RW         1446    .bss.xNumberOfSuccessfulAllocations  heap_4.o
    0x200030c0        -       0x00000004   Zero   RW         1447    .bss.xNumberOfSuccessfulFrees  heap_4.o
    0x200030c4        -       0x00000004   Zero   RW         1707    .bss.xPendedTicks   tasks_1.o
    0x200030c8        -       0x00000014   Zero   RW         1698    .bss.xPendingReadyList  tasks_1.o
    0x200030dc        -       0x00000004   Zero   RW         1691    .bss.xSchedulerRunning  tasks_1.o
    0x200030e0        -       0x00000008   Zero   RW         1444    .bss.xStart         heap_4.o
    0x200030e8        -       0x00000014   Zero   RW         1699    .bss.xSuspendedTaskList  tasks_1.o
    0x200030fc        -       0x00000014   Zero   RW         1692    .bss.xTasksWaitingTermination  tasks_1.o
    0x20003110        -       0x00000004   Zero   RW         1695    .bss.xTickCount     tasks_1.o
    0x20003114        -       0x00000004   Zero   RW         1787    .bss.xTimerQueue    timers.o
    0x20003118        -       0x00000004   Zero   RW         1789    .bss.xTimerTaskHandle  timers.o
    0x2000311c        -       0x00000004   Zero   RW         1703    .bss.xYieldPendings  tasks_1.o
    0x20003120        -       0x00000000   Zero   RW          623    HEAP                startup_tm4c123.o
    0x20003120        -       0x00000200   Zero   RW          622    STACK               startup_tm4c123.o


==============================================================================

Image component sizes


      Code (inc. data)   RO Data    RW Data    ZI Data      Debug   Object Name

       212          0          0          0          0       7150   adc1.o
       430          0          0          0        420       4309   clib_os.o
        40          0          0          0          0      29876   cmsis_os2.o
       328          0         73          0          0       2067   display.o
        70          0          0          0          0        602   doors.o
      1882          0         24          0       1189       8888   eventrecorder.o
      2024          0          0          0          1      52509   freertos_evr.o
       960          0          0          0       8220       4525   heap_4.o
       194          0          0          0          0        775   i2c.o
        70          0          0          0          0        601   iginitionswitch.o
       720          0          0          0          0       3858   lcd.o
       238          0          0          0          0       2336   list.o
        70          0          0          0          0        537   lock.o
       806          0         19          0         20       6115   main.o
       652         16          0          4          0       2943   port.o
         8          0          0          0          0        710   potentiometer.o
        94          0          0          0          0        573   pushbutton.o
      2786          0          0          0          0      14875   queue.o
       276         24        620          0        512       5496   startup_tm4c123.o
       268          0          0          4          0       6794   system_tm4c123.o
      6018          0          9          0       2296      28401   tasks_1.o
       262          0          0          0          0       1118   timer0.o
       238          0          0          0          0       6111   timer1.o
      1286         10          8          0        220      11631   timers.o
        60          0          0          0          1       7518   uart5.o
       130          0          0          0          0       6728   ultrasonic.o

    ----------------------------------------------------------------------
     20398         50        788          8      12928     217046   Object Totals
         0          0         32          0          0          0   (incl. Generated)
       276          0          3          0         49          0   (incl. Padding)

    ----------------------------------------------------------------------

      Code (inc. data)   RO Data    RW Data    ZI Data      Debug   Library Member Name

         8          0          0          0          0         68   __main.o
       392          4         17          0          0         92   __printf_flags_ss_wp.o
        14          0          0          0          0         68   __printf_wp.o
         0          0          0          0          0          0   __rtentry.o
        20          0          0          0          0          0   __rtentry2.o
         6          0          0          0          0          0   __rtentry4.o
        52          8          0          0          0          0   __scatter.o
        26          0          0          0          0          0   __scatter_copy.o
        28          0          0          0          0          0   __scatter_zi.o
        72          0          0          0          0         96   _c16rtomb.o
         6          0          0          0          0          0   _printf_a.o
         6          0          0          0          0          0   _printf_c.o
        44          0          0          0          0        108   _printf_char.o
        48          6          0          0          0         96   _printf_char_common.o
        40          0          0          0          0         68   _printf_charcount.o
         6          0          0          0          0          0   _printf_d.o
       120         16          0          0          0         92   _printf_dec.o
         6          0          0          0          0          0   _printf_e.o
         6          0          0          0          0          0   _printf_f.o
      1052          0          0          0          0        148   _printf_fp_dec.o
       764          8         38          0          0        100   _printf_fp_hex.o
       128         16          0          0          0         84   _printf_fp_infnan.o
         6          0          0          0          0          0   _printf_g.o
       148          4         40          0          0        160   _printf_hex_int_ll_ptr.o
         6          0          0          0          0          0   _printf_i.o
       178          0          0          0          0         88   _printf_intcommon.o
        10          0          0          0          0          0   _printf_l.o
         6          0          0          0          0          0   _printf_lc.o
        10          0          0          0          0          0   _printf_ll.o
         6          0          0          0          0          0   _printf_lld.o
         6          0          0          0          0          0   _printf_lli.o
         6          0          0          0          0          0   _printf_llo.o
         6          0          0          0          0          0   _printf_llu.o
         6          0          0          0          0          0   _printf_llx.o
       124         16          0          0          0         92   _printf_longlong_dec.o
         6          0          0          0          0          0   _printf_ls.o
         6          0          0          0          0          0   _printf_n.o
         6          0          0          0          0          0   _printf_o.o
       112          8          0          0          0        124   _printf_oct_int_ll.o
         6          0          0          0          0          0   _printf_p.o
        78          0          0          0          0        108   _printf_pad.o
         0          0          0          0          0          0   _printf_percent.o
         4          0          0          0          0          0   _printf_percent_end.o
         6          0          0          0          0          0   _printf_s.o
        82          0          0          0          0         80   _printf_str.o
        36          0          0          0          0         84   _printf_truncate.o
         6          0          0          0          0          0   _printf_u.o
        44          0          0          0          0        108   _printf_wchar.o
       188          6          8          0          0         92   _printf_wctomb.o
         6          0          0          0          0          0   _printf_x.o
        10          0          0          0          0         68   _sputc.o
        16          0          0          0          0         68   aeabi_memset4.o
       228          4        148          0          0         96   bigflt0.o
      1936        128          0          0          0        668   btod.o
        18          0          0          0          0         80   exit.o
         6          0          0          0          0        152   heapauxi.o
         0          0          0          0          0          0   indicate_semi.o
        44         10        272          0          0         76   lc_ctype_c.o
        44         10         28          0          0         76   lc_numeric_c.o
         2          0          0          0          0          0   libinit.o
        34          0          0          0          0          0   libinit2.o
         2          0          0          0          0          0   libshutdown.o
         2          0          0          0          0          0   libshutdown2.o
         8          4          0          0         96         68   libspace.o
       138          0          0          0          0         80   lludiv10.o
        16          4          0          0          0         76   rt_ctype_table.o
        10          0          0          0          0         76   rt_locale_twolibspace.o
        68          0          0          0          0         68   rt_memclr.o
        78          0          0          0          0         80   rt_memclr_w.o
       138          0          0          0          0         68   rt_memcpy_v6.o
       100          0          0          0          0         80   rt_memcpy_w.o
         2          0          0          0          0          0   rtexit.o
        10          0          0          0          0          0   rtexit2.o
        44          6          0          0          0         84   sprintf.o
       124          0          0          0          0         88   strcmpv7em.o
        62          0          0          0          0         76   strlen.o
        12          4          0          0          0         68   sys_exit.o
        74          0          0          0          0         80   sys_stackheap_outer.o
         2          0          0          0          0         68   use_no_semi.o
       594         22        552          0          0      10217   gpio.o
       112         12          0          0          0       3481   i2c.o
       778         66        596          0          0       5499   sysctl.o
        10          0          0          0          0        516   timer.o
        26          0          0          0          0        116   fpinit.o
         4          0          0          0          0        116   printf1.o
         4          0          0          0          0        116   printf2.o
         0          0          0          0          0          0   usenofp.o
        48          0          0          0          0        124   fpclassify.o

    ----------------------------------------------------------------------
      8782        362       1700          0         96      24485   Library Totals
        30          0          1          0          0          0   (incl. Padding)

    ----------------------------------------------------------------------

      Code (inc. data)   RO Data    RW Data    ZI Data      Debug   Library Name

      7176        262        551          0         96       4300   c_w.l
      1494        100       1148          0          0      19713   driverlib.lib
        34          0          0          0          0        348   fz_wm.l
        48          0          0          0          0        124   m_wm.l

    ----------------------------------------------------------------------
      8782        362       1700          0         96      24485   Library Totals

    ----------------------------------------------------------------------

==============================================================================


      Code (inc. data)   RO Data    RW Data    ZI Data      Debug   

     29180        412       2488          8      13024     237011   Grand Totals
     29180        412       2488          8      13024     237011   ELF Image Totals
     29180        412       2488          8          0          0   ROM Totals

==============================================================================

    Total RO  Size (Code + RO Data)                31668 (  30.93kB)
    Total RW  Size (RW Data + ZI Data)             13032 (  12.73kB)
    Total ROM Size (Code + RO Data + RW Data)      31676 (  30.93kB)

==============================================================================

